

  EnhancedPairingManager
    initialization
      ✔ should initialize with correct properties
      ✔ should start processing interval (102ms)
    addToQueue()
      ✔ should add user to queue successfully
      1) should emit queueStatus event after adding user
      ✔ should not add duplicate user
      2) should reject invalid userId
    removeFromQueue()
      ✔ should remove user from queue
      ✔ should handle removing non-existent user
      3) should release lock if user was locked
    processQueue()
      ✔ should process empty queue without errors (51ms)
      ✔ should not pair single user (53ms)
      4) should attempt pairing for compatible users
    getMetrics()
      ✔ should return correct metrics structure
      ✔ should update metrics after operations
    stop()
      ✔ should stop processing queue (59ms)
      5) should clear queue on stop
    filter level progression
      ✔ should update filter level after timeout (151ms)
    concurrent pairing prevention
      ✔ should not pair locked users (101ms)
    metrics tracking
      ✔ should track pairing attempts
      ✔ should track successful pairings by level (102ms)
    stress test
[37mUSERLVL[39m [18:07:45]: [36m❌ ERROR | Cannot add user to queue - user not found[39m
    [35mcategory[39m: "❌ ERROR"
    error: "[object Object]"
      ✔ should handle 50 users efficiently (502ms)

  PairingLogger
    queue()
      ✔ should log queue messages with correct category
      ✔ should include additional metadata fields
    pairing()
      ✔ should log pairing messages with correct category
    socket()
      ✔ should log socket messages with correct category
    error()
      6) should log errors with ERROR level
    metrics()
      ✔ should log metrics with correct category
    log levels
      ✔ should respect INFO level
      ✔ should filter out INFO when level is ERROR
      ✔ should allow ERROR when level is ERROR
    data formatting
      ✔ should handle null data
(node:33539) MaxListenersExceededWarning: Possible EventEmitter memory leak detected. 11 exit listeners added to [process]. MaxListeners is 10. Use emitter.setMaxListeners() to increase limit
(Use `node --trace-warnings ...` to show where the warning was created)
      ✔ should handle complex nested data

  PairingQueue
    enqueue()
      ✔ should add user to queue
      ✔ should not add duplicate users
      ✔ should update preferences for existing user
      ✔ should initialize wait time and attempts
    dequeue()
      ✔ should return null when queue is empty
      ✔ should remove and return user from queue
      ✔ should dequeue based on priority (wait time)
      ✔ should dequeue based on filter level priority
    remove()
      ✔ should remove specific user from queue
      ✔ should return false for non-existent user
    contains()
      ✔ should return true for user in queue
      ✔ should return false for user not in queue
    getUser()
      ✔ should return user data
      ✔ should return null for non-existent user
    getPosition()
      ✔ should return correct position in queue
      ✔ should return -1 for non-existent user
      ✔ should update positions after dequeue
    getAllUsers()
      ✔ should return all users in priority order
      ✔ should return empty array when queue is empty
    incrementPairingAttempts()
      ✔ should increment pairing attempts for user
      ✔ should do nothing for non-existent user
    updateFilterLevel()
      ✔ should update filter level for user
      ✔ should update priority when filter level changes
      ✔ should do nothing for non-existent user
    getWaitTime()
      ✔ should return correct wait time in seconds
      ✔ should return 0 for non-existent user
    getStats()
[37mMETRICS[39m [18:07:46]: [36m🔄 QUEUE | User added to queue[39m
    [35mcategory[39m: "🔄 QUEUE"
    [35muserMID[39m: "user1"
    [35mposition[39m: 1
    [35mqueueSize[39m: 1
    [35mfilterLevel[39m: 1
    [35mpriority[39m: 1000
      ✔ should return correct statistics
      ✔ should return zeros for empty queue
    size() and isEmpty()
      ✔ should return correct size
      ✔ should correctly report empty state
    priority ordering
[37mMETRICS[39m [18:07:46]: [36m🔄 QUEUE | User added to queue[39m
    [35mcategory[39m: "🔄 QUEUE"
    [35muserMID[39m: "user1"
    [35mposition[39m: 1
    [35mqueueSize[39m: 1
    [35mfilterLevel[39m: 1
    [35mpriority[39m: 1000
[33mWARNING[39m [18:07:46]: [36m⚠️  WARNING | User already in queue, updating entry[39m
    [35mcategory[39m: "⚠️  WARNING"
    [35muserMID[39m: "user1"
[37mMETRICS[39m [18:07:46]: [36m🔄 QUEUE | User added to queue[39m
    [35mcategory[39m: "🔄 QUEUE"
    [35muserMID[39m: "user1"
    [35mposition[39m: 1
    [35mqueueSize[39m: 1
    [35mfilterLevel[39m: 1
    [35mpriority[39m: 1000
[37mMETRICS[39m [18:07:46]: [36m🔄 QUEUE | User added to queue[39m
    [35mcategory[39m: "🔄 QUEUE"
    [35muserMID[39m: "user1"
    [35mposition[39m: 1
    [35mqueueSize[39m: 1
    [35mfilterLevel[39m: 1
    [35mpriority[39m: 1000
[33mWARNING[39m [18:07:46]: [36m⚠️  WARNING | User already in queue, updating entry[39m
    [35mcategory[39m: "⚠️  WARNING"
    [35muserMID[39m: "user1"
[37mMETRICS[39m [18:07:46]: [36m🔄 QUEUE | User added to queue[39m
    [35mcategory[39m: "🔄 QUEUE"
    [35muserMID[39m: "user1"
    [35mposition[39m: 1
    [35mqueueSize[39m: 1
    [35mfilterLevel[39m: 1
    [35mpriority[39m: 1000
[37mMETRICS[39m [18:07:46]: [36m🔄 QUEUE | User added to queue[39m
    [35mcategory[39m: "🔄 QUEUE"
    [35muserMID[39m: "user1"
    [35mposition[39m: 1
    [35mqueueSize[39m: 1
    [35mfilterLevel[39m: 1
    [35mpriority[39m: 1000
[37mMETRICS[39m [18:07:46]: [36m🔄 QUEUE | User added to queue[39m
    [35mcategory[39m: "🔄 QUEUE"
    [35muserMID[39m: "user1"
    [35mposition[39m: 1
    [35mqueueSize[39m: 1
    [35mfilterLevel[39m: 1
    [35mpriority[39m: 1000
[37mMETRICS[39m [18:07:46]: [36m🔄 QUEUE | User added to queue[39m
    [35mcategory[39m: "🔄 QUEUE"
    [35muserMID[39m: "user1"
    [35mposition[39m: 1
    [35mqueueSize[39m: 1
    [35mfilterLevel[39m: 1
    [35mpriority[39m: 1000
[37mMETRICS[39m [18:07:46]: [36m🔄 QUEUE | User added to queue[39m
    [35mcategory[39m: "🔄 QUEUE"
    [35muserMID[39m: "user2"
    [35mposition[39m: 2
    [35mqueueSize[39m: 2
    [35mfilterLevel[39m: 1
    [35mpriority[39m: 1000
[37mMETRICS[39m [18:07:46]: [36m🔄 QUEUE | User added to queue[39m
    [35mcategory[39m: "🔄 QUEUE"
    [35muserMID[39m: "user1"
    [35mposition[39m: 1
    [35mqueueSize[39m: 1
    [35mfilterLevel[39m: 1
    [35mpriority[39m: 1000
[37mMETRICS[39m [18:07:46]: [36m🔄 QUEUE | User added to queue[39m
    [35mcategory[39m: "🔄 QUEUE"
    [35muserMID[39m: "user2"
    [35mposition[39m: 2
    [35mqueueSize[39m: 2
    [35mfilterLevel[39m: 1
    [35mpriority[39m: 1000
[37mMETRICS[39m [18:07:46]: [36m🔄 QUEUE | Filter level updated[39m
    [35mcategory[39m: "🔄 QUEUE"
    [35muserMID[39m: "user2"
    [35moldLevel[39m: 1
    [35mnewLevel[39m: 2
    [35mnewPriority[39m: 2000
    [35mposition[39m: 1
[37mMETRICS[39m [18:07:46]: [36m🔄 QUEUE | User added to queue[39m
    [35mcategory[39m: "🔄 QUEUE"
    [35muserMID[39m: "user1"
    [35mposition[39m: 1
    [35mqueueSize[39m: 1
    [35mfilterLevel[39m: 1
    [35mpriority[39m: 1000
[37mMETRICS[39m [18:07:46]: [36m🔄 QUEUE | User added to queue[39m
    [35mcategory[39m: "🔄 QUEUE"
    [35muserMID[39m: "user2"
    [35mposition[39m: 2
    [35mqueueSize[39m: 2
    [35mfilterLevel[39m: 1
    [35mpriority[39m: 1000
[37mMETRICS[39m [18:07:46]: [36m🔄 QUEUE | User removed from queue[39m
    [35mcategory[39m: "🔄 QUEUE"
    [35muserMID[39m: "user1"
    [35mwaitTime[39m: 1
    [35mattempts[39m: 0
    [35mremainingQueueSize[39m: 1
[37mMETRICS[39m [18:07:46]: [36m🔄 QUEUE | User added to queue[39m
    [35mcategory[39m: "🔄 QUEUE"
    [35muserMID[39m: "user1"
    [35mposition[39m: 1
    [35mqueueSize[39m: 1
    [35mfilterLevel[39m: 1
    [35mpriority[39m: 1000
[37mMETRICS[39m [18:07:46]: [36m🔄 QUEUE | User added to queue[39m
    [35mcategory[39m: "🔄 QUEUE"
    [35muserMID[39m: "user1"
    [35mposition[39m: 1
    [35mqueueSize[39m: 1
    [35mfilterLevel[39m: 1
    [35mpriority[39m: 1000
[37mMETRICS[39m [18:07:46]: [36m🔄 QUEUE | User added to queue[39m
    [35mcategory[39m: "🔄 QUEUE"
    [35muserMID[39m: "user1"
    [35mposition[39m: 1
    [35mqueueSize[39m: 1
    [35mfilterLevel[39m: 1
    [35mpriority[39m: 1000
[37mMETRICS[39m [18:07:46]: [36m🔄 QUEUE | User added to queue[39m
    [35mcategory[39m: "🔄 QUEUE"
    [35muserMID[39m: "user2"
    [35mposition[39m: 2
    [35mqueueSize[39m: 2
    [35mfilterLevel[39m: 1
    [35mpriority[39m: 1000
[37mMETRICS[39m [18:07:46]: [36m🔄 QUEUE | User added to queue[39m
    [35mcategory[39m: "🔄 QUEUE"
    [35muserMID[39m: "user3"
    [35mposition[39m: 3
    [35mqueueSize[39m: 3
    [35mfilterLevel[39m: 1
    [35mpriority[39m: 1000
[37mMETRICS[39m [18:07:46]: [36m🔄 QUEUE | User added to queue[39m
    [35mcategory[39m: "🔄 QUEUE"
    [35muserMID[39m: "user1"
    [35mposition[39m: 1
    [35mqueueSize[39m: 1
    [35mfilterLevel[39m: 1
    [35mpriority[39m: 1000
[37mMETRICS[39m [18:07:46]: [36m🔄 QUEUE | User added to queue[39m
    [35mcategory[39m: "🔄 QUEUE"
    [35muserMID[39m: "user2"
    [35mposition[39m: 2
    [35mqueueSize[39m: 2
    [35mfilterLevel[39m: 1
    [35mpriority[39m: 1000
[37mMETRICS[39m [18:07:46]: [36m🔄 QUEUE | User added to queue[39m
    [35mcategory[39m: "🔄 QUEUE"
    [35muserMID[39m: "user1"
    [35mposition[39m: 1
    [35mqueueSize[39m: 1
    [35mfilterLevel[39m: 1
    [35mpriority[39m: 1000
[37mMETRICS[39m [18:07:46]: [36m🔄 QUEUE | User added to queue[39m
    [35mcategory[39m: "🔄 QUEUE"
    [35muserMID[39m: "user2"
    [35mposition[39m: 2
    [35mqueueSize[39m: 2
    [35mfilterLevel[39m: 1
    [35mpriority[39m: 1000
[37mMETRICS[39m [18:07:46]: [36m🔄 QUEUE | User added to queue[39m
    [35mcategory[39m: "🔄 QUEUE"
    [35muserMID[39m: "user3"
    [35mposition[39m: 3
    [35mqueueSize[39m: 3
    [35mfilterLevel[39m: 1
    [35mpriority[39m: 1000
[37mMETRICS[39m [18:07:46]: [36m🔄 QUEUE | User added to queue[39m
    [35mcategory[39m: "🔄 QUEUE"
    [35muserMID[39m: "user1"
    [35mposition[39m: 1
    [35mqueueSize[39m: 1
    [35mfilterLevel[39m: 1
    [35mpriority[39m: 1000
[37mMETRICS[39m [18:07:46]: [36m🔄 QUEUE | User added to queue[39m
    [35mcategory[39m: "🔄 QUEUE"
    [35muserMID[39m: "user1"
    [35mposition[39m: 1
    [35mqueueSize[39m: 1
    [35mfilterLevel[39m: 1
    [35mpriority[39m: 1000
[37mMETRICS[39m [18:07:46]: [36m🔄 QUEUE | Filter level updated[39m
    [35mcategory[39m: "🔄 QUEUE"
    [35muserMID[39m: "user1"
    [35moldLevel[39m: 1
    [35mnewLevel[39m: 2
    [35mnewPriority[39m: 2000
    [35mposition[39m: 1
[37mMETRICS[39m [18:07:46]: [36m🔄 QUEUE | User added to queue[39m
    [35mcategory[39m: "🔄 QUEUE"
    [35muserMID[39m: "user1"
    [35mposition[39m: 1
    [35mqueueSize[39m: 1
    [35mfilterLevel[39m: 1
    [35mpriority[39m: 1000
[37mMETRICS[39m [18:07:46]: [36m🔄 QUEUE | User added to queue[39m
    [35mcategory[39m: "🔄 QUEUE"
    [35muserMID[39m: "user2"
    [35mposition[39m: 2
    [35mqueueSize[39m: 2
    [35mfilterLevel[39m: 1
    [35mpriority[39m: 1000
[37mMETRICS[39m [18:07:46]: [36m🔄 QUEUE | Filter level updated[39m
    [35mcategory[39m: "🔄 QUEUE"
    [35muserMID[39m: "user2"
    [35moldLevel[39m: 1
    [35mnewLevel[39m: 3
    [35mnewPriority[39m: 3000
    [35mposition[39m: 1
[37mMETRICS[39m [18:07:46]: [36m🔄 QUEUE | User added to queue[39m
    [35mcategory[39m: "🔄 QUEUE"
    [35muserMID[39m: "user1"
    [35mposition[39m: 1
    [35mqueueSize[39m: 1
    [35mfilterLevel[39m: 1
    [35mpriority[39m: 2500
[37mMETRICS[39m [18:07:46]: [36m🔄 QUEUE | User added to queue[39m
    [35mcategory[39m: "🔄 QUEUE"
    [35muserMID[39m: "user1"
    [35mposition[39m: 1
    [35mqueueSize[39m: 1
    [35mfilterLevel[39m: 1
    [35mpriority[39m: 61000
[37mMETRICS[39m [18:07:46]: [36m🔄 QUEUE | User added to queue[39m
    [35mcategory[39m: "🔄 QUEUE"
    [35muserMID[39m: "user2"
    [35mposition[39m: 2
    [35mqueueSize[39m: 2
    [35mfilterLevel[39m: 1
    [35mpriority[39m: 31000
[37mMETRICS[39m [18:07:46]: [36m🔄 QUEUE | User added to queue[39m
    [35mcategory[39m: "🔄 QUEUE"
    [35muserMID[39m: "user3"
    [35mposition[39m: 3
    [35mqueueSize[39m: 3
    [35mfilterLevel[39m: 1
    [35mpriority[39m: 11000
[37mMETRICS[39m [18:07:46]: [36m🔄 QUEUE | User added to queue[39m
    [35mcategory[39m: "🔄 QUEUE"
    [35muserMID[39m: "user1"
    [35mposition[39m: 1
    [35mqueueSize[39m: 1
    [35mfilterLevel[39m: 1
    [35mpriority[39m: 1000
[37mMETRICS[39m [18:07:46]: [36m🔄 QUEUE | User added to queue[39m
    [35mcategory[39m: "🔄 QUEUE"
    [35muserMID[39m: "user2"
    [35mposition[39m: 2
    [35mqueueSize[39m: 2
    [35mfilterLevel[39m: 1
    [35mpriority[39m: 1000
[37mMETRICS[39m [18:07:46]: [36m🔄 QUEUE | User added to queue[39m
    [35mcategory[39m: "🔄 QUEUE"
    [35muserMID[39m: "user1"
    [35mposition[39m: 1
    [35mqueueSize[39m: 1
    [35mfilterLevel[39m: 1
    [35mpriority[39m: 1000
[37mMETRICS[39m [18:07:46]: [36m🔄 QUEUE | User added to queue[39m
    [35mcategory[39m: "🔄 QUEUE"
    [35muserMID[39m: "user1"
    [35mposition[39m: 1
    [35mqueueSize[39m: 1
    [35mfilterLevel[39m: 1
    [35mpriority[39m: 1000
      ✔ should prioritize by filter level then wait time
[37mMETRICS[39m [18:07:46]: [36m🔄 QUEUE | User added to queue[39m
    [35mcategory[39m: "🔄 QUEUE"
    [35muserMID[39m: "user2"
    [35mposition[39m: 2
    [35mqueueSize[39m: 2
    [35mfilterLevel[39m: 1
    [35mpriority[39m: 1000
[37mMETRICS[39m [18:07:46]: [36m🔄 QUEUE | Filter level updated[39m
    [35mcategory[39m: "🔄 QUEUE"
    [35muserMID[39m: "user2"
    [35moldLevel[39m: 1
    [35mnewLevel[39m: 2
    [35mnewPriority[39m: 2000
    [35mposition[39m: 1
[37mMETRICS[39m [18:07:46]: [36m🔄 QUEUE | User added to queue[39m
    [35mcategory[39m: "🔄 QUEUE"
    [35muserMID[39m: "user1"
    [35mposition[39m: 1
    [35mqueueSize[39m: 1
    [35mfilterLevel[39m: 1
    [35mpriority[39m: 1000
      ✔ should prioritize by wait time when filter levels are equal
    clear()
      ✔ should remove all users from queue
    stress test
[37mMETRICS[39m [18:07:46]: [36m🔄 QUEUE | User added to queue[39m
    [35mcategory[39m: "🔄 QUEUE"
    [35muserMID[39m: "user2"
    [35mposition[39m: 2
    [35mqueueSize[39m: 2
    [35mfilterLevel[39m: 1
    [35mpriority[39m: 1000
[37mMETRICS[39m [18:07:46]: [36m🔄 QUEUE | User added to queue[39m
    [35mcategory[39m: "🔄 QUEUE"
    [35muserMID[39m: "user1"
    [35mposition[39m: 1
    [35mqueueSize[39m: 1
    [35mfilterLevel[39m: 1
    [35mpriority[39m: 1000
[37mMETRICS[39m [18:07:46]: [36m🔄 QUEUE | User added to queue[39m
    [35mcategory[39m: "🔄 QUEUE"
    [35muserMID[39m: "user2"
    [35mposition[39m: 2
    [35mqueueSize[39m: 2
    [35mfilterLevel[39m: 1
    [35mpriority[39m: 1000
[37mMETRICS[39m [18:07:46]: [36m🔄 QUEUE | User added to queue[39m
    [35mcategory[39m: "🔄 QUEUE"
    [35muserMID[39m: "user3"
    [35mposition[39m: 3
    [35mqueueSize[39m: 3
    [35mfilterLevel[39m: 1
    [35mpriority[39m: 1000
[33mWARNING[39m [18:07:46]: [36m⚠️  WARNING | Queue cleared[39m
    [35mcategory[39m: "⚠️  WARNING"
    [35mpreviousSize[39m: 3
      ✔ should handle 1000 users efficiently (38ms)

  AtomicLock
    tryAcquire()
      ✔ should successfully acquire lock for two users
      ✔ should fail if first user is already locked
[37mMETRICS[39m [18:07:46]: [36m🔄 QUEUE | User added to queue[39m
    [35mcategory[39m: "🔄 QUEUE"
    [35muserMID[39m: "user0"
    [35mposition[39m: 1
    [35mqueueSize[39m: 1
    [35mfilterLevel[39m: 1
    [35mpriority[39m: 1000
      ✔ should fail if second user is already locked
      ✔ should fail if both users are already locked
      ✔ should prevent race condition - same user paired twice
[37mMETRICS[39m [18:07:46]: [36m🔄 QUEUE | User added to queue[39m
    [35mcategory[39m: "🔄 QUEUE"
    [35muserMID[39m: "user1"
    [35mposition[39m: 2
    [35mqueueSize[39m: 2
    [35mfilterLevel[39m: 1
    [35mpriority[39m: 1000
[37mMETRICS[39m [18:07:46]: [36m🔄 QUEUE | User added to queue[39m
    [35mcategory[39m: "🔄 QUEUE"
    [35muserMID[39m: "user2"
    [35mposition[39m: 3
    [35mqueueSize[39m: 3
    [35mfilterLevel[39m: 1
    [35mpriority[39m: 1000
[37mMETRICS[39m [18:07:46]: [36m🔄 QUEUE | User added to queue[39m
    [35mcategory[39m: "🔄 QUEUE"
    [35muserMID[39m: "user3"
    [35mposition[39m: 4
    [35mqueueSize[39m: 4
    [35mfilterLevel[39m: 1
    [35mpriority[39m: 1000
[37mMETRICS[39m [18:07:46]: [36m🔄 QUEUE | User added to queue[39m
    [35mcategory[39m: "🔄 QUEUE"
    [35muserMID[39m: "user4"
    [35mposition[39m: 5
    [35mqueueSize[39m: 5
    [35mfilterLevel[39m: 1
    [35mpriority[39m: 1000
[37mMETRICS[39m [18:07:46]: [36m🔄 QUEUE | User added to queue[39m
    [35mcategory[39m: "🔄 QUEUE"
    [35muserMID[39m: "user5"
    [35mposition[39m: 6
    [35mqueueSize[39m: 6
    [35mfilterLevel[39m: 1
    [35mpriority[39m: 1000
[37mMETRICS[39m [18:07:46]: [36m🔄 QUEUE | User added to queue[39m
    [35mcategory[39m: "🔄 QUEUE"
    [35muserMID[39m: "user6"
    [35mposition[39m: 7
    [35mqueueSize[39m: 7
    [35mfilterLevel[39m: 1
    [35mpriority[39m: 1000
[37mMETRICS[39m [18:07:46]: [36m🔄 QUEUE | User added to queue[39m
    [35mcategory[39m: "🔄 QUEUE"
    [35muserMID[39m: "user7"
    [35mposition[39m: 8
    [35mqueueSize[39m: 8
    [35mfilterLevel[39m: 1
    [35mpriority[39m: 1000
[37mMETRICS[39m [18:07:46]: [36m🔄 QUEUE | User added to queue[39m
    [35mcategory[39m: "🔄 QUEUE"
    [35muserMID[39m: "user8"
    [35mposition[39m: 9
    [35mqueueSize[39m: 9
    [35mfilterLevel[39m: 1
    [35mpriority[39m: 1000
[37mMETRICS[39m [18:07:46]: [36m🔄 QUEUE | User added to queue[39m
    [35mcategory[39m: "🔄 QUEUE"
    [35muserMID[39m: "user9"
    [35mposition[39m: 10
    [35mqueueSize[39m: 10
    [35mfilterLevel[39m: 1
    [35mpriority[39m: 1000
[37mMETRICS[39m [18:07:46]: [36m🔄 QUEUE | User added to queue[39m
    [35mcategory[39m: "🔄 QUEUE"
    [35muserMID[39m: "user10"
    [35mposition[39m: 11
    [35mqueueSize[39m: 11
    [35mfilterLevel[39m: 1
    [35mpriority[39m: 1000
[37mMETRICS[39m [18:07:46]: [36m🔄 QUEUE | User added to queue[39m
    [35mcategory[39m: "🔄 QUEUE"
    [35muserMID[39m: "user11"
    [35mposition[39m: 12
    [35mqueueSize[39m: 12
    [35mfilterLevel[39m: 1
    [35mpriority[39m: 1000
[37mMETRICS[39m [18:07:46]: [36m🔄 QUEUE | User added to queue[39m
    [35mcategory[39m: "🔄 QUEUE"
    [35muserMID[39m: "user12"
    [35mposition[39m: 13
    [35mqueueSize[39m: 13
    [35mfilterLevel[39m: 1
    [35mpriority[39m: 1000
[37mMETRICS[39m [18:07:46]: [36m🔄 QUEUE | User added to queue[39m
    [35mcategory[39m: "🔄 QUEUE"
    [35muserMID[39m: "user13"
    [35mposition[39m: 14
    [35mqueueSize[39m: 14
    [35mfilterLevel[39m: 1
    [35mpriority[39m: 1000
[37mMETRICS[39m [18:07:46]: [36m🔄 QUEUE | User added to queue[39m
    [35mcategory[39m: "🔄 QUEUE"
    [35muserMID[39m: "user14"
    [35mposition[39m: 15
    [35mqueueSize[39m: 15
    [35mfilterLevel[39m: 1
    [35mpriority[39m: 1000
[37mMETRICS[39m [18:07:46]: [36m🔄 QUEUE | User added to queue[39m
    [35mcategory[39m: "🔄 QUEUE"
    [35muserMID[39m: "user15"
    [35mposition[39m: 16
    [35mqueueSize[39m: 16
    [35mfilterLevel[39m: 1
    [35mpriority[39m: 1000
[37mMETRICS[39m [18:07:46]: [36m🔄 QUEUE | User added to queue[39m
    [35mcategory[39m: "🔄 QUEUE"
    [35muserMID[39m: "user16"
    [35mposition[39m: 17
    [35mqueueSize[39m: 17
    [35mfilterLevel[39m: 1
    [35mpriority[39m: 1000
[37mMETRICS[39m [18:07:46]: [36m🔄 QUEUE | User added to queue[39m
    [35mcategory[39m: "🔄 QUEUE"
    [35muserMID[39m: "user17"
    [35mposition[39m: 18
    [35mqueueSize[39m: 18
    [35mfilterLevel[39m: 1
    [35mpriority[39m: 1000
[37mMETRICS[39m [18:07:46]: [36m🔄 QUEUE | User added to queue[39m
    [35mcategory[39m: "🔄 QUEUE"
    [35muserMID[39m: "user18"
    [35mposition[39m: 19
    [35mqueueSize[39m: 19
    [35mfilterLevel[39m: 1
    [35mpriority[39m: 1000
[37mMETRICS[39m [18:07:46]: [36m🔄 QUEUE | User added to queue[39m
    [35mcategory[39m: "🔄 QUEUE"
    [35muserMID[39m: "user19"
    [35mposition[39m: 20
    [35mqueueSize[39m: 20
    [35mfilterLevel[39m: 1
    [35mpriority[39m: 1000
[37mMETRICS[39m [18:07:46]: [36m🔄 QUEUE | User added to queue[39m
    [35mcategory[39m: "🔄 QUEUE"
    [35muserMID[39m: "user20"
    [35mposition[39m: 21
    [35mqueueSize[39m: 21
    [35mfilterLevel[39m: 1
    [35mpriority[39m: 1000
[37mMETRICS[39m [18:07:46]: [36m🔄 QUEUE | User added to queue[39m
    [35mcategory[39m: "🔄 QUEUE"
    [35muserMID[39m: "user21"
    [35mposition[39m: 22
    [35mqueueSize[39m: 22
    [35mfilterLevel[39m: 1
    [35mpriority[39m: 1000
[37mMETRICS[39m [18:07:46]: [36m🔄 QUEUE | User added to queue[39m
    [35mcategory[39m: "🔄 QUEUE"
    [35muserMID[39m: "user22"
    [35mposition[39m: 23
    [35mqueueSize[39m: 23
    [35mfilterLevel[39m: 1
    [35mpriority[39m: 1000
[37mMETRICS[39m [18:07:46]: [36m🔄 QUEUE | User added to queue[39m
    [35mcategory[39m: "🔄 QUEUE"
    [35muserMID[39m: "user23"
    [35mposition[39m: 24
    [35mqueueSize[39m: 24
    [35mfilterLevel[39m: 1
    [35mpriority[39m: 1000
[37mMETRICS[39m [18:07:46]: [36m🔄 QUEUE | User added to queue[39m
    [35mcategory[39m: "🔄 QUEUE"
    [35muserMID[39m: "user24"
    [35mposition[39m: 25
    [35mqueueSize[39m: 25
    [35mfilterLevel[39m: 1
    [35mpriority[39m: 1000
[37mMETRICS[39m [18:07:46]: [36m🔄 QUEUE | User added to queue[39m
    [35mcategory[39m: "🔄 QUEUE"
    [35muserMID[39m: "user25"
    [35mposition[39m: 26
    [35mqueueSize[39m: 26
    [35mfilterLevel[39m: 1
    [35mpriority[39m: 1000
[37mMETRICS[39m [18:07:46]: [36m🔄 QUEUE | User added to queue[39m
    [35mcategory[39m: "🔄 QUEUE"
    [35muserMID[39m: "user26"
    [35mposition[39m: 27
    [35mqueueSize[39m: 27
    [35mfilterLevel[39m: 1
    [35mpriority[39m: 1000
[37mMETRICS[39m [18:07:46]: [36m🔄 QUEUE | User added to queue[39m
    [35mcategory[39m: "🔄 QUEUE"
    [35muserMID[39m: "user27"
    [35mposition[39m: 28
    [35mqueueSize[39m: 28
    [35mfilterLevel[39m: 1
    [35mpriority[39m: 1000
[37mMETRICS[39m [18:07:46]: [36m🔄 QUEUE | User added to queue[39m
    [35mcategory[39m: "🔄 QUEUE"
    [35muserMID[39m: "user28"
    [35mposition[39m: 29
    [35mqueueSize[39m: 29
    [35mfilterLevel[39m: 1
    [35mpriority[39m: 1000
[37mMETRICS[39m [18:07:46]: [36m🔄 QUEUE | User added to queue[39m
    [35mcategory[39m: "🔄 QUEUE"
    [35muserMID[39m: "user29"
    [35mposition[39m: 30
    [35mqueueSize[39m: 30
    [35mfilterLevel[39m: 1
    [35mpriority[39m: 1000
[37mMETRICS[39m [18:07:46]: [36m🔄 QUEUE | User added to queue[39m
    [35mcategory[39m: "🔄 QUEUE"
    [35muserMID[39m: "user30"
    [35mposition[39m: 31
    [35mqueueSize[39m: 31
    [35mfilterLevel[39m: 1
    [35mpriority[39m: 1000
[37mMETRICS[39m [18:07:46]: [36m🔄 QUEUE | User added to queue[39m
    [35mcategory[39m: "🔄 QUEUE"
    [35muserMID[39m: "user31"
    [35mposition[39m: 32
    [35mqueueSize[39m: 32
    [35mfilterLevel[39m: 1
    [35mpriority[39m: 1000
[37mMETRICS[39m [18:07:46]: [36m🔄 QUEUE | User added to queue[39m
    [35mcategory[39m: "🔄 QUEUE"
    [35muserMID[39m: "user32"
    [35mposition[39m: 33
    [35mqueueSize[39m: 33
    [35mfilterLevel[39m: 1
    [35mpriority[39m: 1000
[37mMETRICS[39m [18:07:46]: [36m🔄 QUEUE | User added to queue[39m
    [35mcategory[39m: "🔄 QUEUE"
    [35muserMID[39m: "user33"
    [35mposition[39m: 34
    [35mqueueSize[39m: 34
    [35mfilterLevel[39m: 1
    [35mpriority[39m: 1000
[37mMETRICS[39m [18:07:46]: [36m🔄 QUEUE | User added to queue[39m
    [35mcategory[39m: "🔄 QUEUE"
    [35muserMID[39m: "user34"
    [35mposition[39m: 35
    [35mqueueSize[39m: 35
    [35mfilterLevel[39m: 1
    [35mpriority[39m: 1000
[37mMETRICS[39m [18:07:46]: [36m🔄 QUEUE | User added to queue[39m
    [35mcategory[39m: "🔄 QUEUE"
    [35muserMID[39m: "user35"
    [35mposition[39m: 36
    [35mqueueSize[39m: 36
    [35mfilterLevel[39m: 1
    [35mpriority[39m: 1000
[37mMETRICS[39m [18:07:46]: [36m🔄 QUEUE | User added to queue[39m
    [35mcategory[39m: "🔄 QUEUE"
    [35muserMID[39m: "user36"
    [35mposition[39m: 37
    [35mqueueSize[39m: 37
    [35mfilterLevel[39m: 1
    [35mpriority[39m: 1000
[37mMETRICS[39m [18:07:46]: [36m🔄 QUEUE | User added to queue[39m
    [35mcategory[39m: "🔄 QUEUE"
    [35muserMID[39m: "user37"
    [35mposition[39m: 38
    [35mqueueSize[39m: 38
    [35mfilterLevel[39m: 1
    [35mpriority[39m: 1000
[37mMETRICS[39m [18:07:46]: [36m🔄 QUEUE | User added to queue[39m
    [35mcategory[39m: "🔄 QUEUE"
    [35muserMID[39m: "user38"
    [35mposition[39m: 39
    [35mqueueSize[39m: 39
    [35mfilterLevel[39m: 1
    [35mpriority[39m: 1000
[37mMETRICS[39m [18:07:46]: [36m🔄 QUEUE | User added to queue[39m
    [35mcategory[39m: "🔄 QUEUE"
    [35muserMID[39m: "user39"
    [35mposition[39m: 40
    [35mqueueSize[39m: 40
    [35mfilterLevel[39m: 1
    [35mpriority[39m: 1000
[37mMETRICS[39m [18:07:46]: [36m🔄 QUEUE | User added to queue[39m
    [35mcategory[39m: "🔄 QUEUE"
    [35muserMID[39m: "user40"
    [35mposition[39m: 41
    [35mqueueSize[39m: 41
    [35mfilterLevel[39m: 1
    [35mpriority[39m: 1000
[37mMETRICS[39m [18:07:46]: [36m🔄 QUEUE | User added to queue[39m
    [35mcategory[39m: "🔄 QUEUE"
    [35muserMID[39m: "user41"
    [35mposition[39m: 42
    [35mqueueSize[39m: 42
    [35mfilterLevel[39m: 1
    [35mpriority[39m: 1000
[37mMETRICS[39m [18:07:46]: [36m🔄 QUEUE | User added to queue[39m
    [35mcategory[39m: "🔄 QUEUE"
    [35muserMID[39m: "user42"
    [35mposition[39m: 43
    [35mqueueSize[39m: 43
    [35mfilterLevel[39m: 1
    [35mpriority[39m: 1000
[37mMETRICS[39m [18:07:46]: [36m🔄 QUEUE | User added to queue[39m
    [35mcategory[39m: "🔄 QUEUE"
    [35muserMID[39m: "user43"
    [35mposition[39m: 44
    [35mqueueSize[39m: 44
    [35mfilterLevel[39m: 1
    [35mpriority[39m: 1000
[37mMETRICS[39m [18:07:46]: [36m🔄 QUEUE | User added to queue[39m
    [35mcategory[39m: "🔄 QUEUE"
    [35muserMID[39m: "user44"
    [35mposition[39m: 45
    [35mqueueSize[39m: 45
    [35mfilterLevel[39m: 1
    [35mpriority[39m: 1000
[37mMETRICS[39m [18:07:46]: [36m🔄 QUEUE | User added to queue[39m
    [35mcategory[39m: "🔄 QUEUE"
    [35muserMID[39m: "user45"
    [35mposition[39m: 46
    [35mqueueSize[39m: 46
    [35mfilterLevel[39m: 1
    [35mpriority[39m: 1000
[37mMETRICS[39m [18:07:46]: [36m🔄 QUEUE | User added to queue[39m
    [35mcategory[39m: "🔄 QUEUE"
    [35muserMID[39m: "user46"
    [35mposition[39m: 47
    [35mqueueSize[39m: 47
    [35mfilterLevel[39m: 1
    [35mpriority[39m: 1000
[37mMETRICS[39m [18:07:46]: [36m🔄 QUEUE | User added to queue[39m
    [35mcategory[39m: "🔄 QUEUE"
    [35muserMID[39m: "user47"
    [35mposition[39m: 48
    [35mqueueSize[39m: 48
    [35mfilterLevel[39m: 1
    [35mpriority[39m: 1000
[37mMETRICS[39m [18:07:46]: [36m🔄 QUEUE | User added to queue[39m
    [35mcategory[39m: "🔄 QUEUE"
    [35muserMID[39m: "user48"
    [35mposition[39m: 49
    [35mqueueSize[39m: 49
    [35mfilterLevel[39m: 1
    [35mpriority[39m: 1000
[37mMETRICS[39m [18:07:46]: [36m🔄 QUEUE | User added to queue[39m
    [35mcategory[39m: "🔄 QUEUE"
    [35muserMID[39m: "user49"
    [35mposition[39m: 50
    [35mqueueSize[39m: 50
    [35mfilterLevel[39m: 1
    [35mpriority[39m: 1000
[37mMETRICS[39m [18:07:46]: [36m🔄 QUEUE | User added to queue[39m
    [35mcategory[39m: "🔄 QUEUE"
    [35muserMID[39m: "user50"
    [35mposition[39m: 51
    [35mqueueSize[39m: 51
    [35mfilterLevel[39m: 1
    [35mpriority[39m: 1000
[37mMETRICS[39m [18:07:46]: [36m🔄 QUEUE | User added to queue[39m
    [35mcategory[39m: "🔄 QUEUE"
    [35muserMID[39m: "user51"
    [35mposition[39m: 52
    [35mqueueSize[39m: 52
    [35mfilterLevel[39m: 1
    [35mpriority[39m: 1000
[37mMETRICS[39m [18:07:46]: [36m🔄 QUEUE | User added to queue[39m
    [35mcategory[39m: "🔄 QUEUE"
    [35muserMID[39m: "user52"
    [35mposition[39m: 53
    [35mqueueSize[39m: 53
    [35mfilterLevel[39m: 1
    [35mpriority[39m: 1000
[37mMETRICS[39m [18:07:46]: [36m🔄 QUEUE | User added to queue[39m
    [35mcategory[39m: "🔄 QUEUE"
    [35muserMID[39m: "user53"
    [35mposition[39m: 54
    [35mqueueSize[39m: 54
    [35mfilterLevel[39m: 1
    [35mpriority[39m: 1000
[37mMETRICS[39m [18:07:46]: [36m🔄 QUEUE | User added to queue[39m
    [35mcategory[39m: "🔄 QUEUE"
    [35muserMID[39m: "user54"
    [35mposition[39m: 55
    [35mqueueSize[39m: 55
    [35mfilterLevel[39m: 1
    [35mpriority[39m: 1000
[37mMETRICS[39m [18:07:46]: [36m🔄 QUEUE | User added to queue[39m
    [35mcategory[39m: "🔄 QUEUE"
    [35muserMID[39m: "user55"
    [35mposition[39m: 56
    [35mqueueSize[39m: 56
    [35mfilterLevel[39m: 1
    [35mpriority[39m: 1000
[37mMETRICS[39m [18:07:46]: [36m🔄 QUEUE | User added to queue[39m
    [35mcategory[39m: "🔄 QUEUE"
    [35muserMID[39m: "user56"
    [35mposition[39m: 57
    [35mqueueSize[39m: 57
    [35mfilterLevel[39m: 1
    [35mpriority[39m: 1000
[37mMETRICS[39m [18:07:46]: [36m🔄 QUEUE | User added to queue[39m
    [35mcategory[39m: "🔄 QUEUE"
    [35muserMID[39m: "user57"
    [35mposition[39m: 58
    [35mqueueSize[39m: 58
    [35mfilterLevel[39m: 1
    [35mpriority[39m: 1000
[37mMETRICS[39m [18:07:46]: [36m🔄 QUEUE | User added to queue[39m
    [35mcategory[39m: "🔄 QUEUE"
    [35muserMID[39m: "user58"
    [35mposition[39m: 59
    [35mqueueSize[39m: 59
    [35mfilterLevel[39m: 1
    [35mpriority[39m: 1000
[37mMETRICS[39m [18:07:46]: [36m🔄 QUEUE | User added to queue[39m
    [35mcategory[39m: "🔄 QUEUE"
    [35muserMID[39m: "user59"
    [35mposition[39m: 60
    [35mqueueSize[39m: 60
    [35mfilterLevel[39m: 1
    [35mpriority[39m: 1000
[37mMETRICS[39m [18:07:46]: [36m🔄 QUEUE | User added to queue[39m
    [35mcategory[39m: "🔄 QUEUE"
    [35muserMID[39m: "user60"
    [35mposition[39m: 61
    [35mqueueSize[39m: 61
    [35mfilterLevel[39m: 1
    [35mpriority[39m: 1000
[37mMETRICS[39m [18:07:46]: [36m🔄 QUEUE | User added to queue[39m
    [35mcategory[39m: "🔄 QUEUE"
    [35muserMID[39m: "user61"
    [35mposition[39m: 62
    [35mqueueSize[39m: 62
    [35mfilterLevel[39m: 1
    [35mpriority[39m: 1000
[37mMETRICS[39m [18:07:46]: [36m🔄 QUEUE | User added to queue[39m
    [35mcategory[39m: "🔄 QUEUE"
    [35muserMID[39m: "user62"
    [35mposition[39m: 63
    [35mqueueSize[39m: 63
    [35mfilterLevel[39m: 1
    [35mpriority[39m: 1000
[37mMETRICS[39m [18:07:46]: [36m🔄 QUEUE | User added to queue[39m
    [35mcategory[39m: "🔄 QUEUE"
    [35muserMID[39m: "user63"
    [35mposition[39m: 64
    [35mqueueSize[39m: 64
    [35mfilterLevel[39m: 1
    [35mpriority[39m: 1000
[37mMETRICS[39m [18:07:46]: [36m🔄 QUEUE | User added to queue[39m
    [35mcategory[39m: "🔄 QUEUE"
    [35muserMID[39m: "user64"
    [35mposition[39m: 65
    [35mqueueSize[39m: 65
    [35mfilterLevel[39m: 1
    [35mpriority[39m: 1000
[37mMETRICS[39m [18:07:46]: [36m🔄 QUEUE | User added to queue[39m
    [35mcategory[39m: "🔄 QUEUE"
    [35muserMID[39m: "user65"
    [35mposition[39m: 66
    [35mqueueSize[39m: 66
    [35mfilterLevel[39m: 1
    [35mpriority[39m: 1000
      7) should handle same user for both parameters
[37mMETRICS[39m [18:07:46]: [36m🔄 QUEUE | User added to queue[39m
    [35mcategory[39m: "🔄 QUEUE"
    [35muserMID[39m: "user66"
    [35mposition[39m: 67
    [35mqueueSize[39m: 67
    [35mfilterLevel[39m: 1
    [35mpriority[39m: 1000
    release()
      ✔ should release lock for both users
[37mMETRICS[39m [18:07:46]: [36m🔄 QUEUE | User added to queue[39m
    [35mcategory[39m: "🔄 QUEUE"
    [35muserMID[39m: "user67"
    [35mposition[39m: 68
    [35mqueueSize[39m: 68
    [35mfilterLevel[39m: 1
    [35mpriority[39m: 1000
[37mMETRICS[39m [18:07:46]: [36m🔄 QUEUE | User added to queue[39m
    [35mcategory[39m: "🔄 QUEUE"
    [35muserMID[39m: "user68"
    [35mposition[39m: 69
    [35mqueueSize[39m: 69
    [35mfilterLevel[39m: 1
    [35mpriority[39m: 1000
[37mMETRICS[39m [18:07:46]: [36m🔄 QUEUE | User added to queue[39m
    [35mcategory[39m: "🔄 QUEUE"
    [35muserMID[39m: "user69"
    [35mposition[39m: 70
    [35mqueueSize[39m: 70
    [35mfilterLevel[39m: 1
    [35mpriority[39m: 1000
[37mMETRICS[39m [18:07:46]: [36m🔄 QUEUE | User added to queue[39m
    [35mcategory[39m: "🔄 QUEUE"
    [35muserMID[39m: "user70"
    [35mposition[39m: 71
    [35mqueueSize[39m: 71
    [35mfilterLevel[39m: 1
    [35mpriority[39m: 1000
[37mMETRICS[39m [18:07:46]: [36m🔄 QUEUE | User added to queue[39m
    [35mcategory[39m: "🔄 QUEUE"
    [35muserMID[39m: "user71"
    [35mposition[39m: 72
    [35mqueueSize[39m: 72
    [35mfilterLevel[39m: 1
    [35mpriority[39m: 1000
[37mMETRICS[39m [18:07:46]: [36m🔄 QUEUE | User added to queue[39m
    [35mcategory[39m: "🔄 QUEUE"
    [35muserMID[39m: "user72"
    [35mposition[39m: 73
    [35mqueueSize[39m: 73
    [35mfilterLevel[39m: 1
    [35mpriority[39m: 1000
[37mMETRICS[39m [18:07:46]: [36m🔄 QUEUE | User added to queue[39m
    [35mcategory[39m: "🔄 QUEUE"
    [35muserMID[39m: "user73"
    [35mposition[39m: 74
    [35mqueueSize[39m: 74
    [35mfilterLevel[39m: 1
    [35mpriority[39m: 1000
[37mMETRICS[39m [18:07:46]: [36m🔄 QUEUE | User added to queue[39m
    [35mcategory[39m: "🔄 QUEUE"
    [35muserMID[39m: "user74"
    [35mposition[39m: 75
    [35mqueueSize[39m: 75
    [35mfilterLevel[39m: 1
    [35mpriority[39m: 1000
[37mMETRICS[39m [18:07:46]: [36m🔄 QUEUE | User added to queue[39m
    [35mcategory[39m: "🔄 QUEUE"
    [35muserMID[39m: "user75"
    [35mposition[39m: 76
    [35mqueueSize[39m: 76
    [35mfilterLevel[39m: 1
    [35mpriority[39m: 1000
[37mMETRICS[39m [18:07:46]: [36m🔄 QUEUE | User added to queue[39m
    [35mcategory[39m: "🔄 QUEUE"
    [35muserMID[39m: "user76"
    [35mposition[39m: 77
    [35mqueueSize[39m: 77
    [35mfilterLevel[39m: 1
    [35mpriority[39m: 1000
[37mMETRICS[39m [18:07:46]: [36m🔄 QUEUE | User added to queue[39m
    [35mcategory[39m: "🔄 QUEUE"
    [35muserMID[39m: "user77"
    [35mposition[39m: 78
    [35mqueueSize[39m: 78
    [35mfilterLevel[39m: 1
    [35mpriority[39m: 1000
[37mMETRICS[39m [18:07:46]: [36m🔄 QUEUE | User added to queue[39m
    [35mcategory[39m: "🔄 QUEUE"
    [35muserMID[39m: "user78"
    [35mposition[39m: 79
    [35mqueueSize[39m: 79
    [35mfilterLevel[39m: 1
    [35mpriority[39m: 1000
[37mMETRICS[39m [18:07:46]: [36m🔄 QUEUE | User added to queue[39m
    [35mcategory[39m: "🔄 QUEUE"
    [35muserMID[39m: "user79"
    [35mposition[39m: 80
    [35mqueueSize[39m: 80
    [35mfilterLevel[39m: 1
    [35mpriority[39m: 1000
[37mMETRICS[39m [18:07:46]: [36m🔄 QUEUE | User added to queue[39m
    [35mcategory[39m: "🔄 QUEUE"
    [35muserMID[39m: "user80"
    [35mposition[39m: 81
    [35mqueueSize[39m: 81
    [35mfilterLevel[39m: 1
    [35mpriority[39m: 1000
[37mMETRICS[39m [18:07:46]: [36m🔄 QUEUE | User added to queue[39m
    [35mcategory[39m: "🔄 QUEUE"
    [35muserMID[39m: "user81"
    [35mposition[39m: 82
    [35mqueueSize[39m: 82
    [35mfilterLevel[39m: 1
    [35mpriority[39m: 1000
[37mMETRICS[39m [18:07:46]: [36m🔄 QUEUE | User added to queue[39m
    [35mcategory[39m: "🔄 QUEUE"
    [35muserMID[39m: "user82"
    [35mposition[39m: 83
    [35mqueueSize[39m: 83
    [35mfilterLevel[39m: 1
    [35mpriority[39m: 1000
[37mMETRICS[39m [18:07:46]: [36m🔄 QUEUE | User added to queue[39m
    [35mcategory[39m: "🔄 QUEUE"
    [35muserMID[39m: "user83"
    [35mposition[39m: 84
    [35mqueueSize[39m: 84
    [35mfilterLevel[39m: 1
    [35mpriority[39m: 1000
[37mMETRICS[39m [18:07:46]: [36m🔄 QUEUE | User added to queue[39m
    [35mcategory[39m: "🔄 QUEUE"
    [35muserMID[39m: "user84"
    [35mposition[39m: 85
    [35mqueueSize[39m: 85
    [35mfilterLevel[39m: 1
    [35mpriority[39m: 1000
[37mMETRICS[39m [18:07:46]: [36m🔄 QUEUE | User added to queue[39m
    [35mcategory[39m: "🔄 QUEUE"
    [35muserMID[39m: "user85"
    [35mposition[39m: 86
    [35mqueueSize[39m: 86
    [35mfilterLevel[39m: 1
    [35mpriority[39m: 1000
[37mMETRICS[39m [18:07:46]: [36m🔄 QUEUE | User added to queue[39m
    [35mcategory[39m: "🔄 QUEUE"
    [35muserMID[39m: "user86"
    [35mposition[39m: 87
    [35mqueueSize[39m: 87
    [35mfilterLevel[39m: 1
    [35mpriority[39m: 1000
[37mMETRICS[39m [18:07:46]: [36m🔄 QUEUE | User added to queue[39m
    [35mcategory[39m: "🔄 QUEUE"
    [35muserMID[39m: "user87"
    [35mposition[39m: 88
    [35mqueueSize[39m: 88
    [35mfilterLevel[39m: 1
    [35mpriority[39m: 1000
[37mMETRICS[39m [18:07:46]: [36m🔄 QUEUE | User added to queue[39m
    [35mcategory[39m: "🔄 QUEUE"
    [35muserMID[39m: "user88"
    [35mposition[39m: 89
    [35mqueueSize[39m: 89
    [35mfilterLevel[39m: 1
    [35mpriority[39m: 1000
[37mMETRICS[39m [18:07:46]: [36m🔄 QUEUE | User added to queue[39m
    [35mcategory[39m: "🔄 QUEUE"
    [35muserMID[39m: "user89"
    [35mposition[39m: 90
    [35mqueueSize[39m: 90
    [35mfilterLevel[39m: 1
    [35mpriority[39m: 1000
[37mMETRICS[39m [18:07:46]: [36m🔄 QUEUE | User added to queue[39m
    [35mcategory[39m: "🔄 QUEUE"
    [35muserMID[39m: "user90"
    [35mposition[39m: 91
    [35mqueueSize[39m: 91
    [35mfilterLevel[39m: 1
    [35mpriority[39m: 1000
[37mMETRICS[39m [18:07:46]: [36m🔄 QUEUE | User added to queue[39m
    [35mcategory[39m: "🔄 QUEUE"
    [35muserMID[39m: "user91"
    [35mposition[39m: 92
    [35mqueueSize[39m: 92
    [35mfilterLevel[39m: 1
    [35mpriority[39m: 1000
[37mMETRICS[39m [18:07:46]: [36m🔄 QUEUE | User added to queue[39m
    [35mcategory[39m: "🔄 QUEUE"
    [35muserMID[39m: "user92"
    [35mposition[39m: 93
    [35mqueueSize[39m: 93
    [35mfilterLevel[39m: 1
    [35mpriority[39m: 1000
[37mMETRICS[39m [18:07:46]: [36m🔄 QUEUE | User added to queue[39m
    [35mcategory[39m: "🔄 QUEUE"
    [35muserMID[39m: "user93"
    [35mposition[39m: 94
    [35mqueueSize[39m: 94
    [35mfilterLevel[39m: 1
    [35mpriority[39m: 1000
[37mMETRICS[39m [18:07:46]: [36m🔄 QUEUE | User added to queue[39m
    [35mcategory[39m: "🔄 QUEUE"
    [35muserMID[39m: "user94"
    [35mposition[39m: 95
    [35mqueueSize[39m: 95
    [35mfilterLevel[39m: 1
    [35mpriority[39m: 1000
[37mMETRICS[39m [18:07:46]: [36m🔄 QUEUE | User added to queue[39m
    [35mcategory[39m: "🔄 QUEUE"
    [35muserMID[39m: "user95"
    [35mposition[39m: 96
    [35mqueueSize[39m: 96
    [35mfilterLevel[39m: 1
    [35mpriority[39m: 1000
[37mMETRICS[39m [18:07:46]: [36m🔄 QUEUE | User added to queue[39m
    [35mcategory[39m: "🔄 QUEUE"
    [35muserMID[39m: "user96"
    [35mposition[39m: 97
    [35mqueueSize[39m: 97
    [35mfilterLevel[39m: 1
    [35mpriority[39m: 1000
[37mMETRICS[39m [18:07:46]: [36m🔄 QUEUE | User added to queue[39m
    [35mcategory[39m: "🔄 QUEUE"
    [35muserMID[39m: "user97"
    [35mposition[39m: 98
    [35mqueueSize[39m: 98
    [35mfilterLevel[39m: 1
    [35mpriority[39m: 1000
[37mMETRICS[39m [18:07:46]: [36m🔄 QUEUE | User added to queue[39m
    [35mcategory[39m: "🔄 QUEUE"
    [35muserMID[39m: "user98"
    [35mposition[39m: 99
    [35mqueueSize[39m: 99
    [35mfilterLevel[39m: 1
    [35mpriority[39m: 1000
[37mMETRICS[39m [18:07:46]: [36m🔄 QUEUE | User added to queue[39m
    [35mcategory[39m: "🔄 QUEUE"
    [35muserMID[39m: "user99"
    [35mposition[39m: 100
    [35mqueueSize[39m: 100
    [35mfilterLevel[39m: 1
    [35mpriority[39m: 1000
[37mMETRICS[39m [18:07:46]: [36m🔄 QUEUE | User added to queue[39m
    [35mcategory[39m: "🔄 QUEUE"
    [35muserMID[39m: "user100"
    [35mposition[39m: 101
    [35mqueueSize[39m: 101
    [35mfilterLevel[39m: 1
    [35mpriority[39m: 1000
[37mMETRICS[39m [18:07:46]: [36m🔄 QUEUE | User added to queue[39m
    [35mcategory[39m: "🔄 QUEUE"
    [35muserMID[39m: "user101"
    [35mposition[39m: 102
    [35mqueueSize[39m: 102
    [35mfilterLevel[39m: 1
    [35mpriority[39m: 1000
[37mMETRICS[39m [18:07:46]: [36m🔄 QUEUE | User added to queue[39m
    [35mcategory[39m: "🔄 QUEUE"
    [35muserMID[39m: "user102"
    [35mposition[39m: 103
    [35mqueueSize[39m: 103
    [35mfilterLevel[39m: 1
    [35mpriority[39m: 1000
[37mMETRICS[39m [18:07:46]: [36m🔄 QUEUE | User added to queue[39m
    [35mcategory[39m: "🔄 QUEUE"
    [35muserMID[39m: "user103"
    [35mposition[39m: 104
    [35mqueueSize[39m: 104
    [35mfilterLevel[39m: 1
    [35mpriority[39m: 1000
[37mMETRICS[39m [18:07:46]: [36m🔄 QUEUE | User added to queue[39m
    [35mcategory[39m: "🔄 QUEUE"
    [35muserMID[39m: "user104"
    [35mposition[39m: 105
    [35mqueueSize[39m: 105
    [35mfilterLevel[39m: 1
    [35mpriority[39m: 1000
[37mMETRICS[39m [18:07:46]: [36m🔄 QUEUE | User added to queue[39m
    [35mcategory[39m: "🔄 QUEUE"
    [35muserMID[39m: "user105"
    [35mposition[39m: 106
    [35mqueueSize[39m: 106
    [35mfilterLevel[39m: 1
    [35mpriority[39m: 1000
[37mMETRICS[39m [18:07:46]: [36m🔄 QUEUE | User added to queue[39m
    [35mcategory[39m: "🔄 QUEUE"
    [35muserMID[39m: "user106"
    [35mposition[39m: 107
    [35mqueueSize[39m: 107
    [35mfilterLevel[39m: 1
    [35mpriority[39m: 1000
[37mMETRICS[39m [18:07:46]: [36m🔄 QUEUE | User added to queue[39m
    [35mcategory[39m: "🔄 QUEUE"
    [35muserMID[39m: "user107"
    [35mposition[39m: 108
    [35mqueueSize[39m: 108
    [35mfilterLevel[39m: 1
    [35mpriority[39m: 1000
[37mMETRICS[39m [18:07:46]: [36m🔄 QUEUE | User added to queue[39m
    [35mcategory[39m: "🔄 QUEUE"
    [35muserMID[39m: "user108"
    [35mposition[39m: 109
    [35mqueueSize[39m: 109
    [35mfilterLevel[39m: 1
    [35mpriority[39m: 1000
[37mMETRICS[39m [18:07:46]: [36m🔄 QUEUE | User added to queue[39m
    [35mcategory[39m: "🔄 QUEUE"
    [35muserMID[39m: "user109"
    [35mposition[39m: 110
    [35mqueueSize[39m: 110
    [35mfilterLevel[39m: 1
    [35mpriority[39m: 1000
[37mMETRICS[39m [18:07:46]: [36m🔄 QUEUE | User added to queue[39m
    [35mcategory[39m: "🔄 QUEUE"
    [35muserMID[39m: "user110"
    [35mposition[39m: 111
    [35mqueueSize[39m: 111
    [35mfilterLevel[39m: 1
    [35mpriority[39m: 1000
[37mMETRICS[39m [18:07:46]: [36m🔄 QUEUE | User added to queue[39m
    [35mcategory[39m: "🔄 QUEUE"
    [35muserMID[39m: "user111"
    [35mposition[39m: 112
    [35mqueueSize[39m: 112
    [35mfilterLevel[39m: 1
    [35mpriority[39m: 1000
[37mMETRICS[39m [18:07:46]: [36m🔄 QUEUE | User added to queue[39m
    [35mcategory[39m: "🔄 QUEUE"
    [35muserMID[39m: "user112"
    [35mposition[39m: 113
    [35mqueueSize[39m: 113
    [35mfilterLevel[39m: 1
    [35mpriority[39m: 1000
[37mMETRICS[39m [18:07:46]: [36m🔄 QUEUE | User added to queue[39m
    [35mcategory[39m: "🔄 QUEUE"
    [35muserMID[39m: "user113"
    [35mposition[39m: 114
    [35mqueueSize[39m: 114
    [35mfilterLevel[39m: 1
    [35mpriority[39m: 1000
[37mMETRICS[39m [18:07:46]: [36m🔄 QUEUE | User added to queue[39m
    [35mcategory[39m: "🔄 QUEUE"
    [35muserMID[39m: "user114"
    [35mposition[39m: 115
    [35mqueueSize[39m: 115
    [35mfilterLevel[39m: 1
    [35mpriority[39m: 1000
[37mMETRICS[39m [18:07:46]: [36m🔄 QUEUE | User added to queue[39m
    [35mcategory[39m: "🔄 QUEUE"
    [35muserMID[39m: "user115"
    [35mposition[39m: 116
    [35mqueueSize[39m: 116
    [35mfilterLevel[39m: 1
    [35mpriority[39m: 1000
[37mMETRICS[39m [18:07:46]: [36m🔄 QUEUE | User added to queue[39m
    [35mcategory[39m: "🔄 QUEUE"
    [35muserMID[39m: "user116"
    [35mposition[39m: 117
    [35mqueueSize[39m: 117
    [35mfilterLevel[39m: 1
    [35mpriority[39m: 1000
[37mMETRICS[39m [18:07:46]: [36m🔄 QUEUE | User added to queue[39m
    [35mcategory[39m: "🔄 QUEUE"
    [35muserMID[39m: "user117"
    [35mposition[39m: 118
    [35mqueueSize[39m: 118
    [35mfilterLevel[39m: 1
    [35mpriority[39m: 1000
[37mMETRICS[39m [18:07:46]: [36m🔄 QUEUE | User added to queue[39m
    [35mcategory[39m: "🔄 QUEUE"
    [35muserMID[39m: "user118"
    [35mposition[39m: 119
    [35mqueueSize[39m: 119
    [35mfilterLevel[39m: 1
    [35mpriority[39m: 1000
[37mMETRICS[39m [18:07:46]: [36m🔄 QUEUE | User added to queue[39m
    [35mcategory[39m: "🔄 QUEUE"
    [35muserMID[39m: "user119"
    [35mposition[39m: 120
    [35mqueueSize[39m: 120
    [35mfilterLevel[39m: 1
    [35mpriority[39m: 1000
[37mMETRICS[39m [18:07:46]: [36m🔄 QUEUE | User added to queue[39m
    [35mcategory[39m: "🔄 QUEUE"
    [35muserMID[39m: "user120"
    [35mposition[39m: 121
    [35mqueueSize[39m: 121
    [35mfilterLevel[39m: 1
    [35mpriority[39m: 1000
[37mMETRICS[39m [18:07:46]: [36m🔄 QUEUE | User added to queue[39m
    [35mcategory[39m: "🔄 QUEUE"
    [35muserMID[39m: "user121"
    [35mposition[39m: 122
    [35mqueueSize[39m: 122
    [35mfilterLevel[39m: 1
    [35mpriority[39m: 1000
[37mMETRICS[39m [18:07:46]: [36m🔄 QUEUE | User added to queue[39m
    [35mcategory[39m: "🔄 QUEUE"
    [35muserMID[39m: "user122"
    [35mposition[39m: 123
    [35mqueueSize[39m: 123
    [35mfilterLevel[39m: 1
    [35mpriority[39m: 1000
[37mMETRICS[39m [18:07:46]: [36m🔄 QUEUE | User added to queue[39m
    [35mcategory[39m: "🔄 QUEUE"
    [35muserMID[39m: "user123"
    [35mposition[39m: 124
    [35mqueueSize[39m: 124
    [35mfilterLevel[39m: 1
    [35mpriority[39m: 1000
[37mMETRICS[39m [18:07:46]: [36m🔄 QUEUE | User added to queue[39m
    [35mcategory[39m: "🔄 QUEUE"
    [35muserMID[39m: "user124"
    [35mposition[39m: 125
    [35mqueueSize[39m: 125
    [35mfilterLevel[39m: 1
    [35mpriority[39m: 1000
[37mMETRICS[39m [18:07:46]: [36m🔄 QUEUE | User added to queue[39m
    [35mcategory[39m: "🔄 QUEUE"
    [35muserMID[39m: "user125"
    [35mposition[39m: 126
    [35mqueueSize[39m: 126
    [35mfilterLevel[39m: 1
    [35mpriority[39m: 1000
[37mMETRICS[39m [18:07:46]: [36m🔄 QUEUE | User added to queue[39m
    [35mcategory[39m: "🔄 QUEUE"
    [35muserMID[39m: "user126"
    [35mposition[39m: 127
    [35mqueueSize[39m: 127
    [35mfilterLevel[39m: 1
    [35mpriority[39m: 1000
[37mMETRICS[39m [18:07:46]: [36m🔄 QUEUE | User added to queue[39m
    [35mcategory[39m: "🔄 QUEUE"
    [35muserMID[39m: "user127"
    [35mposition[39m: 128
    [35mqueueSize[39m: 128
    [35mfilterLevel[39m: 1
    [35mpriority[39m: 1000
[37mMETRICS[39m [18:07:46]: [36m🔄 QUEUE | User added to queue[39m
    [35mcategory[39m: "🔄 QUEUE"
    [35muserMID[39m: "user128"
    [35mposition[39m: 129
    [35mqueueSize[39m: 129
    [35mfilterLevel[39m: 1
    [35mpriority[39m: 1000
[37mMETRICS[39m [18:07:46]: [36m🔄 QUEUE | User added to queue[39m
    [35mcategory[39m: "🔄 QUEUE"
    [35muserMID[39m: "user129"
    [35mposition[39m: 130
    [35mqueueSize[39m: 130
    [35mfilterLevel[39m: 1
    [35mpriority[39m: 1000
[37mMETRICS[39m [18:07:46]: [36m🔄 QUEUE | User added to queue[39m
    [35mcategory[39m: "🔄 QUEUE"
    [35muserMID[39m: "user130"
    [35mposition[39m: 131
    [35mqueueSize[39m: 131
    [35mfilterLevel[39m: 1
    [35mpriority[39m: 1000
      ✔ should allow re-locking after release
[37mMETRICS[39m [18:07:46]: [36m🔄 QUEUE | User added to queue[39m
    [35mcategory[39m: "🔄 QUEUE"
    [35muserMID[39m: "user131"
    [35mposition[39m: 132
    [35mqueueSize[39m: 132
    [35mfilterLevel[39m: 1
    [35mpriority[39m: 1000
      ✔ should handle releasing already unlocked users
    isLocked()
      ✔ should return false for unlocked user
      ✔ should return true for locked user
[37mMETRICS[39m [18:07:46]: [36m🔄 QUEUE | User added to queue[39m
    [35mcategory[39m: "🔄 QUEUE"
    [35muserMID[39m: "user132"
    [35mposition[39m: 133
    [35mqueueSize[39m: 133
    [35mfilterLevel[39m: 1
    [35mpriority[39m: 1000
[37mMETRICS[39m [18:07:46]: [36m🔄 QUEUE | User added to queue[39m
    [35mcategory[39m: "🔄 QUEUE"
    [35muserMID[39m: "user133"
    [35mposition[39m: 134
    [35mqueueSize[39m: 134
    [35mfilterLevel[39m: 1
    [35mpriority[39m: 1000
[37mMETRICS[39m [18:07:46]: [36m🔄 QUEUE | User added to queue[39m
    [35mcategory[39m: "🔄 QUEUE"
    [35muserMID[39m: "user134"
    [35mposition[39m: 135
    [35mqueueSize[39m: 135
    [35mfilterLevel[39m: 1
    [35mpriority[39m: 1000
[37mMETRICS[39m [18:07:46]: [36m🔄 QUEUE | User added to queue[39m
    [35mcategory[39m: "🔄 QUEUE"
    [35muserMID[39m: "user135"
    [35mposition[39m: 136
    [35mqueueSize[39m: 136
    [35mfilterLevel[39m: 1
    [35mpriority[39m: 1000
[37mMETRICS[39m [18:07:46]: [36m🔄 QUEUE | User added to queue[39m
    [35mcategory[39m: "🔄 QUEUE"
    [35muserMID[39m: "user136"
    [35mposition[39m: 137
    [35mqueueSize[39m: 137
    [35mfilterLevel[39m: 1
    [35mpriority[39m: 1000
[37mMETRICS[39m [18:07:46]: [36m🔄 QUEUE | User added to queue[39m
    [35mcategory[39m: "🔄 QUEUE"
    [35muserMID[39m: "user137"
    [35mposition[39m: 138
    [35mqueueSize[39m: 138
    [35mfilterLevel[39m: 1
    [35mpriority[39m: 1000
[37mMETRICS[39m [18:07:46]: [36m🔄 QUEUE | User added to queue[39m
    [35mcategory[39m: "🔄 QUEUE"
    [35muserMID[39m: "user138"
    [35mposition[39m: 139
    [35mqueueSize[39m: 139
    [35mfilterLevel[39m: 1
    [35mpriority[39m: 1000
[37mMETRICS[39m [18:07:46]: [36m🔄 QUEUE | User added to queue[39m
    [35mcategory[39m: "🔄 QUEUE"
    [35muserMID[39m: "user139"
    [35mposition[39m: 140
    [35mqueueSize[39m: 140
    [35mfilterLevel[39m: 1
    [35mpriority[39m: 1000
[37mMETRICS[39m [18:07:46]: [36m🔄 QUEUE | User added to queue[39m
    [35mcategory[39m: "🔄 QUEUE"
    [35muserMID[39m: "user140"
    [35mposition[39m: 141
    [35mqueueSize[39m: 141
    [35mfilterLevel[39m: 1
    [35mpriority[39m: 1000
[37mMETRICS[39m [18:07:46]: [36m🔄 QUEUE | User added to queue[39m
    [35mcategory[39m: "🔄 QUEUE"
    [35muserMID[39m: "user141"
    [35mposition[39m: 142
    [35mqueueSize[39m: 142
    [35mfilterLevel[39m: 1
    [35mpriority[39m: 1000
[37mMETRICS[39m [18:07:46]: [36m🔄 QUEUE | User added to queue[39m
    [35mcategory[39m: "🔄 QUEUE"
    [35muserMID[39m: "user142"
    [35mposition[39m: 143
    [35mqueueSize[39m: 143
    [35mfilterLevel[39m: 1
    [35mpriority[39m: 1000
[37mMETRICS[39m [18:07:46]: [36m🔄 QUEUE | User added to queue[39m
    [35mcategory[39m: "🔄 QUEUE"
    [35muserMID[39m: "user143"
    [35mposition[39m: 144
    [35mqueueSize[39m: 144
    [35mfilterLevel[39m: 1
    [35mpriority[39m: 1000
[37mMETRICS[39m [18:07:46]: [36m🔄 QUEUE | User added to queue[39m
    [35mcategory[39m: "🔄 QUEUE"
    [35muserMID[39m: "user144"
    [35mposition[39m: 145
    [35mqueueSize[39m: 145
    [35mfilterLevel[39m: 1
    [35mpriority[39m: 1000
[37mMETRICS[39m [18:07:46]: [36m🔄 QUEUE | User added to queue[39m
    [35mcategory[39m: "🔄 QUEUE"
    [35muserMID[39m: "user145"
    [35mposition[39m: 146
    [35mqueueSize[39m: 146
    [35mfilterLevel[39m: 1
    [35mpriority[39m: 1000
[37mMETRICS[39m [18:07:46]: [36m🔄 QUEUE | User added to queue[39m
    [35mcategory[39m: "🔄 QUEUE"
    [35muserMID[39m: "user146"
    [35mposition[39m: 147
    [35mqueueSize[39m: 147
    [35mfilterLevel[39m: 1
    [35mpriority[39m: 1000
[37mMETRICS[39m [18:07:46]: [36m🔄 QUEUE | User added to queue[39m
    [35mcategory[39m: "🔄 QUEUE"
    [35muserMID[39m: "user147"
    [35mposition[39m: 148
    [35mqueueSize[39m: 148
    [35mfilterLevel[39m: 1
    [35mpriority[39m: 1000
[37mMETRICS[39m [18:07:46]: [36m🔄 QUEUE | User added to queue[39m
    [35mcategory[39m: "🔄 QUEUE"
    [35muserMID[39m: "user148"
    [35mposition[39m: 149
    [35mqueueSize[39m: 149
    [35mfilterLevel[39m: 1
    [35mpriority[39m: 1000
[37mMETRICS[39m [18:07:46]: [36m🔄 QUEUE | User added to queue[39m
    [35mcategory[39m: "🔄 QUEUE"
    [35muserMID[39m: "user149"
    [35mposition[39m: 150
    [35mqueueSize[39m: 150
    [35mfilterLevel[39m: 1
    [35mpriority[39m: 1000
[37mMETRICS[39m [18:07:46]: [36m🔄 QUEUE | User added to queue[39m
    [35mcategory[39m: "🔄 QUEUE"
    [35muserMID[39m: "user150"
    [35mposition[39m: 151
    [35mqueueSize[39m: 151
    [35mfilterLevel[39m: 1
    [35mpriority[39m: 1000
[37mMETRICS[39m [18:07:46]: [36m🔄 QUEUE | User added to queue[39m
    [35mcategory[39m: "🔄 QUEUE"
    [35muserMID[39m: "user151"
    [35mposition[39m: 152
    [35mqueueSize[39m: 152
    [35mfilterLevel[39m: 1
    [35mpriority[39m: 1000
[37mMETRICS[39m [18:07:46]: [36m🔄 QUEUE | User added to queue[39m
    [35mcategory[39m: "🔄 QUEUE"
    [35muserMID[39m: "user152"
    [35mposition[39m: 153
    [35mqueueSize[39m: 153
    [35mfilterLevel[39m: 1
    [35mpriority[39m: 1000
[37mMETRICS[39m [18:07:46]: [36m🔄 QUEUE | User added to queue[39m
    [35mcategory[39m: "🔄 QUEUE"
    [35muserMID[39m: "user153"
    [35mposition[39m: 154
    [35mqueueSize[39m: 154
    [35mfilterLevel[39m: 1
    [35mpriority[39m: 1000
[37mMETRICS[39m [18:07:46]: [36m🔄 QUEUE | User added to queue[39m
    [35mcategory[39m: "🔄 QUEUE"
    [35muserMID[39m: "user154"
    [35mposition[39m: 155
    [35mqueueSize[39m: 155
    [35mfilterLevel[39m: 1
    [35mpriority[39m: 1000
[37mMETRICS[39m [18:07:46]: [36m🔄 QUEUE | User added to queue[39m
    [35mcategory[39m: "🔄 QUEUE"
    [35muserMID[39m: "user155"
    [35mposition[39m: 156
    [35mqueueSize[39m: 156
    [35mfilterLevel[39m: 1
    [35mpriority[39m: 1000
[37mMETRICS[39m [18:07:46]: [36m🔄 QUEUE | User added to queue[39m
    [35mcategory[39m: "🔄 QUEUE"
    [35muserMID[39m: "user156"
    [35mposition[39m: 157
    [35mqueueSize[39m: 157
    [35mfilterLevel[39m: 1
    [35mpriority[39m: 1000
[37mMETRICS[39m [18:07:46]: [36m🔄 QUEUE | User added to queue[39m
    [35mcategory[39m: "🔄 QUEUE"
    [35muserMID[39m: "user157"
    [35mposition[39m: 158
    [35mqueueSize[39m: 158
    [35mfilterLevel[39m: 1
    [35mpriority[39m: 1000
[37mMETRICS[39m [18:07:46]: [36m🔄 QUEUE | User added to queue[39m
    [35mcategory[39m: "🔄 QUEUE"
    [35muserMID[39m: "user158"
    [35mposition[39m: 159
    [35mqueueSize[39m: 159
    [35mfilterLevel[39m: 1
    [35mpriority[39m: 1000
[37mMETRICS[39m [18:07:46]: [36m🔄 QUEUE | User added to queue[39m
    [35mcategory[39m: "🔄 QUEUE"
    [35muserMID[39m: "user159"
    [35mposition[39m: 160
    [35mqueueSize[39m: 160
    [35mfilterLevel[39m: 1
    [35mpriority[39m: 1000
[37mMETRICS[39m [18:07:46]: [36m🔄 QUEUE | User added to queue[39m
    [35mcategory[39m: "🔄 QUEUE"
    [35muserMID[39m: "user160"
    [35mposition[39m: 161
    [35mqueueSize[39m: 161
    [35mfilterLevel[39m: 1
    [35mpriority[39m: 1000
[37mMETRICS[39m [18:07:46]: [36m🔄 QUEUE | User added to queue[39m
    [35mcategory[39m: "🔄 QUEUE"
    [35muserMID[39m: "user161"
    [35mposition[39m: 162
    [35mqueueSize[39m: 162
    [35mfilterLevel[39m: 1
    [35mpriority[39m: 1000
[37mMETRICS[39m [18:07:46]: [36m🔄 QUEUE | User added to queue[39m
    [35mcategory[39m: "🔄 QUEUE"
    [35muserMID[39m: "user162"
    [35mposition[39m: 163
    [35mqueueSize[39m: 163
    [35mfilterLevel[39m: 1
    [35mpriority[39m: 1000
[37mMETRICS[39m [18:07:46]: [36m🔄 QUEUE | User added to queue[39m
    [35mcategory[39m: "🔄 QUEUE"
    [35muserMID[39m: "user163"
    [35mposition[39m: 164
    [35mqueueSize[39m: 164
    [35mfilterLevel[39m: 1
    [35mpriority[39m: 1000
[37mMETRICS[39m [18:07:46]: [36m🔄 QUEUE | User added to queue[39m
    [35mcategory[39m: "🔄 QUEUE"
    [35muserMID[39m: "user164"
    [35mposition[39m: 165
    [35mqueueSize[39m: 165
    [35mfilterLevel[39m: 1
    [35mpriority[39m: 1000
[37mMETRICS[39m [18:07:46]: [36m🔄 QUEUE | User added to queue[39m
    [35mcategory[39m: "🔄 QUEUE"
    [35muserMID[39m: "user165"
    [35mposition[39m: 166
    [35mqueueSize[39m: 166
    [35mfilterLevel[39m: 1
    [35mpriority[39m: 1000
[37mMETRICS[39m [18:07:46]: [36m🔄 QUEUE | User added to queue[39m
    [35mcategory[39m: "🔄 QUEUE"
    [35muserMID[39m: "user166"
    [35mposition[39m: 167
    [35mqueueSize[39m: 167
    [35mfilterLevel[39m: 1
    [35mpriority[39m: 1000
[37mMETRICS[39m [18:07:46]: [36m🔄 QUEUE | User added to queue[39m
    [35mcategory[39m: "🔄 QUEUE"
    [35muserMID[39m: "user167"
    [35mposition[39m: 168
    [35mqueueSize[39m: 168
    [35mfilterLevel[39m: 1
    [35mpriority[39m: 1000
[37mMETRICS[39m [18:07:46]: [36m🔄 QUEUE | User added to queue[39m
    [35mcategory[39m: "🔄 QUEUE"
    [35muserMID[39m: "user168"
    [35mposition[39m: 169
    [35mqueueSize[39m: 169
    [35mfilterLevel[39m: 1
    [35mpriority[39m: 1000
[37mMETRICS[39m [18:07:46]: [36m🔄 QUEUE | User added to queue[39m
    [35mcategory[39m: "🔄 QUEUE"
    [35muserMID[39m: "user169"
    [35mposition[39m: 170
    [35mqueueSize[39m: 170
    [35mfilterLevel[39m: 1
    [35mpriority[39m: 1000
[37mMETRICS[39m [18:07:46]: [36m🔄 QUEUE | User added to queue[39m
    [35mcategory[39m: "🔄 QUEUE"
    [35muserMID[39m: "user170"
    [35mposition[39m: 171
    [35mqueueSize[39m: 171
    [35mfilterLevel[39m: 1
    [35mpriority[39m: 1000
[37mMETRICS[39m [18:07:46]: [36m🔄 QUEUE | User added to queue[39m
    [35mcategory[39m: "🔄 QUEUE"
    [35muserMID[39m: "user171"
    [35mposition[39m: 172
    [35mqueueSize[39m: 172
    [35mfilterLevel[39m: 1
    [35mpriority[39m: 1000
[37mMETRICS[39m [18:07:46]: [36m🔄 QUEUE | User added to queue[39m
    [35mcategory[39m: "🔄 QUEUE"
    [35muserMID[39m: "user172"
    [35mposition[39m: 173
    [35mqueueSize[39m: 173
    [35mfilterLevel[39m: 1
    [35mpriority[39m: 1000
[37mMETRICS[39m [18:07:46]: [36m🔄 QUEUE | User added to queue[39m
    [35mcategory[39m: "🔄 QUEUE"
    [35muserMID[39m: "user173"
    [35mposition[39m: 174
    [35mqueueSize[39m: 174
    [35mfilterLevel[39m: 1
    [35mpriority[39m: 1000
[37mMETRICS[39m [18:07:46]: [36m🔄 QUEUE | User added to queue[39m
    [35mcategory[39m: "🔄 QUEUE"
    [35muserMID[39m: "user174"
    [35mposition[39m: 175
    [35mqueueSize[39m: 175
    [35mfilterLevel[39m: 1
    [35mpriority[39m: 1000
[37mMETRICS[39m [18:07:46]: [36m🔄 QUEUE | User added to queue[39m
    [35mcategory[39m: "🔄 QUEUE"
    [35muserMID[39m: "user175"
    [35mposition[39m: 176
    [35mqueueSize[39m: 176
    [35mfilterLevel[39m: 1
    [35mpriority[39m: 1000
[37mMETRICS[39m [18:07:46]: [36m🔄 QUEUE | User added to queue[39m
    [35mcategory[39m: "🔄 QUEUE"
    [35muserMID[39m: "user176"
    [35mposition[39m: 177
    [35mqueueSize[39m: 177
    [35mfilterLevel[39m: 1
    [35mpriority[39m: 1000
[37mMETRICS[39m [18:07:46]: [36m🔄 QUEUE | User added to queue[39m
    [35mcategory[39m: "🔄 QUEUE"
    [35muserMID[39m: "user177"
    [35mposition[39m: 178
    [35mqueueSize[39m: 178
    [35mfilterLevel[39m: 1
    [35mpriority[39m: 1000
[37mMETRICS[39m [18:07:46]: [36m🔄 QUEUE | User added to queue[39m
    [35mcategory[39m: "🔄 QUEUE"
    [35muserMID[39m: "user178"
    [35mposition[39m: 179
    [35mqueueSize[39m: 179
    [35mfilterLevel[39m: 1
    [35mpriority[39m: 1000
[37mMETRICS[39m [18:07:46]: [36m🔄 QUEUE | User added to queue[39m
    [35mcategory[39m: "🔄 QUEUE"
    [35muserMID[39m: "user179"
    [35mposition[39m: 180
    [35mqueueSize[39m: 180
    [35mfilterLevel[39m: 1
    [35mpriority[39m: 1000
[37mMETRICS[39m [18:07:46]: [36m🔄 QUEUE | User added to queue[39m
    [35mcategory[39m: "🔄 QUEUE"
    [35muserMID[39m: "user180"
    [35mposition[39m: 181
    [35mqueueSize[39m: 181
    [35mfilterLevel[39m: 1
    [35mpriority[39m: 1000
[37mMETRICS[39m [18:07:46]: [36m🔄 QUEUE | User added to queue[39m
    [35mcategory[39m: "🔄 QUEUE"
    [35muserMID[39m: "user181"
    [35mposition[39m: 182
    [35mqueueSize[39m: 182
    [35mfilterLevel[39m: 1
    [35mpriority[39m: 1000
[37mMETRICS[39m [18:07:46]: [36m🔄 QUEUE | User added to queue[39m
    [35mcategory[39m: "🔄 QUEUE"
    [35muserMID[39m: "user182"
    [35mposition[39m: 183
    [35mqueueSize[39m: 183
    [35mfilterLevel[39m: 1
    [35mpriority[39m: 1000
[37mMETRICS[39m [18:07:46]: [36m🔄 QUEUE | User added to queue[39m
    [35mcategory[39m: "🔄 QUEUE"
    [35muserMID[39m: "user183"
    [35mposition[39m: 184
    [35mqueueSize[39m: 184
    [35mfilterLevel[39m: 1
    [35mpriority[39m: 1000
[37mMETRICS[39m [18:07:46]: [36m🔄 QUEUE | User added to queue[39m
    [35mcategory[39m: "🔄 QUEUE"
    [35muserMID[39m: "user184"
    [35mposition[39m: 185
    [35mqueueSize[39m: 185
    [35mfilterLevel[39m: 1
    [35mpriority[39m: 1000
[37mMETRICS[39m [18:07:46]: [36m🔄 QUEUE | User added to queue[39m
    [35mcategory[39m: "🔄 QUEUE"
    [35muserMID[39m: "user185"
    [35mposition[39m: 186
    [35mqueueSize[39m: 186
    [35mfilterLevel[39m: 1
    [35mpriority[39m: 1000
[37mMETRICS[39m [18:07:46]: [36m🔄 QUEUE | User added to queue[39m
    [35mcategory[39m: "🔄 QUEUE"
    [35muserMID[39m: "user186"
    [35mposition[39m: 187
    [35mqueueSize[39m: 187
    [35mfilterLevel[39m: 1
    [35mpriority[39m: 1000
[37mMETRICS[39m [18:07:46]: [36m🔄 QUEUE | User added to queue[39m
    [35mcategory[39m: "🔄 QUEUE"
    [35muserMID[39m: "user187"
    [35mposition[39m: 188
    [35mqueueSize[39m: 188
    [35mfilterLevel[39m: 1
    [35mpriority[39m: 1000
[37mMETRICS[39m [18:07:46]: [36m🔄 QUEUE | User added to queue[39m
    [35mcategory[39m: "🔄 QUEUE"
    [35muserMID[39m: "user188"
    [35mposition[39m: 189
    [35mqueueSize[39m: 189
    [35mfilterLevel[39m: 1
    [35mpriority[39m: 1000
[37mMETRICS[39m [18:07:46]: [36m🔄 QUEUE | User added to queue[39m
    [35mcategory[39m: "🔄 QUEUE"
    [35muserMID[39m: "user189"
    [35mposition[39m: 190
    [35mqueueSize[39m: 190
    [35mfilterLevel[39m: 1
    [35mpriority[39m: 1000
[37mMETRICS[39m [18:07:46]: [36m🔄 QUEUE | User added to queue[39m
    [35mcategory[39m: "🔄 QUEUE"
    [35muserMID[39m: "user190"
    [35mposition[39m: 191
    [35mqueueSize[39m: 191
    [35mfilterLevel[39m: 1
    [35mpriority[39m: 1000
[37mMETRICS[39m [18:07:46]: [36m🔄 QUEUE | User added to queue[39m
    [35mcategory[39m: "🔄 QUEUE"
    [35muserMID[39m: "user191"
    [35mposition[39m: 192
    [35mqueueSize[39m: 192
    [35mfilterLevel[39m: 1
    [35mpriority[39m: 1000
[37mMETRICS[39m [18:07:46]: [36m🔄 QUEUE | User added to queue[39m
    [35mcategory[39m: "🔄 QUEUE"
    [35muserMID[39m: "user192"
    [35mposition[39m: 193
    [35mqueueSize[39m: 193
    [35mfilterLevel[39m: 1
    [35mpriority[39m: 1000
[37mMETRICS[39m [18:07:46]: [36m🔄 QUEUE | User added to queue[39m
    [35mcategory[39m: "🔄 QUEUE"
    [35muserMID[39m: "user193"
    [35mposition[39m: 194
    [35mqueueSize[39m: 194
    [35mfilterLevel[39m: 1
    [35mpriority[39m: 1000
[37mMETRICS[39m [18:07:46]: [36m🔄 QUEUE | User added to queue[39m
    [35mcategory[39m: "🔄 QUEUE"
    [35muserMID[39m: "user194"
    [35mposition[39m: 195
    [35mqueueSize[39m: 195
    [35mfilterLevel[39m: 1
    [35mpriority[39m: 1000
[37mMETRICS[39m [18:07:46]: [36m🔄 QUEUE | User added to queue[39m
    [35mcategory[39m: "🔄 QUEUE"
    [35muserMID[39m: "user195"
    [35mposition[39m: 196
    [35mqueueSize[39m: 196
    [35mfilterLevel[39m: 1
    [35mpriority[39m: 1000
      ✔ should return false after release
[37mMETRICS[39m [18:07:46]: [36m🔄 QUEUE | User added to queue[39m
    [35mcategory[39m: "🔄 QUEUE"
    [35muserMID[39m: "user196"
    [35mposition[39m: 197
    [35mqueueSize[39m: 197
    [35mfilterLevel[39m: 1
    [35mpriority[39m: 1000
    getLockedUsers()
      8) should return empty array when no users locked
[37mMETRICS[39m [18:07:46]: [36m🔄 QUEUE | User added to queue[39m
    [35mcategory[39m: "🔄 QUEUE"
    [35muserMID[39m: "user197"
    [35mposition[39m: 198
    [35mqueueSize[39m: 198
    [35mfilterLevel[39m: 1
    [35mpriority[39m: 1000
[37mMETRICS[39m [18:07:46]: [36m🔄 QUEUE | User added to queue[39m
    [35mcategory[39m: "🔄 QUEUE"
    [35muserMID[39m: "user198"
    [35mposition[39m: 199
    [35mqueueSize[39m: 199
    [35mfilterLevel[39m: 1
    [35mpriority[39m: 1000
[37mMETRICS[39m [18:07:46]: [36m🔄 QUEUE | User added to queue[39m
    [35mcategory[39m: "🔄 QUEUE"
    [35muserMID[39m: "user199"
    [35mposition[39m: 200
    [35mqueueSize[39m: 200
    [35mfilterLevel[39m: 1
    [35mpriority[39m: 1000
[37mMETRICS[39m [18:07:46]: [36m🔄 QUEUE | User added to queue[39m
    [35mcategory[39m: "🔄 QUEUE"
    [35muserMID[39m: "user200"
    [35mposition[39m: 201
    [35mqueueSize[39m: 201
    [35mfilterLevel[39m: 1
    [35mpriority[39m: 1000
[37mMETRICS[39m [18:07:46]: [36m🔄 QUEUE | User added to queue[39m
    [35mcategory[39m: "🔄 QUEUE"
    [35muserMID[39m: "user201"
    [35mposition[39m: 202
    [35mqueueSize[39m: 202
    [35mfilterLevel[39m: 1
    [35mpriority[39m: 1000
[37mMETRICS[39m [18:07:46]: [36m🔄 QUEUE | User added to queue[39m
    [35mcategory[39m: "🔄 QUEUE"
    [35muserMID[39m: "user202"
    [35mposition[39m: 203
    [35mqueueSize[39m: 203
    [35mfilterLevel[39m: 1
    [35mpriority[39m: 1000
[37mMETRICS[39m [18:07:46]: [36m🔄 QUEUE | User added to queue[39m
    [35mcategory[39m: "🔄 QUEUE"
    [35muserMID[39m: "user203"
    [35mposition[39m: 204
    [35mqueueSize[39m: 204
    [35mfilterLevel[39m: 1
    [35mpriority[39m: 1000
[37mMETRICS[39m [18:07:46]: [36m🔄 QUEUE | User added to queue[39m
    [35mcategory[39m: "🔄 QUEUE"
    [35muserMID[39m: "user204"
    [35mposition[39m: 205
    [35mqueueSize[39m: 205
    [35mfilterLevel[39m: 1
    [35mpriority[39m: 1000
[37mMETRICS[39m [18:07:46]: [36m🔄 QUEUE | User added to queue[39m
    [35mcategory[39m: "🔄 QUEUE"
    [35muserMID[39m: "user205"
    [35mposition[39m: 206
    [35mqueueSize[39m: 206
    [35mfilterLevel[39m: 1
    [35mpriority[39m: 1000
[37mMETRICS[39m [18:07:46]: [36m🔄 QUEUE | User added to queue[39m
    [35mcategory[39m: "🔄 QUEUE"
    [35muserMID[39m: "user206"
    [35mposition[39m: 207
    [35mqueueSize[39m: 207
    [35mfilterLevel[39m: 1
    [35mpriority[39m: 1000
[37mMETRICS[39m [18:07:46]: [36m🔄 QUEUE | User added to queue[39m
    [35mcategory[39m: "🔄 QUEUE"
    [35muserMID[39m: "user207"
    [35mposition[39m: 208
    [35mqueueSize[39m: 208
    [35mfilterLevel[39m: 1
    [35mpriority[39m: 1000
[37mMETRICS[39m [18:07:46]: [36m🔄 QUEUE | User added to queue[39m
    [35mcategory[39m: "🔄 QUEUE"
    [35muserMID[39m: "user208"
    [35mposition[39m: 209
    [35mqueueSize[39m: 209
    [35mfilterLevel[39m: 1
    [35mpriority[39m: 1000
[37mMETRICS[39m [18:07:46]: [36m🔄 QUEUE | User added to queue[39m
    [35mcategory[39m: "🔄 QUEUE"
    [35muserMID[39m: "user209"
    [35mposition[39m: 210
    [35mqueueSize[39m: 210
    [35mfilterLevel[39m: 1
    [35mpriority[39m: 1000
[37mMETRICS[39m [18:07:46]: [36m🔄 QUEUE | User added to queue[39m
    [35mcategory[39m: "🔄 QUEUE"
    [35muserMID[39m: "user210"
    [35mposition[39m: 211
    [35mqueueSize[39m: 211
    [35mfilterLevel[39m: 1
    [35mpriority[39m: 1000
[37mMETRICS[39m [18:07:46]: [36m🔄 QUEUE | User added to queue[39m
    [35mcategory[39m: "🔄 QUEUE"
    [35muserMID[39m: "user211"
    [35mposition[39m: 212
    [35mqueueSize[39m: 212
    [35mfilterLevel[39m: 1
    [35mpriority[39m: 1000
[37mMETRICS[39m [18:07:46]: [36m🔄 QUEUE | User added to queue[39m
    [35mcategory[39m: "🔄 QUEUE"
    [35muserMID[39m: "user212"
    [35mposition[39m: 213
    [35mqueueSize[39m: 213
    [35mfilterLevel[39m: 1
    [35mpriority[39m: 1000
[37mMETRICS[39m [18:07:46]: [36m🔄 QUEUE | User added to queue[39m
    [35mcategory[39m: "🔄 QUEUE"
    [35muserMID[39m: "user213"
    [35mposition[39m: 214
    [35mqueueSize[39m: 214
    [35mfilterLevel[39m: 1
    [35mpriority[39m: 1000
[37mMETRICS[39m [18:07:46]: [36m🔄 QUEUE | User added to queue[39m
    [35mcategory[39m: "🔄 QUEUE"
    [35muserMID[39m: "user214"
    [35mposition[39m: 1
    [35mqueueSize[39m: 215
    [35mfilterLevel[39m: 1
    [35mpriority[39m: 1001
[37mMETRICS[39m [18:07:46]: [36m🔄 QUEUE | User added to queue[39m
    [35mcategory[39m: "🔄 QUEUE"
    [35muserMID[39m: "user215"
    [35mposition[39m: 216
    [35mqueueSize[39m: 216
    [35mfilterLevel[39m: 1
    [35mpriority[39m: 1000
[37mMETRICS[39m [18:07:46]: [36m🔄 QUEUE | User added to queue[39m
    [35mcategory[39m: "🔄 QUEUE"
    [35muserMID[39m: "user216"
    [35mposition[39m: 217
    [35mqueueSize[39m: 217
    [35mfilterLevel[39m: 1
    [35mpriority[39m: 1000
[37mMETRICS[39m [18:07:46]: [36m🔄 QUEUE | User added to queue[39m
    [35mcategory[39m: "🔄 QUEUE"
    [35muserMID[39m: "user217"
    [35mposition[39m: 218
    [35mqueueSize[39m: 218
    [35mfilterLevel[39m: 1
    [35mpriority[39m: 1000
[37mMETRICS[39m [18:07:46]: [36m🔄 QUEUE | User added to queue[39m
    [35mcategory[39m: "🔄 QUEUE"
    [35muserMID[39m: "user218"
    [35mposition[39m: 219
    [35mqueueSize[39m: 219
    [35mfilterLevel[39m: 1
    [35mpriority[39m: 1000
[37mMETRICS[39m [18:07:46]: [36m🔄 QUEUE | User added to queue[39m
    [35mcategory[39m: "🔄 QUEUE"
    [35muserMID[39m: "user219"
    [35mposition[39m: 220
    [35mqueueSize[39m: 220
    [35mfilterLevel[39m: 1
    [35mpriority[39m: 1000
[37mMETRICS[39m [18:07:46]: [36m🔄 QUEUE | User added to queue[39m
    [35mcategory[39m: "🔄 QUEUE"
    [35muserMID[39m: "user220"
    [35mposition[39m: 221
    [35mqueueSize[39m: 221
    [35mfilterLevel[39m: 1
    [35mpriority[39m: 1000
[37mMETRICS[39m [18:07:46]: [36m🔄 QUEUE | User added to queue[39m
    [35mcategory[39m: "🔄 QUEUE"
    [35muserMID[39m: "user221"
    [35mposition[39m: 222
    [35mqueueSize[39m: 222
    [35mfilterLevel[39m: 1
    [35mpriority[39m: 1000
[37mMETRICS[39m [18:07:46]: [36m🔄 QUEUE | User added to queue[39m
    [35mcategory[39m: "🔄 QUEUE"
    [35muserMID[39m: "user222"
    [35mposition[39m: 223
    [35mqueueSize[39m: 223
    [35mfilterLevel[39m: 1
    [35mpriority[39m: 1000
[37mMETRICS[39m [18:07:46]: [36m🔄 QUEUE | User added to queue[39m
    [35mcategory[39m: "🔄 QUEUE"
    [35muserMID[39m: "user223"
    [35mposition[39m: 224
    [35mqueueSize[39m: 224
    [35mfilterLevel[39m: 1
    [35mpriority[39m: 1000
[37mMETRICS[39m [18:07:46]: [36m🔄 QUEUE | User added to queue[39m
    [35mcategory[39m: "🔄 QUEUE"
    [35muserMID[39m: "user224"
    [35mposition[39m: 225
    [35mqueueSize[39m: 225
    [35mfilterLevel[39m: 1
    [35mpriority[39m: 1000
[37mMETRICS[39m [18:07:46]: [36m🔄 QUEUE | User added to queue[39m
    [35mcategory[39m: "🔄 QUEUE"
    [35muserMID[39m: "user225"
    [35mposition[39m: 226
    [35mqueueSize[39m: 226
    [35mfilterLevel[39m: 1
    [35mpriority[39m: 1000
[37mMETRICS[39m [18:07:46]: [36m🔄 QUEUE | User added to queue[39m
    [35mcategory[39m: "🔄 QUEUE"
    [35muserMID[39m: "user226"
    [35mposition[39m: 227
    [35mqueueSize[39m: 227
    [35mfilterLevel[39m: 1
    [35mpriority[39m: 1000
[37mMETRICS[39m [18:07:46]: [36m🔄 QUEUE | User added to queue[39m
    [35mcategory[39m: "🔄 QUEUE"
    [35muserMID[39m: "user227"
    [35mposition[39m: 228
    [35mqueueSize[39m: 228
    [35mfilterLevel[39m: 1
    [35mpriority[39m: 1000
[37mMETRICS[39m [18:07:46]: [36m🔄 QUEUE | User added to queue[39m
    [35mcategory[39m: "🔄 QUEUE"
    [35muserMID[39m: "user228"
    [35mposition[39m: 229
    [35mqueueSize[39m: 229
    [35mfilterLevel[39m: 1
    [35mpriority[39m: 1000
[37mMETRICS[39m [18:07:46]: [36m🔄 QUEUE | User added to queue[39m
    [35mcategory[39m: "🔄 QUEUE"
    [35muserMID[39m: "user229"
    [35mposition[39m: 230
    [35mqueueSize[39m: 230
    [35mfilterLevel[39m: 1
    [35mpriority[39m: 1000
[37mMETRICS[39m [18:07:46]: [36m🔄 QUEUE | User added to queue[39m
    [35mcategory[39m: "🔄 QUEUE"
    [35muserMID[39m: "user230"
    [35mposition[39m: 231
    [35mqueueSize[39m: 231
    [35mfilterLevel[39m: 1
    [35mpriority[39m: 1000
[37mMETRICS[39m [18:07:46]: [36m🔄 QUEUE | User added to queue[39m
    [35mcategory[39m: "🔄 QUEUE"
    [35muserMID[39m: "user231"
    [35mposition[39m: 232
    [35mqueueSize[39m: 232
    [35mfilterLevel[39m: 1
    [35mpriority[39m: 1000
[37mMETRICS[39m [18:07:46]: [36m🔄 QUEUE | User added to queue[39m
    [35mcategory[39m: "🔄 QUEUE"
    [35muserMID[39m: "user232"
    [35mposition[39m: 233
    [35mqueueSize[39m: 233
    [35mfilterLevel[39m: 1
    [35mpriority[39m: 1000
[37mMETRICS[39m [18:07:46]: [36m🔄 QUEUE | User added to queue[39m
    [35mcategory[39m: "🔄 QUEUE"
    [35muserMID[39m: "user233"
    [35mposition[39m: 234
    [35mqueueSize[39m: 234
    [35mfilterLevel[39m: 1
    [35mpriority[39m: 1000
[37mMETRICS[39m [18:07:46]: [36m🔄 QUEUE | User added to queue[39m
    [35mcategory[39m: "🔄 QUEUE"
    [35muserMID[39m: "user234"
    [35mposition[39m: 235
    [35mqueueSize[39m: 235
    [35mfilterLevel[39m: 1
    [35mpriority[39m: 1000
[37mMETRICS[39m [18:07:46]: [36m🔄 QUEUE | User added to queue[39m
    [35mcategory[39m: "🔄 QUEUE"
    [35muserMID[39m: "user235"
    [35mposition[39m: 236
    [35mqueueSize[39m: 236
    [35mfilterLevel[39m: 1
    [35mpriority[39m: 1000
[37mMETRICS[39m [18:07:46]: [36m🔄 QUEUE | User added to queue[39m
    [35mcategory[39m: "🔄 QUEUE"
    [35muserMID[39m: "user236"
    [35mposition[39m: 237
    [35mqueueSize[39m: 237
    [35mfilterLevel[39m: 1
    [35mpriority[39m: 1000
[37mMETRICS[39m [18:07:46]: [36m🔄 QUEUE | User added to queue[39m
    [35mcategory[39m: "🔄 QUEUE"
    [35muserMID[39m: "user237"
    [35mposition[39m: 238
    [35mqueueSize[39m: 238
    [35mfilterLevel[39m: 1
    [35mpriority[39m: 1000
[37mMETRICS[39m [18:07:46]: [36m🔄 QUEUE | User added to queue[39m
    [35mcategory[39m: "🔄 QUEUE"
    [35muserMID[39m: "user238"
    [35mposition[39m: 239
    [35mqueueSize[39m: 239
    [35mfilterLevel[39m: 1
    [35mpriority[39m: 1000
[37mMETRICS[39m [18:07:46]: [36m🔄 QUEUE | User added to queue[39m
    [35mcategory[39m: "🔄 QUEUE"
    [35muserMID[39m: "user239"
    [35mposition[39m: 240
    [35mqueueSize[39m: 240
    [35mfilterLevel[39m: 1
    [35mpriority[39m: 1000
[37mMETRICS[39m [18:07:46]: [36m🔄 QUEUE | User added to queue[39m
    [35mcategory[39m: "🔄 QUEUE"
    [35muserMID[39m: "user240"
    [35mposition[39m: 241
    [35mqueueSize[39m: 241
    [35mfilterLevel[39m: 1
    [35mpriority[39m: 1000
[37mMETRICS[39m [18:07:46]: [36m🔄 QUEUE | User added to queue[39m
    [35mcategory[39m: "🔄 QUEUE"
    [35muserMID[39m: "user241"
    [35mposition[39m: 242
    [35mqueueSize[39m: 242
    [35mfilterLevel[39m: 1
    [35mpriority[39m: 1000
[37mMETRICS[39m [18:07:46]: [36m🔄 QUEUE | User added to queue[39m
    [35mcategory[39m: "🔄 QUEUE"
    [35muserMID[39m: "user242"
    [35mposition[39m: 243
    [35mqueueSize[39m: 243
    [35mfilterLevel[39m: 1
    [35mpriority[39m: 1000
[37mMETRICS[39m [18:07:46]: [36m🔄 QUEUE | User added to queue[39m
    [35mcategory[39m: "🔄 QUEUE"
    [35muserMID[39m: "user243"
    [35mposition[39m: 244
    [35mqueueSize[39m: 244
    [35mfilterLevel[39m: 1
    [35mpriority[39m: 1000
[37mMETRICS[39m [18:07:46]: [36m🔄 QUEUE | User added to queue[39m
    [35mcategory[39m: "🔄 QUEUE"
    [35muserMID[39m: "user244"
    [35mposition[39m: 245
    [35mqueueSize[39m: 245
    [35mfilterLevel[39m: 1
    [35mpriority[39m: 1000
[37mMETRICS[39m [18:07:46]: [36m🔄 QUEUE | User added to queue[39m
    [35mcategory[39m: "🔄 QUEUE"
    [35muserMID[39m: "user245"
    [35mposition[39m: 246
    [35mqueueSize[39m: 246
    [35mfilterLevel[39m: 1
    [35mpriority[39m: 1000
[37mMETRICS[39m [18:07:46]: [36m🔄 QUEUE | User added to queue[39m
    [35mcategory[39m: "🔄 QUEUE"
    [35muserMID[39m: "user246"
    [35mposition[39m: 247
    [35mqueueSize[39m: 247
    [35mfilterLevel[39m: 1
    [35mpriority[39m: 1000
[37mMETRICS[39m [18:07:46]: [36m🔄 QUEUE | User added to queue[39m
    [35mcategory[39m: "🔄 QUEUE"
    [35muserMID[39m: "user247"
    [35mposition[39m: 248
    [35mqueueSize[39m: 248
    [35mfilterLevel[39m: 1
    [35mpriority[39m: 1000
[37mMETRICS[39m [18:07:46]: [36m🔄 QUEUE | User added to queue[39m
    [35mcategory[39m: "🔄 QUEUE"
    [35muserMID[39m: "user248"
    [35mposition[39m: 249
    [35mqueueSize[39m: 249
    [35mfilterLevel[39m: 1
    [35mpriority[39m: 1000
[37mMETRICS[39m [18:07:46]: [36m🔄 QUEUE | User added to queue[39m
    [35mcategory[39m: "🔄 QUEUE"
    [35muserMID[39m: "user249"
    [35mposition[39m: 250
    [35mqueueSize[39m: 250
    [35mfilterLevel[39m: 1
    [35mpriority[39m: 1000
[37mMETRICS[39m [18:07:46]: [36m🔄 QUEUE | User added to queue[39m
    [35mcategory[39m: "🔄 QUEUE"
    [35muserMID[39m: "user250"
    [35mposition[39m: 251
    [35mqueueSize[39m: 251
    [35mfilterLevel[39m: 1
    [35mpriority[39m: 1000
[37mMETRICS[39m [18:07:46]: [36m🔄 QUEUE | User added to queue[39m
    [35mcategory[39m: "🔄 QUEUE"
    [35muserMID[39m: "user251"
    [35mposition[39m: 252
    [35mqueueSize[39m: 252
    [35mfilterLevel[39m: 1
    [35mpriority[39m: 1000
[37mMETRICS[39m [18:07:46]: [36m🔄 QUEUE | User added to queue[39m
    [35mcategory[39m: "🔄 QUEUE"
    [35muserMID[39m: "user252"
    [35mposition[39m: 253
    [35mqueueSize[39m: 253
    [35mfilterLevel[39m: 1
    [35mpriority[39m: 1000
[37mMETRICS[39m [18:07:46]: [36m🔄 QUEUE | User added to queue[39m
    [35mcategory[39m: "🔄 QUEUE"
    [35muserMID[39m: "user253"
    [35mposition[39m: 254
    [35mqueueSize[39m: 254
    [35mfilterLevel[39m: 1
    [35mpriority[39m: 1000
[37mMETRICS[39m [18:07:46]: [36m🔄 QUEUE | User added to queue[39m
    [35mcategory[39m: "🔄 QUEUE"
    [35muserMID[39m: "user254"
    [35mposition[39m: 255
    [35mqueueSize[39m: 255
    [35mfilterLevel[39m: 1
    [35mpriority[39m: 1000
[37mMETRICS[39m [18:07:46]: [36m🔄 QUEUE | User added to queue[39m
    [35mcategory[39m: "🔄 QUEUE"
    [35muserMID[39m: "user255"
    [35mposition[39m: 256
    [35mqueueSize[39m: 256
    [35mfilterLevel[39m: 1
    [35mpriority[39m: 1000
[37mMETRICS[39m [18:07:46]: [36m🔄 QUEUE | User added to queue[39m
    [35mcategory[39m: "🔄 QUEUE"
    [35muserMID[39m: "user256"
    [35mposition[39m: 257
    [35mqueueSize[39m: 257
    [35mfilterLevel[39m: 1
    [35mpriority[39m: 1000
[37mMETRICS[39m [18:07:46]: [36m🔄 QUEUE | User added to queue[39m
    [35mcategory[39m: "🔄 QUEUE"
    [35muserMID[39m: "user257"
    [35mposition[39m: 258
    [35mqueueSize[39m: 258
    [35mfilterLevel[39m: 1
    [35mpriority[39m: 1000
[37mMETRICS[39m [18:07:46]: [36m🔄 QUEUE | User added to queue[39m
    [35mcategory[39m: "🔄 QUEUE"
    [35muserMID[39m: "user258"
    [35mposition[39m: 259
    [35mqueueSize[39m: 259
    [35mfilterLevel[39m: 1
    [35mpriority[39m: 1000
[37mMETRICS[39m [18:07:46]: [36m🔄 QUEUE | User added to queue[39m
    [35mcategory[39m: "🔄 QUEUE"
    [35muserMID[39m: "user259"
    [35mposition[39m: 260
    [35mqueueSize[39m: 260
    [35mfilterLevel[39m: 1
    [35mpriority[39m: 1000
[37mMETRICS[39m [18:07:46]: [36m🔄 QUEUE | User added to queue[39m
    [35mcategory[39m: "🔄 QUEUE"
    [35muserMID[39m: "user260"
    [35mposition[39m: 261
    [35mqueueSize[39m: 261
    [35mfilterLevel[39m: 1
    [35mpriority[39m: 1000
      ✔ should return all locked users
[37mMETRICS[39m [18:07:46]: [36m🔄 QUEUE | User added to queue[39m
    [35mcategory[39m: "🔄 QUEUE"
    [35muserMID[39m: "user261"
    [35mposition[39m: 262
    [35mqueueSize[39m: 262
    [35mfilterLevel[39m: 1
    [35mpriority[39m: 1000
    concurrent operations simulation
      9) should handle 100 concurrent lock attempts correctly
      ✔ should prevent any user from being locked twice
    edge cases
      10) should handle empty string userIds
[37mMETRICS[39m [18:07:46]: [36m🔄 QUEUE | User added to queue[39m
    [35mcategory[39m: "🔄 QUEUE"
    [35muserMID[39m: "user262"
    [35mposition[39m: 263
    [35mqueueSize[39m: 263
    [35mfilterLevel[39m: 1
    [35mpriority[39m: 1000
[37mMETRICS[39m [18:07:46]: [36m🔄 QUEUE | User added to queue[39m
    [35mcategory[39m: "🔄 QUEUE"
    [35muserMID[39m: "user263"
    [35mposition[39m: 264
    [35mqueueSize[39m: 264
    [35mfilterLevel[39m: 1
    [35mpriority[39m: 1000
[37mMETRICS[39m [18:07:46]: [36m🔄 QUEUE | User added to queue[39m
    [35mcategory[39m: "🔄 QUEUE"
    [35muserMID[39m: "user264"
    [35mposition[39m: 265
    [35mqueueSize[39m: 265
    [35mfilterLevel[39m: 1
    [35mpriority[39m: 1000
[37mMETRICS[39m [18:07:46]: [36m🔄 QUEUE | User added to queue[39m
    [35mcategory[39m: "🔄 QUEUE"
    [35muserMID[39m: "user265"
    [35mposition[39m: 266
    [35mqueueSize[39m: 266
    [35mfilterLevel[39m: 1
    [35mpriority[39m: 1000
[37mMETRICS[39m [18:07:46]: [36m🔄 QUEUE | User added to queue[39m
    [35mcategory[39m: "🔄 QUEUE"
    [35muserMID[39m: "user266"
    [35mposition[39m: 267
    [35mqueueSize[39m: 267
    [35mfilterLevel[39m: 1
    [35mpriority[39m: 1000
[37mMETRICS[39m [18:07:46]: [36m🔄 QUEUE | User added to queue[39m
    [35mcategory[39m: "🔄 QUEUE"
    [35muserMID[39m: "user267"
    [35mposition[39m: 268
    [35mqueueSize[39m: 268
    [35mfilterLevel[39m: 1
    [35mpriority[39m: 1000
[37mMETRICS[39m [18:07:46]: [36m🔄 QUEUE | User added to queue[39m
    [35mcategory[39m: "🔄 QUEUE"
    [35muserMID[39m: "user268"
    [35mposition[39m: 269
    [35mqueueSize[39m: 269
    [35mfilterLevel[39m: 1
    [35mpriority[39m: 1000
[37mMETRICS[39m [18:07:46]: [36m🔄 QUEUE | User added to queue[39m
    [35mcategory[39m: "🔄 QUEUE"
    [35muserMID[39m: "user269"
    [35mposition[39m: 270
    [35mqueueSize[39m: 270
    [35mfilterLevel[39m: 1
    [35mpriority[39m: 1000
[37mMETRICS[39m [18:07:46]: [36m🔄 QUEUE | User added to queue[39m
    [35mcategory[39m: "🔄 QUEUE"
    [35muserMID[39m: "user270"
    [35mposition[39m: 271
    [35mqueueSize[39m: 271
    [35mfilterLevel[39m: 1
    [35mpriority[39m: 1000
[37mMETRICS[39m [18:07:46]: [36m🔄 QUEUE | User added to queue[39m
    [35mcategory[39m: "🔄 QUEUE"
    [35muserMID[39m: "user271"
    [35mposition[39m: 272
    [35mqueueSize[39m: 272
    [35mfilterLevel[39m: 1
    [35mpriority[39m: 1000
[37mMETRICS[39m [18:07:46]: [36m🔄 QUEUE | User added to queue[39m
    [35mcategory[39m: "🔄 QUEUE"
    [35muserMID[39m: "user272"
    [35mposition[39m: 273
    [35mqueueSize[39m: 273
    [35mfilterLevel[39m: 1
    [35mpriority[39m: 1000
[37mMETRICS[39m [18:07:46]: [36m🔄 QUEUE | User added to queue[39m
    [35mcategory[39m: "🔄 QUEUE"
    [35muserMID[39m: "user273"
    [35mposition[39m: 274
    [35mqueueSize[39m: 274
    [35mfilterLevel[39m: 1
    [35mpriority[39m: 1000
[37mMETRICS[39m [18:07:46]: [36m🔄 QUEUE | User added to queue[39m
    [35mcategory[39m: "🔄 QUEUE"
    [35muserMID[39m: "user274"
    [35mposition[39m: 275
    [35mqueueSize[39m: 275
    [35mfilterLevel[39m: 1
    [35mpriority[39m: 1000
[37mMETRICS[39m [18:07:46]: [36m🔄 QUEUE | User added to queue[39m
    [35mcategory[39m: "🔄 QUEUE"
    [35muserMID[39m: "user275"
    [35mposition[39m: 276
    [35mqueueSize[39m: 276
    [35mfilterLevel[39m: 1
    [35mpriority[39m: 1000
[37mMETRICS[39m [18:07:46]: [36m🔄 QUEUE | User added to queue[39m
    [35mcategory[39m: "🔄 QUEUE"
    [35muserMID[39m: "user276"
    [35mposition[39m: 277
    [35mqueueSize[39m: 277
    [35mfilterLevel[39m: 1
    [35mpriority[39m: 1000
[37mMETRICS[39m [18:07:46]: [36m🔄 QUEUE | User added to queue[39m
    [35mcategory[39m: "🔄 QUEUE"
    [35muserMID[39m: "user277"
    [35mposition[39m: 278
    [35mqueueSize[39m: 278
    [35mfilterLevel[39m: 1
    [35mpriority[39m: 1000
[37mMETRICS[39m [18:07:46]: [36m🔄 QUEUE | User added to queue[39m
    [35mcategory[39m: "🔄 QUEUE"
    [35muserMID[39m: "user278"
    [35mposition[39m: 279
    [35mqueueSize[39m: 279
    [35mfilterLevel[39m: 1
    [35mpriority[39m: 1000
[37mMETRICS[39m [18:07:46]: [36m🔄 QUEUE | User added to queue[39m
    [35mcategory[39m: "🔄 QUEUE"
    [35muserMID[39m: "user279"
    [35mposition[39m: 280
    [35mqueueSize[39m: 280
    [35mfilterLevel[39m: 1
    [35mpriority[39m: 1000
[37mMETRICS[39m [18:07:46]: [36m🔄 QUEUE | User added to queue[39m
    [35mcategory[39m: "🔄 QUEUE"
    [35muserMID[39m: "user280"
    [35mposition[39m: 281
    [35mqueueSize[39m: 281
    [35mfilterLevel[39m: 1
    [35mpriority[39m: 1000
[37mMETRICS[39m [18:07:46]: [36m🔄 QUEUE | User added to queue[39m
    [35mcategory[39m: "🔄 QUEUE"
    [35muserMID[39m: "user281"
    [35mposition[39m: 282
    [35mqueueSize[39m: 282
    [35mfilterLevel[39m: 1
    [35mpriority[39m: 1000
[37mMETRICS[39m [18:07:46]: [36m🔄 QUEUE | User added to queue[39m
    [35mcategory[39m: "🔄 QUEUE"
    [35muserMID[39m: "user282"
    [35mposition[39m: 283
    [35mqueueSize[39m: 283
    [35mfilterLevel[39m: 1
    [35mpriority[39m: 1000
[37mMETRICS[39m [18:07:46]: [36m🔄 QUEUE | User added to queue[39m
    [35mcategory[39m: "🔄 QUEUE"
    [35muserMID[39m: "user283"
    [35mposition[39m: 284
    [35mqueueSize[39m: 284
    [35mfilterLevel[39m: 1
    [35mpriority[39m: 1000
[37mMETRICS[39m [18:07:46]: [36m🔄 QUEUE | User added to queue[39m
    [35mcategory[39m: "🔄 QUEUE"
    [35muserMID[39m: "user284"
    [35mposition[39m: 285
    [35mqueueSize[39m: 285
    [35mfilterLevel[39m: 1
    [35mpriority[39m: 1000
[37mMETRICS[39m [18:07:46]: [36m🔄 QUEUE | User added to queue[39m
    [35mcategory[39m: "🔄 QUEUE"
    [35muserMID[39m: "user285"
    [35mposition[39m: 286
    [35mqueueSize[39m: 286
    [35mfilterLevel[39m: 1
    [35mpriority[39m: 1000
[37mMETRICS[39m [18:07:46]: [36m🔄 QUEUE | User added to queue[39m
    [35mcategory[39m: "🔄 QUEUE"
    [35muserMID[39m: "user286"
    [35mposition[39m: 287
    [35mqueueSize[39m: 287
    [35mfilterLevel[39m: 1
    [35mpriority[39m: 1000
[37mMETRICS[39m [18:07:46]: [36m🔄 QUEUE | User added to queue[39m
    [35mcategory[39m: "🔄 QUEUE"
    [35muserMID[39m: "user287"
    [35mposition[39m: 288
    [35mqueueSize[39m: 288
    [35mfilterLevel[39m: 1
    [35mpriority[39m: 1000
[37mMETRICS[39m [18:07:46]: [36m🔄 QUEUE | User added to queue[39m
    [35mcategory[39m: "🔄 QUEUE"
    [35muserMID[39m: "user288"
    [35mposition[39m: 289
    [35mqueueSize[39m: 289
    [35mfilterLevel[39m: 1
    [35mpriority[39m: 1000
[37mMETRICS[39m [18:07:46]: [36m🔄 QUEUE | User added to queue[39m
    [35mcategory[39m: "🔄 QUEUE"
    [35muserMID[39m: "user289"
    [35mposition[39m: 290
    [35mqueueSize[39m: 290
    [35mfilterLevel[39m: 1
    [35mpriority[39m: 1000
[37mMETRICS[39m [18:07:46]: [36m🔄 QUEUE | User added to queue[39m
    [35mcategory[39m: "🔄 QUEUE"
    [35muserMID[39m: "user290"
    [35mposition[39m: 291
    [35mqueueSize[39m: 291
    [35mfilterLevel[39m: 1
    [35mpriority[39m: 1000
[37mMETRICS[39m [18:07:46]: [36m🔄 QUEUE | User added to queue[39m
    [35mcategory[39m: "🔄 QUEUE"
    [35muserMID[39m: "user291"
    [35mposition[39m: 292
    [35mqueueSize[39m: 292
    [35mfilterLevel[39m: 1
    [35mpriority[39m: 1000
[37mMETRICS[39m [18:07:46]: [36m🔄 QUEUE | User added to queue[39m
    [35mcategory[39m: "🔄 QUEUE"
    [35muserMID[39m: "user292"
    [35mposition[39m: 293
    [35mqueueSize[39m: 293
    [35mfilterLevel[39m: 1
    [35mpriority[39m: 1000
[37mMETRICS[39m [18:07:46]: [36m🔄 QUEUE | User added to queue[39m
    [35mcategory[39m: "🔄 QUEUE"
    [35muserMID[39m: "user293"
    [35mposition[39m: 294
    [35mqueueSize[39m: 294
    [35mfilterLevel[39m: 1
    [35mpriority[39m: 1000
[37mMETRICS[39m [18:07:46]: [36m🔄 QUEUE | User added to queue[39m
    [35mcategory[39m: "🔄 QUEUE"
    [35muserMID[39m: "user294"
    [35mposition[39m: 295
    [35mqueueSize[39m: 295
    [35mfilterLevel[39m: 1
    [35mpriority[39m: 1000
[37mMETRICS[39m [18:07:46]: [36m🔄 QUEUE | User added to queue[39m
    [35mcategory[39m: "🔄 QUEUE"
    [35muserMID[39m: "user295"
    [35mposition[39m: 2
    [35mqueueSize[39m: 296
    [35mfilterLevel[39m: 1
    [35mpriority[39m: 1001
[37mMETRICS[39m [18:07:46]: [36m🔄 QUEUE | User added to queue[39m
    [35mcategory[39m: "🔄 QUEUE"
    [35muserMID[39m: "user296"
    [35mposition[39m: 297
    [35mqueueSize[39m: 297
    [35mfilterLevel[39m: 1
    [35mpriority[39m: 1000
[37mMETRICS[39m [18:07:46]: [36m🔄 QUEUE | User added to queue[39m
    [35mcategory[39m: "🔄 QUEUE"
    [35muserMID[39m: "user297"
    [35mposition[39m: 298
    [35mqueueSize[39m: 298
    [35mfilterLevel[39m: 1
    [35mpriority[39m: 1000
[37mMETRICS[39m [18:07:46]: [36m🔄 QUEUE | User added to queue[39m
    [35mcategory[39m: "🔄 QUEUE"
    [35muserMID[39m: "user298"
    [35mposition[39m: 299
    [35mqueueSize[39m: 299
    [35mfilterLevel[39m: 1
    [35mpriority[39m: 1000
[37mMETRICS[39m [18:07:46]: [36m🔄 QUEUE | User added to queue[39m
    [35mcategory[39m: "🔄 QUEUE"
    [35muserMID[39m: "user299"
    [35mposition[39m: 300
    [35mqueueSize[39m: 300
    [35mfilterLevel[39m: 1
    [35mpriority[39m: 1000
[37mMETRICS[39m [18:07:46]: [36m🔄 QUEUE | User added to queue[39m
    [35mcategory[39m: "🔄 QUEUE"
    [35muserMID[39m: "user300"
    [35mposition[39m: 301
    [35mqueueSize[39m: 301
    [35mfilterLevel[39m: 1
    [35mpriority[39m: 1000
[37mMETRICS[39m [18:07:46]: [36m🔄 QUEUE | User added to queue[39m
    [35mcategory[39m: "🔄 QUEUE"
    [35muserMID[39m: "user301"
    [35mposition[39m: 302
    [35mqueueSize[39m: 302
    [35mfilterLevel[39m: 1
    [35mpriority[39m: 1000
[37mMETRICS[39m [18:07:46]: [36m🔄 QUEUE | User added to queue[39m
    [35mcategory[39m: "🔄 QUEUE"
    [35muserMID[39m: "user302"
    [35mposition[39m: 303
    [35mqueueSize[39m: 303
    [35mfilterLevel[39m: 1
    [35mpriority[39m: 1000
[37mMETRICS[39m [18:07:46]: [36m🔄 QUEUE | User added to queue[39m
    [35mcategory[39m: "🔄 QUEUE"
    [35muserMID[39m: "user303"
    [35mposition[39m: 304
    [35mqueueSize[39m: 304
    [35mfilterLevel[39m: 1
    [35mpriority[39m: 1000
[37mMETRICS[39m [18:07:46]: [36m🔄 QUEUE | User added to queue[39m
    [35mcategory[39m: "🔄 QUEUE"
    [35muserMID[39m: "user304"
    [35mposition[39m: 305
    [35mqueueSize[39m: 305
    [35mfilterLevel[39m: 1
    [35mpriority[39m: 1000
[37mMETRICS[39m [18:07:46]: [36m🔄 QUEUE | User added to queue[39m
    [35mcategory[39m: "🔄 QUEUE"
    [35muserMID[39m: "user305"
    [35mposition[39m: 306
    [35mqueueSize[39m: 306
    [35mfilterLevel[39m: 1
    [35mpriority[39m: 1000
[37mMETRICS[39m [18:07:46]: [36m🔄 QUEUE | User added to queue[39m
    [35mcategory[39m: "🔄 QUEUE"
    [35muserMID[39m: "user306"
    [35mposition[39m: 307
    [35mqueueSize[39m: 307
    [35mfilterLevel[39m: 1
    [35mpriority[39m: 1000
[37mMETRICS[39m [18:07:46]: [36m🔄 QUEUE | User added to queue[39m
    [35mcategory[39m: "🔄 QUEUE"
    [35muserMID[39m: "user307"
    [35mposition[39m: 308
    [35mqueueSize[39m: 308
    [35mfilterLevel[39m: 1
    [35mpriority[39m: 1000
[37mMETRICS[39m [18:07:46]: [36m🔄 QUEUE | User added to queue[39m
    [35mcategory[39m: "🔄 QUEUE"
    [35muserMID[39m: "user308"
    [35mposition[39m: 309
    [35mqueueSize[39m: 309
    [35mfilterLevel[39m: 1
    [35mpriority[39m: 1000
[37mMETRICS[39m [18:07:46]: [36m🔄 QUEUE | User added to queue[39m
    [35mcategory[39m: "🔄 QUEUE"
    [35muserMID[39m: "user309"
    [35mposition[39m: 310
    [35mqueueSize[39m: 310
    [35mfilterLevel[39m: 1
    [35mpriority[39m: 1000
[37mMETRICS[39m [18:07:46]: [36m🔄 QUEUE | User added to queue[39m
    [35mcategory[39m: "🔄 QUEUE"
    [35muserMID[39m: "user310"
    [35mposition[39m: 311
    [35mqueueSize[39m: 311
    [35mfilterLevel[39m: 1
    [35mpriority[39m: 1000
[37mMETRICS[39m [18:07:46]: [36m🔄 QUEUE | User added to queue[39m
    [35mcategory[39m: "🔄 QUEUE"
    [35muserMID[39m: "user311"
    [35mposition[39m: 312
    [35mqueueSize[39m: 312
    [35mfilterLevel[39m: 1
    [35mpriority[39m: 1000
[37mMETRICS[39m [18:07:46]: [36m🔄 QUEUE | User added to queue[39m
    [35mcategory[39m: "🔄 QUEUE"
    [35muserMID[39m: "user312"
    [35mposition[39m: 313
    [35mqueueSize[39m: 313
    [35mfilterLevel[39m: 1
    [35mpriority[39m: 1000
[37mMETRICS[39m [18:07:46]: [36m🔄 QUEUE | User added to queue[39m
    [35mcategory[39m: "🔄 QUEUE"
    [35muserMID[39m: "user313"
    [35mposition[39m: 314
    [35mqueueSize[39m: 314
    [35mfilterLevel[39m: 1
    [35mpriority[39m: 1000
[37mMETRICS[39m [18:07:46]: [36m🔄 QUEUE | User added to queue[39m
    [35mcategory[39m: "🔄 QUEUE"
    [35muserMID[39m: "user314"
    [35mposition[39m: 315
    [35mqueueSize[39m: 315
    [35mfilterLevel[39m: 1
    [35mpriority[39m: 1000
[37mMETRICS[39m [18:07:46]: [36m🔄 QUEUE | User added to queue[39m
    [35mcategory[39m: "🔄 QUEUE"
    [35muserMID[39m: "user315"
    [35mposition[39m: 316
    [35mqueueSize[39m: 316
    [35mfilterLevel[39m: 1
    [35mpriority[39m: 1000
[37mMETRICS[39m [18:07:46]: [36m🔄 QUEUE | User added to queue[39m
    [35mcategory[39m: "🔄 QUEUE"
    [35muserMID[39m: "user316"
    [35mposition[39m: 317
    [35mqueueSize[39m: 317
    [35mfilterLevel[39m: 1
    [35mpriority[39m: 1000
[37mMETRICS[39m [18:07:46]: [36m🔄 QUEUE | User added to queue[39m
    [35mcategory[39m: "🔄 QUEUE"
    [35muserMID[39m: "user317"
    [35mposition[39m: 318
    [35mqueueSize[39m: 318
    [35mfilterLevel[39m: 1
    [35mpriority[39m: 1000
[37mMETRICS[39m [18:07:46]: [36m🔄 QUEUE | User added to queue[39m
    [35mcategory[39m: "🔄 QUEUE"
    [35muserMID[39m: "user318"
    [35mposition[39m: 319
    [35mqueueSize[39m: 319
    [35mfilterLevel[39m: 1
    [35mpriority[39m: 1000
[37mMETRICS[39m [18:07:46]: [36m🔄 QUEUE | User added to queue[39m
    [35mcategory[39m: "🔄 QUEUE"
    [35muserMID[39m: "user319"
    [35mposition[39m: 320
    [35mqueueSize[39m: 320
    [35mfilterLevel[39m: 1
    [35mpriority[39m: 1000
[37mMETRICS[39m [18:07:46]: [36m🔄 QUEUE | User added to queue[39m
    [35mcategory[39m: "🔄 QUEUE"
    [35muserMID[39m: "user320"
    [35mposition[39m: 321
    [35mqueueSize[39m: 321
    [35mfilterLevel[39m: 1
    [35mpriority[39m: 1000
[37mMETRICS[39m [18:07:46]: [36m🔄 QUEUE | User added to queue[39m
    [35mcategory[39m: "🔄 QUEUE"
    [35muserMID[39m: "user321"
    [35mposition[39m: 322
    [35mqueueSize[39m: 322
    [35mfilterLevel[39m: 1
    [35mpriority[39m: 1000
[37mMETRICS[39m [18:07:46]: [36m🔄 QUEUE | User added to queue[39m
    [35mcategory[39m: "🔄 QUEUE"
    [35muserMID[39m: "user322"
    [35mposition[39m: 323
    [35mqueueSize[39m: 323
    [35mfilterLevel[39m: 1
    [35mpriority[39m: 1000
[37mMETRICS[39m [18:07:46]: [36m🔄 QUEUE | User added to queue[39m
    [35mcategory[39m: "🔄 QUEUE"
    [35muserMID[39m: "user323"
    [35mposition[39m: 324
    [35mqueueSize[39m: 324
    [35mfilterLevel[39m: 1
    [35mpriority[39m: 1000
[37mMETRICS[39m [18:07:46]: [36m🔄 QUEUE | User added to queue[39m
    [35mcategory[39m: "🔄 QUEUE"
    [35muserMID[39m: "user324"
    [35mposition[39m: 3
    [35mqueueSize[39m: 325
    [35mfilterLevel[39m: 1
    [35mpriority[39m: 1001
[37mMETRICS[39m [18:07:46]: [36m🔄 QUEUE | User added to queue[39m
    [35mcategory[39m: "🔄 QUEUE"
    [35muserMID[39m: "user325"
    [35mposition[39m: 326
    [35mqueueSize[39m: 326
    [35mfilterLevel[39m: 1
    [35mpriority[39m: 1000
[37mMETRICS[39m [18:07:46]: [36m🔄 QUEUE | User added to queue[39m
    [35mcategory[39m: "🔄 QUEUE"
    [35muserMID[39m: "user326"
    [35mposition[39m: 327
    [35mqueueSize[39m: 327
    [35mfilterLevel[39m: 1
    [35mpriority[39m: 1000
      11) should handle null userIds gracefully
[37mMETRICS[39m [18:07:46]: [36m🔄 QUEUE | User added to queue[39m
    [35mcategory[39m: "🔄 QUEUE"
    [35muserMID[39m: "user327"
    [35mposition[39m: 328
    [35mqueueSize[39m: 328
    [35mfilterLevel[39m: 1
    [35mpriority[39m: 1000
[37mMETRICS[39m [18:07:46]: [36m🔄 QUEUE | User added to queue[39m
    [35mcategory[39m: "🔄 QUEUE"
    [35muserMID[39m: "user328"
    [35mposition[39m: 329
    [35mqueueSize[39m: 329
    [35mfilterLevel[39m: 1
    [35mpriority[39m: 1000
[37mMETRICS[39m [18:07:46]: [36m🔄 QUEUE | User added to queue[39m
    [35mcategory[39m: "🔄 QUEUE"
    [35muserMID[39m: "user329"
    [35mposition[39m: 330
    [35mqueueSize[39m: 330
    [35mfilterLevel[39m: 1
    [35mpriority[39m: 1000
[37mMETRICS[39m [18:07:46]: [36m🔄 QUEUE | User added to queue[39m
    [35mcategory[39m: "🔄 QUEUE"
    [35muserMID[39m: "user330"
    [35mposition[39m: 331
    [35mqueueSize[39m: 331
    [35mfilterLevel[39m: 1
    [35mpriority[39m: 1000
[37mMETRICS[39m [18:07:46]: [36m🔄 QUEUE | User added to queue[39m
    [35mcategory[39m: "🔄 QUEUE"
    [35muserMID[39m: "user331"
    [35mposition[39m: 332
    [35mqueueSize[39m: 332
    [35mfilterLevel[39m: 1
    [35mpriority[39m: 1000
[37mMETRICS[39m [18:07:46]: [36m🔄 QUEUE | User added to queue[39m
    [35mcategory[39m: "🔄 QUEUE"
    [35muserMID[39m: "user332"
    [35mposition[39m: 333
    [35mqueueSize[39m: 333
    [35mfilterLevel[39m: 1
    [35mpriority[39m: 1000
[37mMETRICS[39m [18:07:46]: [36m🔄 QUEUE | User added to queue[39m
    [35mcategory[39m: "🔄 QUEUE"
    [35muserMID[39m: "user333"
    [35mposition[39m: 334
    [35mqueueSize[39m: 334
    [35mfilterLevel[39m: 1
    [35mpriority[39m: 1000
[37mMETRICS[39m [18:07:46]: [36m🔄 QUEUE | User added to queue[39m
    [35mcategory[39m: "🔄 QUEUE"
    [35muserMID[39m: "user334"
    [35mposition[39m: 335
    [35mqueueSize[39m: 335
    [35mfilterLevel[39m: 1
    [35mpriority[39m: 1000
[37mMETRICS[39m [18:07:46]: [36m🔄 QUEUE | User added to queue[39m
    [35mcategory[39m: "🔄 QUEUE"
    [35muserMID[39m: "user335"
    [35mposition[39m: 336
    [35mqueueSize[39m: 336
    [35mfilterLevel[39m: 1
    [35mpriority[39m: 1000
[37mMETRICS[39m [18:07:46]: [36m🔄 QUEUE | User added to queue[39m
    [35mcategory[39m: "🔄 QUEUE"
    [35muserMID[39m: "user336"
    [35mposition[39m: 337
    [35mqueueSize[39m: 337
    [35mfilterLevel[39m: 1
    [35mpriority[39m: 1000
[37mMETRICS[39m [18:07:46]: [36m🔄 QUEUE | User added to queue[39m
    [35mcategory[39m: "🔄 QUEUE"
    [35muserMID[39m: "user337"
    [35mposition[39m: 338
    [35mqueueSize[39m: 338
    [35mfilterLevel[39m: 1
    [35mpriority[39m: 1000
[37mMETRICS[39m [18:07:46]: [36m🔄 QUEUE | User added to queue[39m
    [35mcategory[39m: "🔄 QUEUE"
    [35muserMID[39m: "user338"
    [35mposition[39m: 339
    [35mqueueSize[39m: 339
    [35mfilterLevel[39m: 1
    [35mpriority[39m: 1000
[37mMETRICS[39m [18:07:46]: [36m🔄 QUEUE | User added to queue[39m
    [35mcategory[39m: "🔄 QUEUE"
    [35muserMID[39m: "user339"
    [35mposition[39m: 340
    [35mqueueSize[39m: 340
    [35mfilterLevel[39m: 1
    [35mpriority[39m: 1000
[37mMETRICS[39m [18:07:46]: [36m🔄 QUEUE | User added to queue[39m
    [35mcategory[39m: "🔄 QUEUE"
    [35muserMID[39m: "user340"
    [35mposition[39m: 341
    [35mqueueSize[39m: 341
    [35mfilterLevel[39m: 1
    [35mpriority[39m: 1000
[37mMETRICS[39m [18:07:46]: [36m🔄 QUEUE | User added to queue[39m
    [35mcategory[39m: "🔄 QUEUE"
    [35muserMID[39m: "user341"
    [35mposition[39m: 342
    [35mqueueSize[39m: 342
    [35mfilterLevel[39m: 1
    [35mpriority[39m: 1000
[37mMETRICS[39m [18:07:46]: [36m🔄 QUEUE | User added to queue[39m
    [35mcategory[39m: "🔄 QUEUE"
    [35muserMID[39m: "user342"
    [35mposition[39m: 343
    [35mqueueSize[39m: 343
    [35mfilterLevel[39m: 1
    [35mpriority[39m: 1000
[37mMETRICS[39m [18:07:46]: [36m🔄 QUEUE | User added to queue[39m
    [35mcategory[39m: "🔄 QUEUE"
    [35muserMID[39m: "user343"
    [35mposition[39m: 344
    [35mqueueSize[39m: 344
    [35mfilterLevel[39m: 1
    [35mpriority[39m: 1000
[37mMETRICS[39m [18:07:46]: [36m🔄 QUEUE | User added to queue[39m
    [35mcategory[39m: "🔄 QUEUE"
    [35muserMID[39m: "user344"
    [35mposition[39m: 345
    [35mqueueSize[39m: 345
    [35mfilterLevel[39m: 1
    [35mpriority[39m: 1000
[37mMETRICS[39m [18:07:46]: [36m🔄 QUEUE | User added to queue[39m
    [35mcategory[39m: "🔄 QUEUE"
    [35muserMID[39m: "user345"
    [35mposition[39m: 346
    [35mqueueSize[39m: 346
    [35mfilterLevel[39m: 1
    [35mpriority[39m: 1000
[37mMETRICS[39m [18:07:46]: [36m🔄 QUEUE | User added to queue[39m
    [35mcategory[39m: "🔄 QUEUE"
    [35muserMID[39m: "user346"
    [35mposition[39m: 347
    [35mqueueSize[39m: 347
    [35mfilterLevel[39m: 1
    [35mpriority[39m: 1000
[37mMETRICS[39m [18:07:46]: [36m🔄 QUEUE | User added to queue[39m
    [35mcategory[39m: "🔄 QUEUE"
    [35muserMID[39m: "user347"
    [35mposition[39m: 348
    [35mqueueSize[39m: 348
    [35mfilterLevel[39m: 1
    [35mpriority[39m: 1000
[37mMETRICS[39m [18:07:46]: [36m🔄 QUEUE | User added to queue[39m
    [35mcategory[39m: "🔄 QUEUE"
    [35muserMID[39m: "user348"
    [35mposition[39m: 349
    [35mqueueSize[39m: 349
    [35mfilterLevel[39m: 1
    [35mpriority[39m: 1000
[37mMETRICS[39m [18:07:46]: [36m🔄 QUEUE | User added to queue[39m
    [35mcategory[39m: "🔄 QUEUE"
    [35muserMID[39m: "user349"
    [35mposition[39m: 350
    [35mqueueSize[39m: 350
    [35mfilterLevel[39m: 1
    [35mpriority[39m: 1000
[37mMETRICS[39m [18:07:46]: [36m🔄 QUEUE | User added to queue[39m
    [35mcategory[39m: "🔄 QUEUE"
    [35muserMID[39m: "user350"
    [35mposition[39m: 351
    [35mqueueSize[39m: 351
    [35mfilterLevel[39m: 1
    [35mpriority[39m: 1000
[37mMETRICS[39m [18:07:46]: [36m🔄 QUEUE | User added to queue[39m
    [35mcategory[39m: "🔄 QUEUE"
    [35muserMID[39m: "user351"
    [35mposition[39m: 352
    [35mqueueSize[39m: 352
    [35mfilterLevel[39m: 1
    [35mpriority[39m: 1000
[37mMETRICS[39m [18:07:46]: [36m🔄 QUEUE | User added to queue[39m
    [35mcategory[39m: "🔄 QUEUE"
    [35muserMID[39m: "user352"
    [35mposition[39m: 353
    [35mqueueSize[39m: 353
    [35mfilterLevel[39m: 1
    [35mpriority[39m: 1000
[37mMETRICS[39m [18:07:46]: [36m🔄 QUEUE | User added to queue[39m
    [35mcategory[39m: "🔄 QUEUE"
    [35muserMID[39m: "user353"
    [35mposition[39m: 354
    [35mqueueSize[39m: 354
    [35mfilterLevel[39m: 1
    [35mpriority[39m: 1000
[37mMETRICS[39m [18:07:46]: [36m🔄 QUEUE | User added to queue[39m
    [35mcategory[39m: "🔄 QUEUE"
    [35muserMID[39m: "user354"
    [35mposition[39m: 355
    [35mqueueSize[39m: 355
    [35mfilterLevel[39m: 1
    [35mpriority[39m: 1000
[37mMETRICS[39m [18:07:46]: [36m🔄 QUEUE | User added to queue[39m
    [35mcategory[39m: "🔄 QUEUE"
    [35muserMID[39m: "user355"
    [35mposition[39m: 356
    [35mqueueSize[39m: 356
    [35mfilterLevel[39m: 1
    [35mpriority[39m: 1000
[37mMETRICS[39m [18:07:46]: [36m🔄 QUEUE | User added to queue[39m
    [35mcategory[39m: "🔄 QUEUE"
    [35muserMID[39m: "user356"
    [35mposition[39m: 357
    [35mqueueSize[39m: 357
    [35mfilterLevel[39m: 1
    [35mpriority[39m: 1000
[37mMETRICS[39m [18:07:46]: [36m🔄 QUEUE | User added to queue[39m
    [35mcategory[39m: "🔄 QUEUE"
    [35muserMID[39m: "user357"
    [35mposition[39m: 358
    [35mqueueSize[39m: 358
    [35mfilterLevel[39m: 1
    [35mpriority[39m: 1000
[37mMETRICS[39m [18:07:46]: [36m🔄 QUEUE | User added to queue[39m
    [35mcategory[39m: "🔄 QUEUE"
    [35muserMID[39m: "user358"
    [35mposition[39m: 359
    [35mqueueSize[39m: 359
    [35mfilterLevel[39m: 1
    [35mpriority[39m: 1000
[37mMETRICS[39m [18:07:46]: [36m🔄 QUEUE | User added to queue[39m
    [35mcategory[39m: "🔄 QUEUE"
    [35muserMID[39m: "user359"
    [35mposition[39m: 360
    [35mqueueSize[39m: 360
    [35mfilterLevel[39m: 1
    [35mpriority[39m: 1000
[37mMETRICS[39m [18:07:46]: [36m🔄 QUEUE | User added to queue[39m
    [35mcategory[39m: "🔄 QUEUE"
    [35muserMID[39m: "user360"
    [35mposition[39m: 361
    [35mqueueSize[39m: 361
    [35mfilterLevel[39m: 1
    [35mpriority[39m: 1000
[37mMETRICS[39m [18:07:46]: [36m🔄 QUEUE | User added to queue[39m
    [35mcategory[39m: "🔄 QUEUE"
    [35muserMID[39m: "user361"
    [35mposition[39m: 362
    [35mqueueSize[39m: 362
    [35mfilterLevel[39m: 1
    [35mpriority[39m: 1000
[37mMETRICS[39m [18:07:46]: [36m🔄 QUEUE | User added to queue[39m
    [35mcategory[39m: "🔄 QUEUE"
    [35muserMID[39m: "user362"
    [35mposition[39m: 363
    [35mqueueSize[39m: 363
    [35mfilterLevel[39m: 1
    [35mpriority[39m: 1000
[37mMETRICS[39m [18:07:46]: [36m🔄 QUEUE | User added to queue[39m
    [35mcategory[39m: "🔄 QUEUE"
    [35muserMID[39m: "user363"
    [35mposition[39m: 364
    [35mqueueSize[39m: 364
    [35mfilterLevel[39m: 1
    [35mpriority[39m: 1000
[37mMETRICS[39m [18:07:46]: [36m🔄 QUEUE | User added to queue[39m
    [35mcategory[39m: "🔄 QUEUE"
    [35muserMID[39m: "user364"
    [35mposition[39m: 365
    [35mqueueSize[39m: 365
    [35mfilterLevel[39m: 1
    [35mpriority[39m: 1000
[37mMETRICS[39m [18:07:46]: [36m🔄 QUEUE | User added to queue[39m
    [35mcategory[39m: "🔄 QUEUE"
    [35muserMID[39m: "user365"
    [35mposition[39m: 366
    [35mqueueSize[39m: 366
    [35mfilterLevel[39m: 1
    [35mpriority[39m: 1000
[37mMETRICS[39m [18:07:46]: [36m🔄 QUEUE | User added to queue[39m
    [35mcategory[39m: "🔄 QUEUE"
    [35muserMID[39m: "user366"
    [35mposition[39m: 367
    [35mqueueSize[39m: 367
    [35mfilterLevel[39m: 1
    [35mpriority[39m: 1000
[37mMETRICS[39m [18:07:46]: [36m🔄 QUEUE | User added to queue[39m
    [35mcategory[39m: "🔄 QUEUE"
    [35muserMID[39m: "user367"
    [35mposition[39m: 368
    [35mqueueSize[39m: 368
    [35mfilterLevel[39m: 1
    [35mpriority[39m: 1000
[37mMETRICS[39m [18:07:46]: [36m🔄 QUEUE | User added to queue[39m
    [35mcategory[39m: "🔄 QUEUE"
    [35muserMID[39m: "user368"
    [35mposition[39m: 369
    [35mqueueSize[39m: 369
    [35mfilterLevel[39m: 1
    [35mpriority[39m: 1000
[37mMETRICS[39m [18:07:46]: [36m🔄 QUEUE | User added to queue[39m
    [35mcategory[39m: "🔄 QUEUE"
    [35muserMID[39m: "user369"
    [35mposition[39m: 370
    [35mqueueSize[39m: 370
    [35mfilterLevel[39m: 1
    [35mpriority[39m: 1000
[37mMETRICS[39m [18:07:46]: [36m🔄 QUEUE | User added to queue[39m
    [35mcategory[39m: "🔄 QUEUE"
    [35muserMID[39m: "user370"
    [35mposition[39m: 371
    [35mqueueSize[39m: 371
    [35mfilterLevel[39m: 1
    [35mpriority[39m: 1000
[37mMETRICS[39m [18:07:46]: [36m🔄 QUEUE | User added to queue[39m
    [35mcategory[39m: "🔄 QUEUE"
    [35muserMID[39m: "user371"
    [35mposition[39m: 372
    [35mqueueSize[39m: 372
    [35mfilterLevel[39m: 1
    [35mpriority[39m: 1000
[37mMETRICS[39m [18:07:46]: [36m🔄 QUEUE | User added to queue[39m
    [35mcategory[39m: "🔄 QUEUE"
    [35muserMID[39m: "user372"
    [35mposition[39m: 373
    [35mqueueSize[39m: 373
    [35mfilterLevel[39m: 1
    [35mpriority[39m: 1000
[37mMETRICS[39m [18:07:46]: [36m🔄 QUEUE | User added to queue[39m
    [35mcategory[39m: "🔄 QUEUE"
    [35muserMID[39m: "user373"
    [35mposition[39m: 374
    [35mqueueSize[39m: 374
    [35mfilterLevel[39m: 1
    [35mpriority[39m: 1000
[37mMETRICS[39m [18:07:46]: [36m🔄 QUEUE | User added to queue[39m
    [35mcategory[39m: "🔄 QUEUE"
    [35muserMID[39m: "user374"
    [35mposition[39m: 375
    [35mqueueSize[39m: 375
    [35mfilterLevel[39m: 1
    [35mpriority[39m: 1000
[37mMETRICS[39m [18:07:46]: [36m🔄 QUEUE | User added to queue[39m
    [35mcategory[39m: "🔄 QUEUE"
    [35muserMID[39m: "user375"
    [35mposition[39m: 376
    [35mqueueSize[39m: 376
    [35mfilterLevel[39m: 1
    [35mpriority[39m: 1000
[37mMETRICS[39m [18:07:46]: [36m🔄 QUEUE | User added to queue[39m
    [35mcategory[39m: "🔄 QUEUE"
    [35muserMID[39m: "user376"
    [35mposition[39m: 377
    [35mqueueSize[39m: 377
    [35mfilterLevel[39m: 1
    [35mpriority[39m: 1000
[37mMETRICS[39m [18:07:46]: [36m🔄 QUEUE | User added to queue[39m
    [35mcategory[39m: "🔄 QUEUE"
    [35muserMID[39m: "user377"
    [35mposition[39m: 378
    [35mqueueSize[39m: 378
    [35mfilterLevel[39m: 1
    [35mpriority[39m: 1000
[37mMETRICS[39m [18:07:46]: [36m🔄 QUEUE | User added to queue[39m
    [35mcategory[39m: "🔄 QUEUE"
    [35muserMID[39m: "user378"
    [35mposition[39m: 379
    [35mqueueSize[39m: 379
    [35mfilterLevel[39m: 1
    [35mpriority[39m: 1000
[37mMETRICS[39m [18:07:46]: [36m🔄 QUEUE | User added to queue[39m
    [35mcategory[39m: "🔄 QUEUE"
    [35muserMID[39m: "user379"
    [35mposition[39m: 380
    [35mqueueSize[39m: 380
    [35mfilterLevel[39m: 1
    [35mpriority[39m: 1000
[37mMETRICS[39m [18:07:46]: [36m🔄 QUEUE | User added to queue[39m
    [35mcategory[39m: "🔄 QUEUE"
    [35muserMID[39m: "user380"
    [35mposition[39m: 381
    [35mqueueSize[39m: 381
    [35mfilterLevel[39m: 1
    [35mpriority[39m: 1000
[37mMETRICS[39m [18:07:46]: [36m🔄 QUEUE | User added to queue[39m
    [35mcategory[39m: "🔄 QUEUE"
    [35muserMID[39m: "user381"
    [35mposition[39m: 382
    [35mqueueSize[39m: 382
    [35mfilterLevel[39m: 1
    [35mpriority[39m: 1000
[37mMETRICS[39m [18:07:46]: [36m🔄 QUEUE | User added to queue[39m
    [35mcategory[39m: "🔄 QUEUE"
    [35muserMID[39m: "user382"
    [35mposition[39m: 383
    [35mqueueSize[39m: 383
    [35mfilterLevel[39m: 1
    [35mpriority[39m: 1000
[37mMETRICS[39m [18:07:46]: [36m🔄 QUEUE | User added to queue[39m
    [35mcategory[39m: "🔄 QUEUE"
    [35muserMID[39m: "user383"
    [35mposition[39m: 384
    [35mqueueSize[39m: 384
    [35mfilterLevel[39m: 1
    [35mpriority[39m: 1000
[37mMETRICS[39m [18:07:46]: [36m🔄 QUEUE | User added to queue[39m
    [35mcategory[39m: "🔄 QUEUE"
    [35muserMID[39m: "user384"
    [35mposition[39m: 385
    [35mqueueSize[39m: 385
    [35mfilterLevel[39m: 1
    [35mpriority[39m: 1000
[37mMETRICS[39m [18:07:46]: [36m🔄 QUEUE | User added to queue[39m
    [35mcategory[39m: "🔄 QUEUE"
    [35muserMID[39m: "user385"
    [35mposition[39m: 386
    [35mqueueSize[39m: 386
    [35mfilterLevel[39m: 1
    [35mpriority[39m: 1000
[37mMETRICS[39m [18:07:46]: [36m🔄 QUEUE | User added to queue[39m
    [35mcategory[39m: "🔄 QUEUE"
    [35muserMID[39m: "user386"
    [35mposition[39m: 387
    [35mqueueSize[39m: 387
    [35mfilterLevel[39m: 1
    [35mpriority[39m: 1000
[37mMETRICS[39m [18:07:46]: [36m🔄 QUEUE | User added to queue[39m
    [35mcategory[39m: "🔄 QUEUE"
    [35muserMID[39m: "user387"
    [35mposition[39m: 388
    [35mqueueSize[39m: 388
    [35mfilterLevel[39m: 1
    [35mpriority[39m: 1000
[37mMETRICS[39m [18:07:46]: [36m🔄 QUEUE | User added to queue[39m
    [35mcategory[39m: "🔄 QUEUE"
    [35muserMID[39m: "user388"
    [35mposition[39m: 389
    [35mqueueSize[39m: 389
    [35mfilterLevel[39m: 1
    [35mpriority[39m: 1000
[37mMETRICS[39m [18:07:46]: [36m🔄 QUEUE | User added to queue[39m
    [35mcategory[39m: "🔄 QUEUE"
    [35muserMID[39m: "user389"
    [35mposition[39m: 390
    [35mqueueSize[39m: 390
    [35mfilterLevel[39m: 1
    [35mpriority[39m: 1000
[37mMETRICS[39m [18:07:46]: [36m🔄 QUEUE | User added to queue[39m
    [35mcategory[39m: "🔄 QUEUE"
    [35muserMID[39m: "user390"
    [35mposition[39m: 391
    [35mqueueSize[39m: 391
    [35mfilterLevel[39m: 1
    [35mpriority[39m: 1000
[37mMETRICS[39m [18:07:46]: [36m🔄 QUEUE | User added to queue[39m
    [35mcategory[39m: "🔄 QUEUE"
    [35muserMID[39m: "user391"
    [35mposition[39m: 392
    [35mqueueSize[39m: 392
    [35mfilterLevel[39m: 1
    [35mpriority[39m: 1000
      12) should handle undefined userIds gracefully
      ✔ should treat different data types as different users

  matchingAlgorithm
    calculateFilterLevel()
[37mMETRICS[39m [18:07:46]: [36m🔄 QUEUE | User added to queue[39m
    [35mcategory[39m: "🔄 QUEUE"
    [35muserMID[39m: "user392"
    [35mposition[39m: 393
    [35mqueueSize[39m: 393
    [35mfilterLevel[39m: 1
    [35mpriority[39m: 1000
[37mMETRICS[39m [18:07:46]: [36m🔄 QUEUE | User added to queue[39m
    [35mcategory[39m: "🔄 QUEUE"
    [35muserMID[39m: "user393"
    [35mposition[39m: 394
    [35mqueueSize[39m: 394
    [35mfilterLevel[39m: 1
    [35mpriority[39m: 1000
[37mMETRICS[39m [18:07:46]: [36m🔄 QUEUE | User added to queue[39m
    [35mcategory[39m: "🔄 QUEUE"
    [35muserMID[39m: "user394"
    [35mposition[39m: 395
    [35mqueueSize[39m: 395
    [35mfilterLevel[39m: 1
    [35mpriority[39m: 1000
[37mMETRICS[39m [18:07:46]: [36m🔄 QUEUE | User added to queue[39m
    [35mcategory[39m: "🔄 QUEUE"
    [35muserMID[39m: "user395"
    [35mposition[39m: 396
    [35mqueueSize[39m: 396
    [35mfilterLevel[39m: 1
    [35mpriority[39m: 1000
[37mMETRICS[39m [18:07:46]: [36m🔄 QUEUE | User added to queue[39m
    [35mcategory[39m: "🔄 QUEUE"
    [35muserMID[39m: "user396"
    [35mposition[39m: 397
    [35mqueueSize[39m: 397
    [35mfilterLevel[39m: 1
    [35mpriority[39m: 1000
[37mMETRICS[39m [18:07:46]: [36m🔄 QUEUE | User added to queue[39m
    [35mcategory[39m: "🔄 QUEUE"
    [35muserMID[39m: "user397"
    [35mposition[39m: 398
    [35mqueueSize[39m: 398
    [35mfilterLevel[39m: 1
    [35mpriority[39m: 1000
[37mMETRICS[39m [18:07:46]: [36m🔄 QUEUE | User added to queue[39m
    [35mcategory[39m: "🔄 QUEUE"
    [35muserMID[39m: "user398"
    [35mposition[39m: 399
    [35mqueueSize[39m: 399
    [35mfilterLevel[39m: 1
    [35mpriority[39m: 1000
[37mMETRICS[39m [18:07:46]: [36m🔄 QUEUE | User added to queue[39m
    [35mcategory[39m: "🔄 QUEUE"
    [35muserMID[39m: "user399"
    [35mposition[39m: 400
    [35mqueueSize[39m: 400
    [35mfilterLevel[39m: 1
    [35mpriority[39m: 1000
[37mMETRICS[39m [18:07:46]: [36m🔄 QUEUE | User added to queue[39m
    [35mcategory[39m: "🔄 QUEUE"
    [35muserMID[39m: "user400"
    [35mposition[39m: 401
    [35mqueueSize[39m: 401
    [35mfilterLevel[39m: 1
    [35mpriority[39m: 1000
[37mMETRICS[39m [18:07:46]: [36m🔄 QUEUE | User added to queue[39m
    [35mcategory[39m: "🔄 QUEUE"
    [35muserMID[39m: "user401"
    [35mposition[39m: 402
    [35mqueueSize[39m: 402
    [35mfilterLevel[39m: 1
    [35mpriority[39m: 1000
[37mMETRICS[39m [18:07:46]: [36m🔄 QUEUE | User added to queue[39m
    [35mcategory[39m: "🔄 QUEUE"
    [35muserMID[39m: "user402"
    [35mposition[39m: 403
    [35mqueueSize[39m: 403
    [35mfilterLevel[39m: 1
    [35mpriority[39m: 1000
[37mMETRICS[39m [18:07:46]: [36m🔄 QUEUE | User added to queue[39m
    [35mcategory[39m: "🔄 QUEUE"
    [35muserMID[39m: "user403"
    [35mposition[39m: 404
    [35mqueueSize[39m: 404
    [35mfilterLevel[39m: 1
    [35mpriority[39m: 1000
[37mMETRICS[39m [18:07:46]: [36m🔄 QUEUE | User added to queue[39m
    [35mcategory[39m: "🔄 QUEUE"
    [35muserMID[39m: "user404"
    [35mposition[39m: 405
    [35mqueueSize[39m: 405
    [35mfilterLevel[39m: 1
    [35mpriority[39m: 1000
[37mMETRICS[39m [18:07:46]: [36m🔄 QUEUE | User added to queue[39m
    [35mcategory[39m: "🔄 QUEUE"
    [35muserMID[39m: "user405"
    [35mposition[39m: 406
    [35mqueueSize[39m: 406
    [35mfilterLevel[39m: 1
    [35mpriority[39m: 1000
[37mMETRICS[39m [18:07:46]: [36m🔄 QUEUE | User added to queue[39m
    [35mcategory[39m: "🔄 QUEUE"
    [35muserMID[39m: "user406"
    [35mposition[39m: 407
    [35mqueueSize[39m: 407
    [35mfilterLevel[39m: 1
    [35mpriority[39m: 1000
[37mMETRICS[39m [18:07:46]: [36m🔄 QUEUE | User added to queue[39m
    [35mcategory[39m: "🔄 QUEUE"
    [35muserMID[39m: "user407"
    [35mposition[39m: 408
    [35mqueueSize[39m: 408
    [35mfilterLevel[39m: 1
    [35mpriority[39m: 1000
[37mMETRICS[39m [18:07:46]: [36m🔄 QUEUE | User added to queue[39m
    [35mcategory[39m: "🔄 QUEUE"
    [35muserMID[39m: "user408"
    [35mposition[39m: 409
    [35mqueueSize[39m: 409
    [35mfilterLevel[39m: 1
    [35mpriority[39m: 1000
[37mMETRICS[39m [18:07:46]: [36m🔄 QUEUE | User added to queue[39m
    [35mcategory[39m: "🔄 QUEUE"
    [35muserMID[39m: "user409"
    [35mposition[39m: 410
    [35mqueueSize[39m: 410
    [35mfilterLevel[39m: 1
    [35mpriority[39m: 1000
[37mMETRICS[39m [18:07:46]: [36m🔄 QUEUE | User added to queue[39m
    [35mcategory[39m: "🔄 QUEUE"
    [35muserMID[39m: "user410"
    [35mposition[39m: 411
    [35mqueueSize[39m: 411
    [35mfilterLevel[39m: 1
    [35mpriority[39m: 1000
[37mMETRICS[39m [18:07:46]: [36m🔄 QUEUE | User added to queue[39m
    [35mcategory[39m: "🔄 QUEUE"
    [35muserMID[39m: "user411"
    [35mposition[39m: 412
    [35mqueueSize[39m: 412
    [35mfilterLevel[39m: 1
    [35mpriority[39m: 1000
[37mMETRICS[39m [18:07:46]: [36m🔄 QUEUE | User added to queue[39m
    [35mcategory[39m: "🔄 QUEUE"
    [35muserMID[39m: "user412"
    [35mposition[39m: 413
    [35mqueueSize[39m: 413
    [35mfilterLevel[39m: 1
    [35mpriority[39m: 1000
[37mMETRICS[39m [18:07:46]: [36m🔄 QUEUE | User added to queue[39m
    [35mcategory[39m: "🔄 QUEUE"
    [35muserMID[39m: "user413"
    [35mposition[39m: 414
    [35mqueueSize[39m: 414
    [35mfilterLevel[39m: 1
    [35mpriority[39m: 1000
[37mMETRICS[39m [18:07:46]: [36m🔄 QUEUE | User added to queue[39m
    [35mcategory[39m: "🔄 QUEUE"
    [35muserMID[39m: "user414"
    [35mposition[39m: 415
    [35mqueueSize[39m: 415
    [35mfilterLevel[39m: 1
    [35mpriority[39m: 1000
[37mMETRICS[39m [18:07:46]: [36m🔄 QUEUE | User added to queue[39m
    [35mcategory[39m: "🔄 QUEUE"
    [35muserMID[39m: "user415"
    [35mposition[39m: 416
    [35mqueueSize[39m: 416
    [35mfilterLevel[39m: 1
    [35mpriority[39m: 1000
[37mMETRICS[39m [18:07:46]: [36m🔄 QUEUE | User added to queue[39m
    [35mcategory[39m: "🔄 QUEUE"
    [35muserMID[39m: "user416"
    [35mposition[39m: 417
    [35mqueueSize[39m: 417
    [35mfilterLevel[39m: 1
    [35mpriority[39m: 1000
[37mMETRICS[39m [18:07:46]: [36m🔄 QUEUE | User added to queue[39m
    [35mcategory[39m: "🔄 QUEUE"
    [35muserMID[39m: "user417"
    [35mposition[39m: 418
    [35mqueueSize[39m: 418
    [35mfilterLevel[39m: 1
    [35mpriority[39m: 1000
[37mMETRICS[39m [18:07:46]: [36m🔄 QUEUE | User added to queue[39m
    [35mcategory[39m: "🔄 QUEUE"
    [35muserMID[39m: "user418"
    [35mposition[39m: 419
    [35mqueueSize[39m: 419
    [35mfilterLevel[39m: 1
    [35mpriority[39m: 1000
[37mMETRICS[39m [18:07:46]: [36m🔄 QUEUE | User added to queue[39m
    [35mcategory[39m: "🔄 QUEUE"
    [35muserMID[39m: "user419"
    [35mposition[39m: 420
    [35mqueueSize[39m: 420
    [35mfilterLevel[39m: 1
    [35mpriority[39m: 1000
[37mMETRICS[39m [18:07:46]: [36m🔄 QUEUE | User added to queue[39m
    [35mcategory[39m: "🔄 QUEUE"
    [35muserMID[39m: "user420"
    [35mposition[39m: 421
    [35mqueueSize[39m: 421
    [35mfilterLevel[39m: 1
    [35mpriority[39m: 1000
[37mMETRICS[39m [18:07:46]: [36m🔄 QUEUE | User added to queue[39m
    [35mcategory[39m: "🔄 QUEUE"
    [35muserMID[39m: "user421"
    [35mposition[39m: 422
    [35mqueueSize[39m: 422
    [35mfilterLevel[39m: 1
    [35mpriority[39m: 1000
[37mMETRICS[39m [18:07:46]: [36m🔄 QUEUE | User added to queue[39m
    [35mcategory[39m: "🔄 QUEUE"
    [35muserMID[39m: "user422"
    [35mposition[39m: 423
    [35mqueueSize[39m: 423
    [35mfilterLevel[39m: 1
    [35mpriority[39m: 1000
[37mMETRICS[39m [18:07:46]: [36m🔄 QUEUE | User added to queue[39m
    [35mcategory[39m: "🔄 QUEUE"
    [35muserMID[39m: "user423"
    [35mposition[39m: 424
    [35mqueueSize[39m: 424
    [35mfilterLevel[39m: 1
    [35mpriority[39m: 1000
[37mMETRICS[39m [18:07:46]: [36m🔄 QUEUE | User added to queue[39m
    [35mcategory[39m: "🔄 QUEUE"
    [35muserMID[39m: "user424"
    [35mposition[39m: 425
    [35mqueueSize[39m: 425
    [35mfilterLevel[39m: 1
    [35mpriority[39m: 1000
[37mMETRICS[39m [18:07:46]: [36m🔄 QUEUE | User added to queue[39m
    [35mcategory[39m: "🔄 QUEUE"
    [35muserMID[39m: "user425"
    [35mposition[39m: 426
    [35mqueueSize[39m: 426
    [35mfilterLevel[39m: 1
    [35mpriority[39m: 1000
[37mMETRICS[39m [18:07:46]: [36m🔄 QUEUE | User added to queue[39m
    [35mcategory[39m: "🔄 QUEUE"
    [35muserMID[39m: "user426"
    [35mposition[39m: 427
    [35mqueueSize[39m: 427
    [35mfilterLevel[39m: 1
    [35mpriority[39m: 1000
[37mMETRICS[39m [18:07:46]: [36m🔄 QUEUE | User added to queue[39m
    [35mcategory[39m: "🔄 QUEUE"
    [35muserMID[39m: "user427"
    [35mposition[39m: 428
    [35mqueueSize[39m: 428
    [35mfilterLevel[39m: 1
    [35mpriority[39m: 1000
[37mMETRICS[39m [18:07:46]: [36m🔄 QUEUE | User added to queue[39m
    [35mcategory[39m: "🔄 QUEUE"
    [35muserMID[39m: "user428"
    [35mposition[39m: 429
    [35mqueueSize[39m: 429
    [35mfilterLevel[39m: 1
    [35mpriority[39m: 1000
[37mMETRICS[39m [18:07:46]: [36m🔄 QUEUE | User added to queue[39m
    [35mcategory[39m: "🔄 QUEUE"
    [35muserMID[39m: "user429"
    [35mposition[39m: 430
    [35mqueueSize[39m: 430
    [35mfilterLevel[39m: 1
    [35mpriority[39m: 1000
[37mMETRICS[39m [18:07:46]: [36m🔄 QUEUE | User added to queue[39m
    [35mcategory[39m: "🔄 QUEUE"
    [35muserMID[39m: "user430"
    [35mposition[39m: 431
    [35mqueueSize[39m: 431
    [35mfilterLevel[39m: 1
    [35mpriority[39m: 1000
[37mMETRICS[39m [18:07:46]: [36m🔄 QUEUE | User added to queue[39m
    [35mcategory[39m: "🔄 QUEUE"
    [35muserMID[39m: "user431"
    [35mposition[39m: 432
    [35mqueueSize[39m: 432
    [35mfilterLevel[39m: 1
    [35mpriority[39m: 1000
[37mMETRICS[39m [18:07:46]: [36m🔄 QUEUE | User added to queue[39m
    [35mcategory[39m: "🔄 QUEUE"
    [35muserMID[39m: "user432"
    [35mposition[39m: 433
    [35mqueueSize[39m: 433
    [35mfilterLevel[39m: 1
    [35mpriority[39m: 1000
[37mMETRICS[39m [18:07:46]: [36m🔄 QUEUE | User added to queue[39m
    [35mcategory[39m: "🔄 QUEUE"
    [35muserMID[39m: "user433"
    [35mposition[39m: 434
    [35mqueueSize[39m: 434
    [35mfilterLevel[39m: 1
    [35mpriority[39m: 1000
[37mMETRICS[39m [18:07:46]: [36m🔄 QUEUE | User added to queue[39m
    [35mcategory[39m: "🔄 QUEUE"
    [35muserMID[39m: "user434"
    [35mposition[39m: 435
    [35mqueueSize[39m: 435
    [35mfilterLevel[39m: 1
    [35mpriority[39m: 1000
[37mMETRICS[39m [18:07:46]: [36m🔄 QUEUE | User added to queue[39m
    [35mcategory[39m: "🔄 QUEUE"
    [35muserMID[39m: "user435"
    [35mposition[39m: 436
    [35mqueueSize[39m: 436
    [35mfilterLevel[39m: 1
    [35mpriority[39m: 1000
[37mMETRICS[39m [18:07:46]: [36m🔄 QUEUE | User added to queue[39m
    [35mcategory[39m: "🔄 QUEUE"
    [35muserMID[39m: "user436"
    [35mposition[39m: 437
    [35mqueueSize[39m: 437
    [35mfilterLevel[39m: 1
    [35mpriority[39m: 1000
[37mMETRICS[39m [18:07:46]: [36m🔄 QUEUE | User added to queue[39m
    [35mcategory[39m: "🔄 QUEUE"
    [35muserMID[39m: "user437"
    [35mposition[39m: 438
    [35mqueueSize[39m: 438
    [35mfilterLevel[39m: 1
    [35mpriority[39m: 1000
[37mMETRICS[39m [18:07:46]: [36m🔄 QUEUE | User added to queue[39m
    [35mcategory[39m: "🔄 QUEUE"
    [35muserMID[39m: "user438"
    [35mposition[39m: 439
    [35mqueueSize[39m: 439
    [35mfilterLevel[39m: 1
    [35mpriority[39m: 1000
[37mMETRICS[39m [18:07:46]: [36m🔄 QUEUE | User added to queue[39m
    [35mcategory[39m: "🔄 QUEUE"
    [35muserMID[39m: "user439"
    [35mposition[39m: 440
    [35mqueueSize[39m: 440
    [35mfilterLevel[39m: 1
    [35mpriority[39m: 1000
[37mMETRICS[39m [18:07:46]: [36m🔄 QUEUE | User added to queue[39m
    [35mcategory[39m: "🔄 QUEUE"
    [35muserMID[39m: "user440"
    [35mposition[39m: 441
    [35mqueueSize[39m: 441
    [35mfilterLevel[39m: 1
    [35mpriority[39m: 1000
[37mMETRICS[39m [18:07:46]: [36m🔄 QUEUE | User added to queue[39m
    [35mcategory[39m: "🔄 QUEUE"
    [35muserMID[39m: "user441"
    [35mposition[39m: 442
    [35mqueueSize[39m: 442
    [35mfilterLevel[39m: 1
    [35mpriority[39m: 1000
[37mMETRICS[39m [18:07:46]: [36m🔄 QUEUE | User added to queue[39m
    [35mcategory[39m: "🔄 QUEUE"
    [35muserMID[39m: "user442"
    [35mposition[39m: 443
    [35mqueueSize[39m: 443
    [35mfilterLevel[39m: 1
    [35mpriority[39m: 1000
[37mMETRICS[39m [18:07:46]: [36m🔄 QUEUE | User added to queue[39m
    [35mcategory[39m: "🔄 QUEUE"
    [35muserMID[39m: "user443"
    [35mposition[39m: 444
    [35mqueueSize[39m: 444
    [35mfilterLevel[39m: 1
    [35mpriority[39m: 1000
[37mMETRICS[39m [18:07:46]: [36m🔄 QUEUE | User added to queue[39m
    [35mcategory[39m: "🔄 QUEUE"
    [35muserMID[39m: "user444"
    [35mposition[39m: 445
    [35mqueueSize[39m: 445
    [35mfilterLevel[39m: 1
    [35mpriority[39m: 1000
[37mMETRICS[39m [18:07:46]: [36m🔄 QUEUE | User added to queue[39m
    [35mcategory[39m: "🔄 QUEUE"
    [35muserMID[39m: "user445"
    [35mposition[39m: 446
    [35mqueueSize[39m: 446
    [35mfilterLevel[39m: 1
    [35mpriority[39m: 1000
[37mMETRICS[39m [18:07:46]: [36m🔄 QUEUE | User added to queue[39m
    [35mcategory[39m: "🔄 QUEUE"
    [35muserMID[39m: "user446"
    [35mposition[39m: 447
    [35mqueueSize[39m: 447
    [35mfilterLevel[39m: 1
    [35mpriority[39m: 1000
[37mMETRICS[39m [18:07:46]: [36m🔄 QUEUE | User added to queue[39m
    [35mcategory[39m: "🔄 QUEUE"
    [35muserMID[39m: "user447"
    [35mposition[39m: 448
    [35mqueueSize[39m: 448
    [35mfilterLevel[39m: 1
    [35mpriority[39m: 1000
[37mMETRICS[39m [18:07:46]: [36m🔄 QUEUE | User added to queue[39m
    [35mcategory[39m: "🔄 QUEUE"
    [35muserMID[39m: "user448"
    [35mposition[39m: 449
    [35mqueueSize[39m: 449
    [35mfilterLevel[39m: 1
    [35mpriority[39m: 1000
[37mMETRICS[39m [18:07:46]: [36m🔄 QUEUE | User added to queue[39m
    [35mcategory[39m: "🔄 QUEUE"
    [35muserMID[39m: "user449"
    [35mposition[39m: 450
    [35mqueueSize[39m: 450
    [35mfilterLevel[39m: 1
    [35mpriority[39m: 1000
[37mMETRICS[39m [18:07:46]: [36m🔄 QUEUE | User added to queue[39m
    [35mcategory[39m: "🔄 QUEUE"
    [35muserMID[39m: "user450"
    [35mposition[39m: 451
    [35mqueueSize[39m: 451
    [35mfilterLevel[39m: 1
    [35mpriority[39m: 1000
[37mMETRICS[39m [18:07:46]: [36m🔄 QUEUE | User added to queue[39m
    [35mcategory[39m: "🔄 QUEUE"
    [35muserMID[39m: "user451"
    [35mposition[39m: 452
    [35mqueueSize[39m: 452
    [35mfilterLevel[39m: 1
    [35mpriority[39m: 1000
[37mMETRICS[39m [18:07:46]: [36m🔄 QUEUE | User added to queue[39m
    [35mcategory[39m: "🔄 QUEUE"
    [35muserMID[39m: "user452"
    [35mposition[39m: 453
    [35mqueueSize[39m: 453
    [35mfilterLevel[39m: 1
    [35mpriority[39m: 1000
[37mMETRICS[39m [18:07:46]: [36m🔄 QUEUE | User added to queue[39m
    [35mcategory[39m: "🔄 QUEUE"
    [35muserMID[39m: "user453"
    [35mposition[39m: 454
    [35mqueueSize[39m: 454
    [35mfilterLevel[39m: 1
    [35mpriority[39m: 1000
[37mMETRICS[39m [18:07:46]: [36m🔄 QUEUE | User added to queue[39m
    [35mcategory[39m: "🔄 QUEUE"
    [35muserMID[39m: "user454"
    [35mposition[39m: 455
    [35mqueueSize[39m: 455
    [35mfilterLevel[39m: 1
    [35mpriority[39m: 1000
[37mMETRICS[39m [18:07:46]: [36m🔄 QUEUE | User added to queue[39m
    [35mcategory[39m: "🔄 QUEUE"
    [35muserMID[39m: "user455"
    [35mposition[39m: 456
    [35mqueueSize[39m: 456
    [35mfilterLevel[39m: 1
    [35mpriority[39m: 1000
[37mMETRICS[39m [18:07:46]: [36m🔄 QUEUE | User added to queue[39m
    [35mcategory[39m: "🔄 QUEUE"
    [35muserMID[39m: "user456"
    [35mposition[39m: 457
    [35mqueueSize[39m: 457
    [35mfilterLevel[39m: 1
    [35mpriority[39m: 1000
      ✔ should return level 1 for wait time < 15s
      ✔ should return level 2 for wait time between 15s and 30s
[37mMETRICS[39m [18:07:46]: [36m🔄 QUEUE | User added to queue[39m
    [35mcategory[39m: "🔄 QUEUE"
    [35muserMID[39m: "user457"
    [35mposition[39m: 458
    [35mqueueSize[39m: 458
    [35mfilterLevel[39m: 1
    [35mpriority[39m: 1000
[37mMETRICS[39m [18:07:46]: [36m🔄 QUEUE | User added to queue[39m
    [35mcategory[39m: "🔄 QUEUE"
    [35muserMID[39m: "user458"
    [35mposition[39m: 459
    [35mqueueSize[39m: 459
    [35mfilterLevel[39m: 1
    [35mpriority[39m: 1000
[37mMETRICS[39m [18:07:46]: [36m🔄 QUEUE | User added to queue[39m
    [35mcategory[39m: "🔄 QUEUE"
    [35muserMID[39m: "user459"
    [35mposition[39m: 460
    [35mqueueSize[39m: 460
    [35mfilterLevel[39m: 1
    [35mpriority[39m: 1000
[37mMETRICS[39m [18:07:46]: [36m🔄 QUEUE | User added to queue[39m
    [35mcategory[39m: "🔄 QUEUE"
    [35muserMID[39m: "user460"
    [35mposition[39m: 461
    [35mqueueSize[39m: 461
    [35mfilterLevel[39m: 1
    [35mpriority[39m: 1000
[37mMETRICS[39m [18:07:46]: [36m🔄 QUEUE | User added to queue[39m
    [35mcategory[39m: "🔄 QUEUE"
    [35muserMID[39m: "user461"
    [35mposition[39m: 462
    [35mqueueSize[39m: 462
    [35mfilterLevel[39m: 1
    [35mpriority[39m: 1000
[37mMETRICS[39m [18:07:46]: [36m🔄 QUEUE | User added to queue[39m
    [35mcategory[39m: "🔄 QUEUE"
    [35muserMID[39m: "user462"
    [35mposition[39m: 463
    [35mqueueSize[39m: 463
    [35mfilterLevel[39m: 1
    [35mpriority[39m: 1000
[37mMETRICS[39m [18:07:46]: [36m🔄 QUEUE | User added to queue[39m
    [35mcategory[39m: "🔄 QUEUE"
    [35muserMID[39m: "user463"
    [35mposition[39m: 464
    [35mqueueSize[39m: 464
    [35mfilterLevel[39m: 1
    [35mpriority[39m: 1000
[37mMETRICS[39m [18:07:46]: [36m🔄 QUEUE | User added to queue[39m
    [35mcategory[39m: "🔄 QUEUE"
    [35muserMID[39m: "user464"
    [35mposition[39m: 4
    [35mqueueSize[39m: 465
    [35mfilterLevel[39m: 1
    [35mpriority[39m: 1001
[37mMETRICS[39m [18:07:46]: [36m🔄 QUEUE | User added to queue[39m
    [35mcategory[39m: "🔄 QUEUE"
    [35muserMID[39m: "user465"
    [35mposition[39m: 466
    [35mqueueSize[39m: 466
    [35mfilterLevel[39m: 1
    [35mpriority[39m: 1000
[37mMETRICS[39m [18:07:46]: [36m🔄 QUEUE | User added to queue[39m
    [35mcategory[39m: "🔄 QUEUE"
    [35muserMID[39m: "user466"
    [35mposition[39m: 467
    [35mqueueSize[39m: 467
    [35mfilterLevel[39m: 1
    [35mpriority[39m: 1000
[37mMETRICS[39m [18:07:46]: [36m🔄 QUEUE | User added to queue[39m
    [35mcategory[39m: "🔄 QUEUE"
    [35muserMID[39m: "user467"
    [35mposition[39m: 468
    [35mqueueSize[39m: 468
    [35mfilterLevel[39m: 1
    [35mpriority[39m: 1000
[37mMETRICS[39m [18:07:46]: [36m🔄 QUEUE | User added to queue[39m
    [35mcategory[39m: "🔄 QUEUE"
    [35muserMID[39m: "user468"
    [35mposition[39m: 469
    [35mqueueSize[39m: 469
    [35mfilterLevel[39m: 1
    [35mpriority[39m: 1000
[37mMETRICS[39m [18:07:46]: [36m🔄 QUEUE | User added to queue[39m
    [35mcategory[39m: "🔄 QUEUE"
    [35muserMID[39m: "user469"
    [35mposition[39m: 470
    [35mqueueSize[39m: 470
    [35mfilterLevel[39m: 1
    [35mpriority[39m: 1000
[37mMETRICS[39m [18:07:46]: [36m🔄 QUEUE | User added to queue[39m
    [35mcategory[39m: "🔄 QUEUE"
    [35muserMID[39m: "user470"
    [35mposition[39m: 471
    [35mqueueSize[39m: 471
    [35mfilterLevel[39m: 1
    [35mpriority[39m: 1000
[37mMETRICS[39m [18:07:46]: [36m🔄 QUEUE | User added to queue[39m
    [35mcategory[39m: "🔄 QUEUE"
    [35muserMID[39m: "user471"
    [35mposition[39m: 472
    [35mqueueSize[39m: 472
    [35mfilterLevel[39m: 1
    [35mpriority[39m: 1000
[37mMETRICS[39m [18:07:46]: [36m🔄 QUEUE | User added to queue[39m
    [35mcategory[39m: "🔄 QUEUE"
    [35muserMID[39m: "user472"
    [35mposition[39m: 473
    [35mqueueSize[39m: 473
    [35mfilterLevel[39m: 1
    [35mpriority[39m: 1000
[37mMETRICS[39m [18:07:46]: [36m🔄 QUEUE | User added to queue[39m
    [35mcategory[39m: "🔄 QUEUE"
    [35muserMID[39m: "user473"
    [35mposition[39m: 474
    [35mqueueSize[39m: 474
    [35mfilterLevel[39m: 1
    [35mpriority[39m: 1000
[37mMETRICS[39m [18:07:46]: [36m🔄 QUEUE | User added to queue[39m
    [35mcategory[39m: "🔄 QUEUE"
    [35muserMID[39m: "user474"
    [35mposition[39m: 475
    [35mqueueSize[39m: 475
    [35mfilterLevel[39m: 1
    [35mpriority[39m: 1000
[37mMETRICS[39m [18:07:46]: [36m🔄 QUEUE | User added to queue[39m
    [35mcategory[39m: "🔄 QUEUE"
    [35muserMID[39m: "user475"
    [35mposition[39m: 476
    [35mqueueSize[39m: 476
    [35mfilterLevel[39m: 1
    [35mpriority[39m: 1000
[37mMETRICS[39m [18:07:46]: [36m🔄 QUEUE | User added to queue[39m
    [35mcategory[39m: "🔄 QUEUE"
    [35muserMID[39m: "user476"
    [35mposition[39m: 477
    [35mqueueSize[39m: 477
    [35mfilterLevel[39m: 1
    [35mpriority[39m: 1000
[37mMETRICS[39m [18:07:46]: [36m🔄 QUEUE | User added to queue[39m
    [35mcategory[39m: "🔄 QUEUE"
    [35muserMID[39m: "user477"
    [35mposition[39m: 478
    [35mqueueSize[39m: 478
    [35mfilterLevel[39m: 1
    [35mpriority[39m: 1000
[37mMETRICS[39m [18:07:46]: [36m🔄 QUEUE | User added to queue[39m
    [35mcategory[39m: "🔄 QUEUE"
    [35muserMID[39m: "user478"
    [35mposition[39m: 479
    [35mqueueSize[39m: 479
    [35mfilterLevel[39m: 1
    [35mpriority[39m: 1000
[37mMETRICS[39m [18:07:46]: [36m🔄 QUEUE | User added to queue[39m
    [35mcategory[39m: "🔄 QUEUE"
    [35muserMID[39m: "user479"
    [35mposition[39m: 480
    [35mqueueSize[39m: 480
    [35mfilterLevel[39m: 1
    [35mpriority[39m: 1000
[37mMETRICS[39m [18:07:46]: [36m🔄 QUEUE | User added to queue[39m
    [35mcategory[39m: "🔄 QUEUE"
    [35muserMID[39m: "user480"
    [35mposition[39m: 481
    [35mqueueSize[39m: 481
    [35mfilterLevel[39m: 1
    [35mpriority[39m: 1000
[37mMETRICS[39m [18:07:46]: [36m🔄 QUEUE | User added to queue[39m
    [35mcategory[39m: "🔄 QUEUE"
    [35muserMID[39m: "user481"
    [35mposition[39m: 482
    [35mqueueSize[39m: 482
    [35mfilterLevel[39m: 1
    [35mpriority[39m: 1000
[37mMETRICS[39m [18:07:46]: [36m🔄 QUEUE | User added to queue[39m
    [35mcategory[39m: "🔄 QUEUE"
    [35muserMID[39m: "user482"
    [35mposition[39m: 483
    [35mqueueSize[39m: 483
    [35mfilterLevel[39m: 1
    [35mpriority[39m: 1000
[37mMETRICS[39m [18:07:46]: [36m🔄 QUEUE | User added to queue[39m
    [35mcategory[39m: "🔄 QUEUE"
    [35muserMID[39m: "user483"
    [35mposition[39m: 484
    [35mqueueSize[39m: 484
    [35mfilterLevel[39m: 1
    [35mpriority[39m: 1000
[37mMETRICS[39m [18:07:46]: [36m🔄 QUEUE | User added to queue[39m
    [35mcategory[39m: "🔄 QUEUE"
    [35muserMID[39m: "user484"
    [35mposition[39m: 485
    [35mqueueSize[39m: 485
    [35mfilterLevel[39m: 1
    [35mpriority[39m: 1000
[37mMETRICS[39m [18:07:46]: [36m🔄 QUEUE | User added to queue[39m
    [35mcategory[39m: "🔄 QUEUE"
    [35muserMID[39m: "user485"
    [35mposition[39m: 486
    [35mqueueSize[39m: 486
    [35mfilterLevel[39m: 1
    [35mpriority[39m: 1000
[37mMETRICS[39m [18:07:46]: [36m🔄 QUEUE | User added to queue[39m
    [35mcategory[39m: "🔄 QUEUE"
    [35muserMID[39m: "user486"
    [35mposition[39m: 487
    [35mqueueSize[39m: 487
    [35mfilterLevel[39m: 1
    [35mpriority[39m: 1000
[37mMETRICS[39m [18:07:46]: [36m🔄 QUEUE | User added to queue[39m
    [35mcategory[39m: "🔄 QUEUE"
    [35muserMID[39m: "user487"
    [35mposition[39m: 488
    [35mqueueSize[39m: 488
    [35mfilterLevel[39m: 1
    [35mpriority[39m: 1000
[37mMETRICS[39m [18:07:46]: [36m🔄 QUEUE | User added to queue[39m
    [35mcategory[39m: "🔄 QUEUE"
    [35muserMID[39m: "user488"
    [35mposition[39m: 489
    [35mqueueSize[39m: 489
    [35mfilterLevel[39m: 1
    [35mpriority[39m: 1000
[37mMETRICS[39m [18:07:46]: [36m🔄 QUEUE | User added to queue[39m
    [35mcategory[39m: "🔄 QUEUE"
    [35muserMID[39m: "user489"
    [35mposition[39m: 490
    [35mqueueSize[39m: 490
    [35mfilterLevel[39m: 1
    [35mpriority[39m: 1000
[37mMETRICS[39m [18:07:46]: [36m🔄 QUEUE | User added to queue[39m
    [35mcategory[39m: "🔄 QUEUE"
    [35muserMID[39m: "user490"
    [35mposition[39m: 491
    [35mqueueSize[39m: 491
    [35mfilterLevel[39m: 1
    [35mpriority[39m: 1000
[37mMETRICS[39m [18:07:46]: [36m🔄 QUEUE | User added to queue[39m
    [35mcategory[39m: "🔄 QUEUE"
    [35muserMID[39m: "user491"
    [35mposition[39m: 492
    [35mqueueSize[39m: 492
    [35mfilterLevel[39m: 1
    [35mpriority[39m: 1000
[37mMETRICS[39m [18:07:46]: [36m🔄 QUEUE | User added to queue[39m
    [35mcategory[39m: "🔄 QUEUE"
    [35muserMID[39m: "user492"
    [35mposition[39m: 493
    [35mqueueSize[39m: 493
    [35mfilterLevel[39m: 1
    [35mpriority[39m: 1000
[37mMETRICS[39m [18:07:46]: [36m🔄 QUEUE | User added to queue[39m
    [35mcategory[39m: "🔄 QUEUE"
    [35muserMID[39m: "user493"
    [35mposition[39m: 494
    [35mqueueSize[39m: 494
    [35mfilterLevel[39m: 1
    [35mpriority[39m: 1000
[37mMETRICS[39m [18:07:46]: [36m🔄 QUEUE | User added to queue[39m
    [35mcategory[39m: "🔄 QUEUE"
    [35muserMID[39m: "user494"
    [35mposition[39m: 495
    [35mqueueSize[39m: 495
    [35mfilterLevel[39m: 1
    [35mpriority[39m: 1000
[37mMETRICS[39m [18:07:46]: [36m🔄 QUEUE | User added to queue[39m
    [35mcategory[39m: "🔄 QUEUE"
    [35muserMID[39m: "user495"
    [35mposition[39m: 496
    [35mqueueSize[39m: 496
    [35mfilterLevel[39m: 1
    [35mpriority[39m: 1000
[37mMETRICS[39m [18:07:46]: [36m🔄 QUEUE | User added to queue[39m
    [35mcategory[39m: "🔄 QUEUE"
    [35muserMID[39m: "user496"
    [35mposition[39m: 497
    [35mqueueSize[39m: 497
    [35mfilterLevel[39m: 1
    [35mpriority[39m: 1000
[37mMETRICS[39m [18:07:46]: [36m🔄 QUEUE | User added to queue[39m
    [35mcategory[39m: "🔄 QUEUE"
    [35muserMID[39m: "user497"
    [35mposition[39m: 498
    [35mqueueSize[39m: 498
    [35mfilterLevel[39m: 1
    [35mpriority[39m: 1000
[37mMETRICS[39m [18:07:46]: [36m🔄 QUEUE | User added to queue[39m
    [35mcategory[39m: "🔄 QUEUE"
    [35muserMID[39m: "user498"
    [35mposition[39m: 499
    [35mqueueSize[39m: 499
    [35mfilterLevel[39m: 1
    [35mpriority[39m: 1000
[37mMETRICS[39m [18:07:46]: [36m🔄 QUEUE | User added to queue[39m
    [35mcategory[39m: "🔄 QUEUE"
    [35muserMID[39m: "user499"
    [35mposition[39m: 500
    [35mqueueSize[39m: 500
    [35mfilterLevel[39m: 1
    [35mpriority[39m: 1000
[37mMETRICS[39m [18:07:46]: [36m🔄 QUEUE | User added to queue[39m
    [35mcategory[39m: "🔄 QUEUE"
    [35muserMID[39m: "user500"
    [35mposition[39m: 501
    [35mqueueSize[39m: 501
    [35mfilterLevel[39m: 1
    [35mpriority[39m: 1000
[37mMETRICS[39m [18:07:46]: [36m🔄 QUEUE | User added to queue[39m
    [35mcategory[39m: "🔄 QUEUE"
    [35muserMID[39m: "user501"
    [35mposition[39m: 502
    [35mqueueSize[39m: 502
    [35mfilterLevel[39m: 1
    [35mpriority[39m: 1000
[37mMETRICS[39m [18:07:46]: [36m🔄 QUEUE | User added to queue[39m
    [35mcategory[39m: "🔄 QUEUE"
    [35muserMID[39m: "user502"
    [35mposition[39m: 503
    [35mqueueSize[39m: 503
    [35mfilterLevel[39m: 1
    [35mpriority[39m: 1000
[37mMETRICS[39m [18:07:46]: [36m🔄 QUEUE | User added to queue[39m
    [35mcategory[39m: "🔄 QUEUE"
    [35muserMID[39m: "user503"
    [35mposition[39m: 504
    [35mqueueSize[39m: 504
    [35mfilterLevel[39m: 1
    [35mpriority[39m: 1000
[37mMETRICS[39m [18:07:46]: [36m🔄 QUEUE | User added to queue[39m
    [35mcategory[39m: "🔄 QUEUE"
    [35muserMID[39m: "user504"
    [35mposition[39m: 505
    [35mqueueSize[39m: 505
    [35mfilterLevel[39m: 1
    [35mpriority[39m: 1000
[37mMETRICS[39m [18:07:46]: [36m🔄 QUEUE | User added to queue[39m
    [35mcategory[39m: "🔄 QUEUE"
    [35muserMID[39m: "user505"
    [35mposition[39m: 506
    [35mqueueSize[39m: 506
    [35mfilterLevel[39m: 1
    [35mpriority[39m: 1000
[37mMETRICS[39m [18:07:46]: [36m🔄 QUEUE | User added to queue[39m
    [35mcategory[39m: "🔄 QUEUE"
    [35muserMID[39m: "user506"
    [35mposition[39m: 507
    [35mqueueSize[39m: 507
    [35mfilterLevel[39m: 1
    [35mpriority[39m: 1000
[37mMETRICS[39m [18:07:46]: [36m🔄 QUEUE | User added to queue[39m
    [35mcategory[39m: "🔄 QUEUE"
    [35muserMID[39m: "user507"
    [35mposition[39m: 508
    [35mqueueSize[39m: 508
    [35mfilterLevel[39m: 1
    [35mpriority[39m: 1000
[37mMETRICS[39m [18:07:46]: [36m🔄 QUEUE | User added to queue[39m
    [35mcategory[39m: "🔄 QUEUE"
    [35muserMID[39m: "user508"
    [35mposition[39m: 509
    [35mqueueSize[39m: 509
    [35mfilterLevel[39m: 1
    [35mpriority[39m: 1000
[37mMETRICS[39m [18:07:46]: [36m🔄 QUEUE | User added to queue[39m
    [35mcategory[39m: "🔄 QUEUE"
    [35muserMID[39m: "user509"
    [35mposition[39m: 510
    [35mqueueSize[39m: 510
    [35mfilterLevel[39m: 1
    [35mpriority[39m: 1000
[37mMETRICS[39m [18:07:46]: [36m🔄 QUEUE | User added to queue[39m
    [35mcategory[39m: "🔄 QUEUE"
    [35muserMID[39m: "user510"
    [35mposition[39m: 511
    [35mqueueSize[39m: 511
    [35mfilterLevel[39m: 1
    [35mpriority[39m: 1000
[37mMETRICS[39m [18:07:46]: [36m🔄 QUEUE | User added to queue[39m
    [35mcategory[39m: "🔄 QUEUE"
    [35muserMID[39m: "user511"
    [35mposition[39m: 512
    [35mqueueSize[39m: 512
    [35mfilterLevel[39m: 1
    [35mpriority[39m: 1000
[37mMETRICS[39m [18:07:46]: [36m🔄 QUEUE | User added to queue[39m
    [35mcategory[39m: "🔄 QUEUE"
    [35muserMID[39m: "user512"
    [35mposition[39m: 513
    [35mqueueSize[39m: 513
    [35mfilterLevel[39m: 1
    [35mpriority[39m: 1000
[37mMETRICS[39m [18:07:46]: [36m🔄 QUEUE | User added to queue[39m
    [35mcategory[39m: "🔄 QUEUE"
    [35muserMID[39m: "user513"
    [35mposition[39m: 514
    [35mqueueSize[39m: 514
    [35mfilterLevel[39m: 1
    [35mpriority[39m: 1000
[37mMETRICS[39m [18:07:46]: [36m🔄 QUEUE | User added to queue[39m
    [35mcategory[39m: "🔄 QUEUE"
    [35muserMID[39m: "user514"
    [35mposition[39m: 515
    [35mqueueSize[39m: 515
    [35mfilterLevel[39m: 1
    [35mpriority[39m: 1000
[37mMETRICS[39m [18:07:46]: [36m🔄 QUEUE | User added to queue[39m
    [35mcategory[39m: "🔄 QUEUE"
    [35muserMID[39m: "user515"
    [35mposition[39m: 516
    [35mqueueSize[39m: 516
    [35mfilterLevel[39m: 1
    [35mpriority[39m: 1000
[37mMETRICS[39m [18:07:46]: [36m🔄 QUEUE | User added to queue[39m
    [35mcategory[39m: "🔄 QUEUE"
    [35muserMID[39m: "user516"
    [35mposition[39m: 517
    [35mqueueSize[39m: 517
    [35mfilterLevel[39m: 1
    [35mpriority[39m: 1000
[37mMETRICS[39m [18:07:46]: [36m🔄 QUEUE | User added to queue[39m
    [35mcategory[39m: "🔄 QUEUE"
    [35muserMID[39m: "user517"
    [35mposition[39m: 518
    [35mqueueSize[39m: 518
    [35mfilterLevel[39m: 1
    [35mpriority[39m: 1000
[37mMETRICS[39m [18:07:46]: [36m🔄 QUEUE | User added to queue[39m
    [35mcategory[39m: "🔄 QUEUE"
    [35muserMID[39m: "user518"
    [35mposition[39m: 519
    [35mqueueSize[39m: 519
    [35mfilterLevel[39m: 1
    [35mpriority[39m: 1000
[37mMETRICS[39m [18:07:46]: [36m🔄 QUEUE | User added to queue[39m
    [35mcategory[39m: "🔄 QUEUE"
    [35muserMID[39m: "user519"
    [35mposition[39m: 520
    [35mqueueSize[39m: 520
    [35mfilterLevel[39m: 1
    [35mpriority[39m: 1000
[37mMETRICS[39m [18:07:46]: [36m🔄 QUEUE | User added to queue[39m
    [35mcategory[39m: "🔄 QUEUE"
    [35muserMID[39m: "user520"
    [35mposition[39m: 521
    [35mqueueSize[39m: 521
    [35mfilterLevel[39m: 1
    [35mpriority[39m: 1000
[37mMETRICS[39m [18:07:46]: [36m🔄 QUEUE | User added to queue[39m
    [35mcategory[39m: "🔄 QUEUE"
    [35muserMID[39m: "user521"
    [35mposition[39m: 522
    [35mqueueSize[39m: 522
    [35mfilterLevel[39m: 1
    [35mpriority[39m: 1000
      13) should return level 3 for wait time between 30s and 45s
      14) should return level 4 for wait time >= 45s
      ✔ should calculate correct timeout remaining
[37mMETRICS[39m [18:07:46]: [36m🔄 QUEUE | User added to queue[39m
    [35mcategory[39m: "🔄 QUEUE"
    [35muserMID[39m: "user522"
    [35mposition[39m: 523
    [35mqueueSize[39m: 523
    [35mfilterLevel[39m: 1
    [35mpriority[39m: 1000
[37mMETRICS[39m [18:07:46]: [36m🔄 QUEUE | User added to queue[39m
    [35mcategory[39m: "🔄 QUEUE"
    [35muserMID[39m: "user523"
    [35mposition[39m: 524
    [35mqueueSize[39m: 524
    [35mfilterLevel[39m: 1
    [35mpriority[39m: 1000
[37mMETRICS[39m [18:07:46]: [36m🔄 QUEUE | User added to queue[39m
    [35mcategory[39m: "🔄 QUEUE"
    [35muserMID[39m: "user524"
    [35mposition[39m: 525
    [35mqueueSize[39m: 525
    [35mfilterLevel[39m: 1
    [35mpriority[39m: 1000
[37mMETRICS[39m [18:07:46]: [36m🔄 QUEUE | User added to queue[39m
    [35mcategory[39m: "🔄 QUEUE"
    [35muserMID[39m: "user525"
    [35mposition[39m: 526
    [35mqueueSize[39m: 526
    [35mfilterLevel[39m: 1
    [35mpriority[39m: 1000
[37mMETRICS[39m [18:07:46]: [36m🔄 QUEUE | User added to queue[39m
    [35mcategory[39m: "🔄 QUEUE"
    [35muserMID[39m: "user526"
    [35mposition[39m: 527
    [35mqueueSize[39m: 527
    [35mfilterLevel[39m: 1
    [35mpriority[39m: 1000
[37mMETRICS[39m [18:07:46]: [36m🔄 QUEUE | User added to queue[39m
    [35mcategory[39m: "🔄 QUEUE"
    [35muserMID[39m: "user527"
    [35mposition[39m: 528
    [35mqueueSize[39m: 528
    [35mfilterLevel[39m: 1
    [35mpriority[39m: 1000
[37mMETRICS[39m [18:07:46]: [36m🔄 QUEUE | User added to queue[39m
    [35mcategory[39m: "🔄 QUEUE"
    [35muserMID[39m: "user528"
    [35mposition[39m: 529
    [35mqueueSize[39m: 529
    [35mfilterLevel[39m: 1
    [35mpriority[39m: 1000
[37mMETRICS[39m [18:07:46]: [36m🔄 QUEUE | User added to queue[39m
    [35mcategory[39m: "🔄 QUEUE"
    [35muserMID[39m: "user529"
    [35mposition[39m: 530
    [35mqueueSize[39m: 530
    [35mfilterLevel[39m: 1
    [35mpriority[39m: 1000
[37mMETRICS[39m [18:07:46]: [36m🔄 QUEUE | User added to queue[39m
    [35mcategory[39m: "🔄 QUEUE"
    [35muserMID[39m: "user530"
    [35mposition[39m: 531
    [35mqueueSize[39m: 531
    [35mfilterLevel[39m: 1
    [35mpriority[39m: 1000
[37mMETRICS[39m [18:07:46]: [36m🔄 QUEUE | User added to queue[39m
    [35mcategory[39m: "🔄 QUEUE"
    [35muserMID[39m: "user531"
    [35mposition[39m: 532
    [35mqueueSize[39m: 532
    [35mfilterLevel[39m: 1
    [35mpriority[39m: 1000
[37mMETRICS[39m [18:07:46]: [36m🔄 QUEUE | User added to queue[39m
    [35mcategory[39m: "🔄 QUEUE"
    [35muserMID[39m: "user532"
    [35mposition[39m: 533
    [35mqueueSize[39m: 533
    [35mfilterLevel[39m: 1
    [35mpriority[39m: 1000
[37mMETRICS[39m [18:07:46]: [36m🔄 QUEUE | User added to queue[39m
    [35mcategory[39m: "🔄 QUEUE"
    [35muserMID[39m: "user533"
    [35mposition[39m: 534
    [35mqueueSize[39m: 534
    [35mfilterLevel[39m: 1
    [35mpriority[39m: 1000
[37mMETRICS[39m [18:07:46]: [36m🔄 QUEUE | User added to queue[39m
    [35mcategory[39m: "🔄 QUEUE"
    [35muserMID[39m: "user534"
    [35mposition[39m: 535
    [35mqueueSize[39m: 535
    [35mfilterLevel[39m: 1
    [35mpriority[39m: 1000
[37mMETRICS[39m [18:07:46]: [36m🔄 QUEUE | User added to queue[39m
    [35mcategory[39m: "🔄 QUEUE"
    [35muserMID[39m: "user535"
    [35mposition[39m: 536
    [35mqueueSize[39m: 536
    [35mfilterLevel[39m: 1
    [35mpriority[39m: 1000
[37mMETRICS[39m [18:07:46]: [36m🔄 QUEUE | User added to queue[39m
    [35mcategory[39m: "🔄 QUEUE"
    [35muserMID[39m: "user536"
    [35mposition[39m: 537
    [35mqueueSize[39m: 537
    [35mfilterLevel[39m: 1
    [35mpriority[39m: 1000
[37mMETRICS[39m [18:07:46]: [36m🔄 QUEUE | User added to queue[39m
    [35mcategory[39m: "🔄 QUEUE"
    [35muserMID[39m: "user537"
    [35mposition[39m: 538
    [35mqueueSize[39m: 538
    [35mfilterLevel[39m: 1
    [35mpriority[39m: 1000
[37mMETRICS[39m [18:07:46]: [36m🔄 QUEUE | User added to queue[39m
    [35mcategory[39m: "🔄 QUEUE"
    [35muserMID[39m: "user538"
    [35mposition[39m: 539
    [35mqueueSize[39m: 539
    [35mfilterLevel[39m: 1
    [35mpriority[39m: 1000
[37mMETRICS[39m [18:07:46]: [36m🔄 QUEUE | User added to queue[39m
    [35mcategory[39m: "🔄 QUEUE"
    [35muserMID[39m: "user539"
    [35mposition[39m: 540
    [35mqueueSize[39m: 540
    [35mfilterLevel[39m: 1
    [35mpriority[39m: 1000
[37mMETRICS[39m [18:07:46]: [36m🔄 QUEUE | User added to queue[39m
    [35mcategory[39m: "🔄 QUEUE"
    [35muserMID[39m: "user540"
    [35mposition[39m: 541
    [35mqueueSize[39m: 541
    [35mfilterLevel[39m: 1
    [35mpriority[39m: 1000
[37mMETRICS[39m [18:07:46]: [36m🔄 QUEUE | User added to queue[39m
    [35mcategory[39m: "🔄 QUEUE"
    [35muserMID[39m: "user541"
    [35mposition[39m: 542
    [35mqueueSize[39m: 542
    [35mfilterLevel[39m: 1
    [35mpriority[39m: 1000
[37mMETRICS[39m [18:07:46]: [36m🔄 QUEUE | User added to queue[39m
    [35mcategory[39m: "🔄 QUEUE"
    [35muserMID[39m: "user542"
    [35mposition[39m: 543
    [35mqueueSize[39m: 543
    [35mfilterLevel[39m: 1
    [35mpriority[39m: 1000
[37mMETRICS[39m [18:07:46]: [36m🔄 QUEUE | User added to queue[39m
    [35mcategory[39m: "🔄 QUEUE"
    [35muserMID[39m: "user543"
    [35mposition[39m: 544
    [35mqueueSize[39m: 544
    [35mfilterLevel[39m: 1
    [35mpriority[39m: 1000
[37mMETRICS[39m [18:07:46]: [36m🔄 QUEUE | User added to queue[39m
    [35mcategory[39m: "🔄 QUEUE"
    [35muserMID[39m: "user544"
    [35mposition[39m: 545
    [35mqueueSize[39m: 545
    [35mfilterLevel[39m: 1
    [35mpriority[39m: 1000
[37mMETRICS[39m [18:07:46]: [36m🔄 QUEUE | User added to queue[39m
    [35mcategory[39m: "🔄 QUEUE"
    [35muserMID[39m: "user545"
    [35mposition[39m: 546
    [35mqueueSize[39m: 546
    [35mfilterLevel[39m: 1
    [35mpriority[39m: 1000
[37mMETRICS[39m [18:07:46]: [36m🔄 QUEUE | User added to queue[39m
    [35mcategory[39m: "🔄 QUEUE"
    [35muserMID[39m: "user546"
    [35mposition[39m: 547
    [35mqueueSize[39m: 547
    [35mfilterLevel[39m: 1
    [35mpriority[39m: 1000
[37mMETRICS[39m [18:07:46]: [36m🔄 QUEUE | User added to queue[39m
    [35mcategory[39m: "🔄 QUEUE"
    [35muserMID[39m: "user547"
    [35mposition[39m: 548
    [35mqueueSize[39m: 548
    [35mfilterLevel[39m: 1
    [35mpriority[39m: 1000
[37mMETRICS[39m [18:07:46]: [36m🔄 QUEUE | User added to queue[39m
    [35mcategory[39m: "🔄 QUEUE"
    [35muserMID[39m: "user548"
    [35mposition[39m: 549
    [35mqueueSize[39m: 549
    [35mfilterLevel[39m: 1
    [35mpriority[39m: 1000
[37mMETRICS[39m [18:07:46]: [36m🔄 QUEUE | User added to queue[39m
    [35mcategory[39m: "🔄 QUEUE"
    [35muserMID[39m: "user549"
    [35mposition[39m: 550
    [35mqueueSize[39m: 550
    [35mfilterLevel[39m: 1
    [35mpriority[39m: 1000
[37mMETRICS[39m [18:07:46]: [36m🔄 QUEUE | User added to queue[39m
    [35mcategory[39m: "🔄 QUEUE"
    [35muserMID[39m: "user550"
    [35mposition[39m: 551
    [35mqueueSize[39m: 551
    [35mfilterLevel[39m: 1
    [35mpriority[39m: 1000
[37mMETRICS[39m [18:07:46]: [36m🔄 QUEUE | User added to queue[39m
    [35mcategory[39m: "🔄 QUEUE"
    [35muserMID[39m: "user551"
    [35mposition[39m: 552
    [35mqueueSize[39m: 552
    [35mfilterLevel[39m: 1
    [35mpriority[39m: 1000
[37mMETRICS[39m [18:07:46]: [36m🔄 QUEUE | User added to queue[39m
    [35mcategory[39m: "🔄 QUEUE"
    [35muserMID[39m: "user552"
    [35mposition[39m: 553
    [35mqueueSize[39m: 553
    [35mfilterLevel[39m: 1
    [35mpriority[39m: 1000
[37mMETRICS[39m [18:07:46]: [36m🔄 QUEUE | User added to queue[39m
    [35mcategory[39m: "🔄 QUEUE"
    [35muserMID[39m: "user553"
    [35mposition[39m: 554
    [35mqueueSize[39m: 554
    [35mfilterLevel[39m: 1
    [35mpriority[39m: 1000
[37mMETRICS[39m [18:07:46]: [36m🔄 QUEUE | User added to queue[39m
    [35mcategory[39m: "🔄 QUEUE"
    [35muserMID[39m: "user554"
    [35mposition[39m: 555
    [35mqueueSize[39m: 555
    [35mfilterLevel[39m: 1
    [35mpriority[39m: 1000
[37mMETRICS[39m [18:07:46]: [36m🔄 QUEUE | User added to queue[39m
    [35mcategory[39m: "🔄 QUEUE"
    [35muserMID[39m: "user555"
    [35mposition[39m: 556
    [35mqueueSize[39m: 556
    [35mfilterLevel[39m: 1
    [35mpriority[39m: 1000
[37mMETRICS[39m [18:07:46]: [36m🔄 QUEUE | User added to queue[39m
    [35mcategory[39m: "🔄 QUEUE"
    [35muserMID[39m: "user556"
    [35mposition[39m: 557
    [35mqueueSize[39m: 557
    [35mfilterLevel[39m: 1
    [35mpriority[39m: 1000
[37mMETRICS[39m [18:07:46]: [36m🔄 QUEUE | User added to queue[39m
    [35mcategory[39m: "🔄 QUEUE"
    [35muserMID[39m: "user557"
    [35mposition[39m: 558
    [35mqueueSize[39m: 558
    [35mfilterLevel[39m: 1
    [35mpriority[39m: 1000
[37mMETRICS[39m [18:07:46]: [36m🔄 QUEUE | User added to queue[39m
    [35mcategory[39m: "🔄 QUEUE"
    [35muserMID[39m: "user558"
    [35mposition[39m: 559
    [35mqueueSize[39m: 559
    [35mfilterLevel[39m: 1
    [35mpriority[39m: 1000
[37mMETRICS[39m [18:07:46]: [36m🔄 QUEUE | User added to queue[39m
    [35mcategory[39m: "🔄 QUEUE"
    [35muserMID[39m: "user559"
    [35mposition[39m: 560
    [35mqueueSize[39m: 560
    [35mfilterLevel[39m: 1
    [35mpriority[39m: 1000
[37mMETRICS[39m [18:07:46]: [36m🔄 QUEUE | User added to queue[39m
    [35mcategory[39m: "🔄 QUEUE"
    [35muserMID[39m: "user560"
    [35mposition[39m: 561
    [35mqueueSize[39m: 561
    [35mfilterLevel[39m: 1
    [35mpriority[39m: 1000
[37mMETRICS[39m [18:07:46]: [36m🔄 QUEUE | User added to queue[39m
    [35mcategory[39m: "🔄 QUEUE"
    [35muserMID[39m: "user561"
    [35mposition[39m: 562
    [35mqueueSize[39m: 562
    [35mfilterLevel[39m: 1
    [35mpriority[39m: 1000
[37mMETRICS[39m [18:07:46]: [36m🔄 QUEUE | User added to queue[39m
    [35mcategory[39m: "🔄 QUEUE"
    [35muserMID[39m: "user562"
    [35mposition[39m: 563
    [35mqueueSize[39m: 563
    [35mfilterLevel[39m: 1
    [35mpriority[39m: 1000
[37mMETRICS[39m [18:07:46]: [36m🔄 QUEUE | User added to queue[39m
    [35mcategory[39m: "🔄 QUEUE"
    [35muserMID[39m: "user563"
    [35mposition[39m: 564
    [35mqueueSize[39m: 564
    [35mfilterLevel[39m: 1
    [35mpriority[39m: 1000
[37mMETRICS[39m [18:07:46]: [36m🔄 QUEUE | User added to queue[39m
    [35mcategory[39m: "🔄 QUEUE"
    [35muserMID[39m: "user564"
    [35mposition[39m: 565
    [35mqueueSize[39m: 565
    [35mfilterLevel[39m: 1
    [35mpriority[39m: 1000
[37mMETRICS[39m [18:07:46]: [36m🔄 QUEUE | User added to queue[39m
    [35mcategory[39m: "🔄 QUEUE"
    [35muserMID[39m: "user565"
    [35mposition[39m: 566
    [35mqueueSize[39m: 566
    [35mfilterLevel[39m: 1
    [35mpriority[39m: 1000
[37mMETRICS[39m [18:07:46]: [36m🔄 QUEUE | User added to queue[39m
    [35mcategory[39m: "🔄 QUEUE"
    [35muserMID[39m: "user566"
    [35mposition[39m: 567
    [35mqueueSize[39m: 567
    [35mfilterLevel[39m: 1
    [35mpriority[39m: 1000
[37mMETRICS[39m [18:07:46]: [36m🔄 QUEUE | User added to queue[39m
    [35mcategory[39m: "🔄 QUEUE"
    [35muserMID[39m: "user567"
    [35mposition[39m: 568
    [35mqueueSize[39m: 568
    [35mfilterLevel[39m: 1
    [35mpriority[39m: 1000
[37mMETRICS[39m [18:07:46]: [36m🔄 QUEUE | User added to queue[39m
    [35mcategory[39m: "🔄 QUEUE"
    [35muserMID[39m: "user568"
    [35mposition[39m: 569
    [35mqueueSize[39m: 569
    [35mfilterLevel[39m: 1
    [35mpriority[39m: 1000
[37mMETRICS[39m [18:07:46]: [36m🔄 QUEUE | User added to queue[39m
    [35mcategory[39m: "🔄 QUEUE"
    [35muserMID[39m: "user569"
    [35mposition[39m: 570
    [35mqueueSize[39m: 570
    [35mfilterLevel[39m: 1
    [35mpriority[39m: 1000
[37mMETRICS[39m [18:07:46]: [36m🔄 QUEUE | User added to queue[39m
    [35mcategory[39m: "🔄 QUEUE"
    [35muserMID[39m: "user570"
    [35mposition[39m: 571
    [35mqueueSize[39m: 571
    [35mfilterLevel[39m: 1
    [35mpriority[39m: 1000
[37mMETRICS[39m [18:07:46]: [36m🔄 QUEUE | User added to queue[39m
    [35mcategory[39m: "🔄 QUEUE"
    [35muserMID[39m: "user571"
    [35mposition[39m: 572
    [35mqueueSize[39m: 572
    [35mfilterLevel[39m: 1
    [35mpriority[39m: 1000
[37mMETRICS[39m [18:07:46]: [36m🔄 QUEUE | User added to queue[39m
    [35mcategory[39m: "🔄 QUEUE"
    [35muserMID[39m: "user572"
    [35mposition[39m: 573
    [35mqueueSize[39m: 573
    [35mfilterLevel[39m: 1
    [35mpriority[39m: 1000
[37mMETRICS[39m [18:07:46]: [36m🔄 QUEUE | User added to queue[39m
    [35mcategory[39m: "🔄 QUEUE"
    [35muserMID[39m: "user573"
    [35mposition[39m: 574
    [35mqueueSize[39m: 574
    [35mfilterLevel[39m: 1
    [35mpriority[39m: 1000
[37mMETRICS[39m [18:07:46]: [36m🔄 QUEUE | User added to queue[39m
    [35mcategory[39m: "🔄 QUEUE"
    [35muserMID[39m: "user574"
    [35mposition[39m: 575
    [35mqueueSize[39m: 575
    [35mfilterLevel[39m: 1
    [35mpriority[39m: 1000
[37mMETRICS[39m [18:07:46]: [36m🔄 QUEUE | User added to queue[39m
    [35mcategory[39m: "🔄 QUEUE"
    [35muserMID[39m: "user575"
    [35mposition[39m: 576
    [35mqueueSize[39m: 576
    [35mfilterLevel[39m: 1
    [35mpriority[39m: 1000
[37mMETRICS[39m [18:07:46]: [36m🔄 QUEUE | User added to queue[39m
    [35mcategory[39m: "🔄 QUEUE"
    [35muserMID[39m: "user576"
    [35mposition[39m: 577
    [35mqueueSize[39m: 577
    [35mfilterLevel[39m: 1
    [35mpriority[39m: 1000
[37mMETRICS[39m [18:07:46]: [36m🔄 QUEUE | User added to queue[39m
    [35mcategory[39m: "🔄 QUEUE"
    [35muserMID[39m: "user577"
    [35mposition[39m: 578
    [35mqueueSize[39m: 578
    [35mfilterLevel[39m: 1
    [35mpriority[39m: 1000
[37mMETRICS[39m [18:07:46]: [36m🔄 QUEUE | User added to queue[39m
    [35mcategory[39m: "🔄 QUEUE"
    [35muserMID[39m: "user578"
    [35mposition[39m: 579
    [35mqueueSize[39m: 579
    [35mfilterLevel[39m: 1
    [35mpriority[39m: 1000
[37mMETRICS[39m [18:07:46]: [36m🔄 QUEUE | User added to queue[39m
    [35mcategory[39m: "🔄 QUEUE"
    [35muserMID[39m: "user579"
    [35mposition[39m: 580
    [35mqueueSize[39m: 580
    [35mfilterLevel[39m: 1
    [35mpriority[39m: 1000
[37mMETRICS[39m [18:07:46]: [36m🔄 QUEUE | User added to queue[39m
    [35mcategory[39m: "🔄 QUEUE"
    [35muserMID[39m: "user580"
    [35mposition[39m: 581
    [35mqueueSize[39m: 581
    [35mfilterLevel[39m: 1
    [35mpriority[39m: 1000
[37mMETRICS[39m [18:07:46]: [36m🔄 QUEUE | User added to queue[39m
    [35mcategory[39m: "🔄 QUEUE"
    [35muserMID[39m: "user581"
    [35mposition[39m: 582
    [35mqueueSize[39m: 582
    [35mfilterLevel[39m: 1
    [35mpriority[39m: 1000
[37mMETRICS[39m [18:07:46]: [36m🔄 QUEUE | User added to queue[39m
    [35mcategory[39m: "🔄 QUEUE"
    [35muserMID[39m: "user582"
    [35mposition[39m: 583
    [35mqueueSize[39m: 583
    [35mfilterLevel[39m: 1
    [35mpriority[39m: 1000
[37mMETRICS[39m [18:07:46]: [36m🔄 QUEUE | User added to queue[39m
    [35mcategory[39m: "🔄 QUEUE"
    [35muserMID[39m: "user583"
    [35mposition[39m: 584
    [35mqueueSize[39m: 584
    [35mfilterLevel[39m: 1
    [35mpriority[39m: 1000
[37mMETRICS[39m [18:07:46]: [36m🔄 QUEUE | User added to queue[39m
    [35mcategory[39m: "🔄 QUEUE"
    [35muserMID[39m: "user584"
    [35mposition[39m: 585
    [35mqueueSize[39m: 585
    [35mfilterLevel[39m: 1
    [35mpriority[39m: 1000
[37mMETRICS[39m [18:07:46]: [36m🔄 QUEUE | User added to queue[39m
    [35mcategory[39m: "🔄 QUEUE"
    [35muserMID[39m: "user585"
    [35mposition[39m: 586
    [35mqueueSize[39m: 586
    [35mfilterLevel[39m: 1
    [35mpriority[39m: 1000
    matchUsers() - Level 1
[37mMETRICS[39m [18:07:46]: [36m🔄 QUEUE | User added to queue[39m
    [35mcategory[39m: "🔄 QUEUE"
    [35muserMID[39m: "user586"
    [35mposition[39m: 587
    [35mqueueSize[39m: 587
    [35mfilterLevel[39m: 1
    [35mpriority[39m: 1000
      15) should match users with same college and compatible genders
      ✔ should not match users from different colleges at level 1
      ✔ should not match incompatible genders at level 1
      16) should match when preferredCollege is "any"
[37mMETRICS[39m [18:07:46]: [36m🔄 QUEUE | User added to queue[39m
    [35mcategory[39m: "🔄 QUEUE"
    [35muserMID[39m: "user587"
    [35mposition[39m: 588
    [35mqueueSize[39m: 588
    [35mfilterLevel[39m: 1
    [35mpriority[39m: 1000
[37mMETRICS[39m [18:07:46]: [36m🔄 QUEUE | User added to queue[39m
    [35mcategory[39m: "🔄 QUEUE"
    [35muserMID[39m: "user588"
    [35mposition[39m: 589
    [35mqueueSize[39m: 589
    [35mfilterLevel[39m: 1
    [35mpriority[39m: 1000
[37mMETRICS[39m [18:07:46]: [36m🔄 QUEUE | User added to queue[39m
    [35mcategory[39m: "🔄 QUEUE"
    [35muserMID[39m: "user589"
    [35mposition[39m: 590
    [35mqueueSize[39m: 590
    [35mfilterLevel[39m: 1
    [35mpriority[39m: 1000
[37mMETRICS[39m [18:07:46]: [36m🔄 QUEUE | User added to queue[39m
    [35mcategory[39m: "🔄 QUEUE"
    [35muserMID[39m: "user590"
    [35mposition[39m: 591
    [35mqueueSize[39m: 591
    [35mfilterLevel[39m: 1
    [35mpriority[39m: 1000
[37mMETRICS[39m [18:07:46]: [36m🔄 QUEUE | User added to queue[39m
    [35mcategory[39m: "🔄 QUEUE"
    [35muserMID[39m: "user591"
    [35mposition[39m: 592
    [35mqueueSize[39m: 592
    [35mfilterLevel[39m: 1
    [35mpriority[39m: 1000
[37mMETRICS[39m [18:07:46]: [36m🔄 QUEUE | User added to queue[39m
    [35mcategory[39m: "🔄 QUEUE"
    [35muserMID[39m: "user592"
    [35mposition[39m: 593
    [35mqueueSize[39m: 593
    [35mfilterLevel[39m: 1
    [35mpriority[39m: 1000
[37mMETRICS[39m [18:07:46]: [36m🔄 QUEUE | User added to queue[39m
    [35mcategory[39m: "🔄 QUEUE"
    [35muserMID[39m: "user593"
    [35mposition[39m: 594
    [35mqueueSize[39m: 594
    [35mfilterLevel[39m: 1
    [35mpriority[39m: 1000
[37mMETRICS[39m [18:07:46]: [36m🔄 QUEUE | User added to queue[39m
    [35mcategory[39m: "🔄 QUEUE"
    [35muserMID[39m: "user594"
    [35mposition[39m: 595
    [35mqueueSize[39m: 595
    [35mfilterLevel[39m: 1
    [35mpriority[39m: 1000
[37mMETRICS[39m [18:07:46]: [36m🔄 QUEUE | User added to queue[39m
    [35mcategory[39m: "🔄 QUEUE"
    [35muserMID[39m: "user595"
    [35mposition[39m: 596
    [35mqueueSize[39m: 596
    [35mfilterLevel[39m: 1
    [35mpriority[39m: 1000
[37mMETRICS[39m [18:07:46]: [36m🔄 QUEUE | User added to queue[39m
    [35mcategory[39m: "🔄 QUEUE"
    [35muserMID[39m: "user596"
    [35mposition[39m: 597
    [35mqueueSize[39m: 597
    [35mfilterLevel[39m: 1
    [35mpriority[39m: 1000
[37mMETRICS[39m [18:07:46]: [36m🔄 QUEUE | User added to queue[39m
    [35mcategory[39m: "🔄 QUEUE"
    [35muserMID[39m: "user597"
    [35mposition[39m: 598
    [35mqueueSize[39m: 598
    [35mfilterLevel[39m: 1
    [35mpriority[39m: 1000
[37mMETRICS[39m [18:07:46]: [36m🔄 QUEUE | User added to queue[39m
    [35mcategory[39m: "🔄 QUEUE"
    [35muserMID[39m: "user598"
    [35mposition[39m: 599
    [35mqueueSize[39m: 599
    [35mfilterLevel[39m: 1
    [35mpriority[39m: 1000
[37mMETRICS[39m [18:07:46]: [36m🔄 QUEUE | User added to queue[39m
    [35mcategory[39m: "🔄 QUEUE"
    [35muserMID[39m: "user599"
    [35mposition[39m: 600
    [35mqueueSize[39m: 600
    [35mfilterLevel[39m: 1
    [35mpriority[39m: 1000
[37mMETRICS[39m [18:07:46]: [36m🔄 QUEUE | User added to queue[39m
    [35mcategory[39m: "🔄 QUEUE"
    [35muserMID[39m: "user600"
    [35mposition[39m: 601
    [35mqueueSize[39m: 601
    [35mfilterLevel[39m: 1
    [35mpriority[39m: 1000
[37mMETRICS[39m [18:07:46]: [36m🔄 QUEUE | User added to queue[39m
    [35mcategory[39m: "🔄 QUEUE"
    [35muserMID[39m: "user601"
    [35mposition[39m: 602
    [35mqueueSize[39m: 602
    [35mfilterLevel[39m: 1
    [35mpriority[39m: 1000
[37mMETRICS[39m [18:07:46]: [36m🔄 QUEUE | User added to queue[39m
    [35mcategory[39m: "🔄 QUEUE"
    [35muserMID[39m: "user602"
    [35mposition[39m: 603
    [35mqueueSize[39m: 603
    [35mfilterLevel[39m: 1
    [35mpriority[39m: 1000
[37mMETRICS[39m [18:07:46]: [36m🔄 QUEUE | User added to queue[39m
    [35mcategory[39m: "🔄 QUEUE"
    [35muserMID[39m: "user603"
    [35mposition[39m: 604
    [35mqueueSize[39m: 604
    [35mfilterLevel[39m: 1
    [35mpriority[39m: 1000
[37mMETRICS[39m [18:07:46]: [36m🔄 QUEUE | User added to queue[39m
    [35mcategory[39m: "🔄 QUEUE"
    [35muserMID[39m: "user604"
    [35mposition[39m: 605
    [35mqueueSize[39m: 605
    [35mfilterLevel[39m: 1
    [35mpriority[39m: 1000
[37mMETRICS[39m [18:07:46]: [36m🔄 QUEUE | User added to queue[39m
    [35mcategory[39m: "🔄 QUEUE"
    [35muserMID[39m: "user605"
    [35mposition[39m: 606
    [35mqueueSize[39m: 606
    [35mfilterLevel[39m: 1
    [35mpriority[39m: 1000
[37mMETRICS[39m [18:07:46]: [36m🔄 QUEUE | User added to queue[39m
    [35mcategory[39m: "🔄 QUEUE"
    [35muserMID[39m: "user606"
    [35mposition[39m: 607
    [35mqueueSize[39m: 607
    [35mfilterLevel[39m: 1
    [35mpriority[39m: 1000
[37mMETRICS[39m [18:07:46]: [36m🔄 QUEUE | User added to queue[39m
    [35mcategory[39m: "🔄 QUEUE"
    [35muserMID[39m: "user607"
    [35mposition[39m: 608
    [35mqueueSize[39m: 608
    [35mfilterLevel[39m: 1
    [35mpriority[39m: 1000
[37mMETRICS[39m [18:07:46]: [36m🔄 QUEUE | User added to queue[39m
    [35mcategory[39m: "🔄 QUEUE"
    [35muserMID[39m: "user608"
    [35mposition[39m: 609
    [35mqueueSize[39m: 609
    [35mfilterLevel[39m: 1
    [35mpriority[39m: 1000
[37mMETRICS[39m [18:07:46]: [36m🔄 QUEUE | User added to queue[39m
    [35mcategory[39m: "🔄 QUEUE"
    [35muserMID[39m: "user609"
    [35mposition[39m: 610
    [35mqueueSize[39m: 610
    [35mfilterLevel[39m: 1
    [35mpriority[39m: 1000
[37mMETRICS[39m [18:07:46]: [36m🔄 QUEUE | User added to queue[39m
    [35mcategory[39m: "🔄 QUEUE"
    [35muserMID[39m: "user610"
    [35mposition[39m: 611
    [35mqueueSize[39m: 611
    [35mfilterLevel[39m: 1
    [35mpriority[39m: 1000
[37mMETRICS[39m [18:07:46]: [36m🔄 QUEUE | User added to queue[39m
    [35mcategory[39m: "🔄 QUEUE"
    [35muserMID[39m: "user611"
    [35mposition[39m: 612
    [35mqueueSize[39m: 612
    [35mfilterLevel[39m: 1
    [35mpriority[39m: 1000
[37mMETRICS[39m [18:07:46]: [36m🔄 QUEUE | User added to queue[39m
    [35mcategory[39m: "🔄 QUEUE"
    [35muserMID[39m: "user612"
    [35mposition[39m: 613
    [35mqueueSize[39m: 613
    [35mfilterLevel[39m: 1
    [35mpriority[39m: 1000
[37mMETRICS[39m [18:07:46]: [36m🔄 QUEUE | User added to queue[39m
    [35mcategory[39m: "🔄 QUEUE"
    [35muserMID[39m: "user613"
    [35mposition[39m: 614
    [35mqueueSize[39m: 614
    [35mfilterLevel[39m: 1
    [35mpriority[39m: 1000
[37mMETRICS[39m [18:07:46]: [36m🔄 QUEUE | User added to queue[39m
    [35mcategory[39m: "🔄 QUEUE"
    [35muserMID[39m: "user614"
    [35mposition[39m: 615
    [35mqueueSize[39m: 615
    [35mfilterLevel[39m: 1
    [35mpriority[39m: 1000
[37mMETRICS[39m [18:07:46]: [36m🔄 QUEUE | User added to queue[39m
    [35mcategory[39m: "🔄 QUEUE"
    [35muserMID[39m: "user615"
    [35mposition[39m: 616
    [35mqueueSize[39m: 616
    [35mfilterLevel[39m: 1
    [35mpriority[39m: 1000
[37mMETRICS[39m [18:07:46]: [36m🔄 QUEUE | User added to queue[39m
    [35mcategory[39m: "🔄 QUEUE"
    [35muserMID[39m: "user616"
    [35mposition[39m: 617
    [35mqueueSize[39m: 617
    [35mfilterLevel[39m: 1
    [35mpriority[39m: 1000
[37mMETRICS[39m [18:07:46]: [36m🔄 QUEUE | User added to queue[39m
    [35mcategory[39m: "🔄 QUEUE"
    [35muserMID[39m: "user617"
    [35mposition[39m: 618
    [35mqueueSize[39m: 618
    [35mfilterLevel[39m: 1
    [35mpriority[39m: 1000
[37mMETRICS[39m [18:07:46]: [36m🔄 QUEUE | User added to queue[39m
    [35mcategory[39m: "🔄 QUEUE"
    [35muserMID[39m: "user618"
    [35mposition[39m: 619
    [35mqueueSize[39m: 619
    [35mfilterLevel[39m: 1
    [35mpriority[39m: 1000
[37mMETRICS[39m [18:07:46]: [36m🔄 QUEUE | User added to queue[39m
    [35mcategory[39m: "🔄 QUEUE"
    [35muserMID[39m: "user619"
    [35mposition[39m: 620
    [35mqueueSize[39m: 620
    [35mfilterLevel[39m: 1
    [35mpriority[39m: 1000
[37mMETRICS[39m [18:07:46]: [36m🔄 QUEUE | User added to queue[39m
    [35mcategory[39m: "🔄 QUEUE"
    [35muserMID[39m: "user620"
    [35mposition[39m: 621
    [35mqueueSize[39m: 621
    [35mfilterLevel[39m: 1
    [35mpriority[39m: 1000
[37mMETRICS[39m [18:07:46]: [36m🔄 QUEUE | User added to queue[39m
    [35mcategory[39m: "🔄 QUEUE"
    [35muserMID[39m: "user621"
    [35mposition[39m: 622
    [35mqueueSize[39m: 622
    [35mfilterLevel[39m: 1
    [35mpriority[39m: 1000
[37mMETRICS[39m [18:07:46]: [36m🔄 QUEUE | User added to queue[39m
    [35mcategory[39m: "🔄 QUEUE"
    [35muserMID[39m: "user622"
    [35mposition[39m: 623
    [35mqueueSize[39m: 623
    [35mfilterLevel[39m: 1
    [35mpriority[39m: 1000
[37mMETRICS[39m [18:07:46]: [36m🔄 QUEUE | User added to queue[39m
    [35mcategory[39m: "🔄 QUEUE"
    [35muserMID[39m: "user623"
    [35mposition[39m: 624
    [35mqueueSize[39m: 624
    [35mfilterLevel[39m: 1
    [35mpriority[39m: 1000
[37mMETRICS[39m [18:07:46]: [36m🔄 QUEUE | User added to queue[39m
    [35mcategory[39m: "🔄 QUEUE"
    [35muserMID[39m: "user624"
    [35mposition[39m: 625
    [35mqueueSize[39m: 625
    [35mfilterLevel[39m: 1
    [35mpriority[39m: 1000
[37mMETRICS[39m [18:07:46]: [36m🔄 QUEUE | User added to queue[39m
    [35mcategory[39m: "🔄 QUEUE"
    [35muserMID[39m: "user625"
    [35mposition[39m: 626
    [35mqueueSize[39m: 626
    [35mfilterLevel[39m: 1
    [35mpriority[39m: 1000
[37mMETRICS[39m [18:07:46]: [36m🔄 QUEUE | User added to queue[39m
    [35mcategory[39m: "🔄 QUEUE"
    [35muserMID[39m: "user626"
    [35mposition[39m: 627
    [35mqueueSize[39m: 627
    [35mfilterLevel[39m: 1
    [35mpriority[39m: 1000
[37mMETRICS[39m [18:07:46]: [36m🔄 QUEUE | User added to queue[39m
    [35mcategory[39m: "🔄 QUEUE"
    [35muserMID[39m: "user627"
    [35mposition[39m: 628
    [35mqueueSize[39m: 628
    [35mfilterLevel[39m: 1
    [35mpriority[39m: 1000
[37mMETRICS[39m [18:07:46]: [36m🔄 QUEUE | User added to queue[39m
    [35mcategory[39m: "🔄 QUEUE"
    [35muserMID[39m: "user628"
    [35mposition[39m: 629
    [35mqueueSize[39m: 629
    [35mfilterLevel[39m: 1
    [35mpriority[39m: 1000
[37mMETRICS[39m [18:07:46]: [36m🔄 QUEUE | User added to queue[39m
    [35mcategory[39m: "🔄 QUEUE"
    [35muserMID[39m: "user629"
    [35mposition[39m: 630
    [35mqueueSize[39m: 630
    [35mfilterLevel[39m: 1
    [35mpriority[39m: 1000
[37mMETRICS[39m [18:07:46]: [36m🔄 QUEUE | User added to queue[39m
    [35mcategory[39m: "🔄 QUEUE"
    [35muserMID[39m: "user630"
    [35mposition[39m: 631
    [35mqueueSize[39m: 631
    [35mfilterLevel[39m: 1
    [35mpriority[39m: 1000
[37mMETRICS[39m [18:07:46]: [36m🔄 QUEUE | User added to queue[39m
    [35mcategory[39m: "🔄 QUEUE"
    [35muserMID[39m: "user631"
    [35mposition[39m: 632
    [35mqueueSize[39m: 632
    [35mfilterLevel[39m: 1
    [35mpriority[39m: 1000
[37mMETRICS[39m [18:07:46]: [36m🔄 QUEUE | User added to queue[39m
    [35mcategory[39m: "🔄 QUEUE"
    [35muserMID[39m: "user632"
    [35mposition[39m: 633
    [35mqueueSize[39m: 633
    [35mfilterLevel[39m: 1
    [35mpriority[39m: 1000
[37mMETRICS[39m [18:07:46]: [36m🔄 QUEUE | User added to queue[39m
    [35mcategory[39m: "🔄 QUEUE"
    [35muserMID[39m: "user633"
    [35mposition[39m: 634
    [35mqueueSize[39m: 634
    [35mfilterLevel[39m: 1
    [35mpriority[39m: 1000
[37mMETRICS[39m [18:07:46]: [36m🔄 QUEUE | User added to queue[39m
    [35mcategory[39m: "🔄 QUEUE"
    [35muserMID[39m: "user634"
    [35mposition[39m: 635
    [35mqueueSize[39m: 635
    [35mfilterLevel[39m: 1
    [35mpriority[39m: 1000
[37mMETRICS[39m [18:07:46]: [36m🔄 QUEUE | User added to queue[39m
    [35mcategory[39m: "🔄 QUEUE"
    [35muserMID[39m: "user635"
    [35mposition[39m: 636
    [35mqueueSize[39m: 636
    [35mfilterLevel[39m: 1
    [35mpriority[39m: 1000
[37mMETRICS[39m [18:07:46]: [36m🔄 QUEUE | User added to queue[39m
    [35mcategory[39m: "🔄 QUEUE"
    [35muserMID[39m: "user636"
    [35mposition[39m: 637
    [35mqueueSize[39m: 637
    [35mfilterLevel[39m: 1
    [35mpriority[39m: 1000
[37mMETRICS[39m [18:07:46]: [36m🔄 QUEUE | User added to queue[39m
    [35mcategory[39m: "🔄 QUEUE"
    [35muserMID[39m: "user637"
    [35mposition[39m: 638
    [35mqueueSize[39m: 638
    [35mfilterLevel[39m: 1
    [35mpriority[39m: 1000
[37mMETRICS[39m [18:07:46]: [36m🔄 QUEUE | User added to queue[39m
    [35mcategory[39m: "🔄 QUEUE"
    [35muserMID[39m: "user638"
    [35mposition[39m: 639
    [35mqueueSize[39m: 639
    [35mfilterLevel[39m: 1
    [35mpriority[39m: 1000
[37mMETRICS[39m [18:07:46]: [36m🔄 QUEUE | User added to queue[39m
    [35mcategory[39m: "🔄 QUEUE"
    [35muserMID[39m: "user639"
    [35mposition[39m: 640
    [35mqueueSize[39m: 640
    [35mfilterLevel[39m: 1
    [35mpriority[39m: 1000
[37mMETRICS[39m [18:07:46]: [36m🔄 QUEUE | User added to queue[39m
    [35mcategory[39m: "🔄 QUEUE"
    [35muserMID[39m: "user640"
    [35mposition[39m: 641
    [35mqueueSize[39m: 641
    [35mfilterLevel[39m: 1
    [35mpriority[39m: 1000
[37mMETRICS[39m [18:07:46]: [36m🔄 QUEUE | User added to queue[39m
    [35mcategory[39m: "🔄 QUEUE"
    [35muserMID[39m: "user641"
    [35mposition[39m: 642
    [35mqueueSize[39m: 642
    [35mfilterLevel[39m: 1
    [35mpriority[39m: 1000
[37mMETRICS[39m [18:07:46]: [36m🔄 QUEUE | User added to queue[39m
    [35mcategory[39m: "🔄 QUEUE"
    [35muserMID[39m: "user642"
    [35mposition[39m: 643
    [35mqueueSize[39m: 643
    [35mfilterLevel[39m: 1
    [35mpriority[39m: 1000
[37mMETRICS[39m [18:07:46]: [36m🔄 QUEUE | User added to queue[39m
    [35mcategory[39m: "🔄 QUEUE"
    [35muserMID[39m: "user643"
    [35mposition[39m: 644
    [35mqueueSize[39m: 644
    [35mfilterLevel[39m: 1
    [35mpriority[39m: 1000
[37mMETRICS[39m [18:07:46]: [36m🔄 QUEUE | User added to queue[39m
    [35mcategory[39m: "🔄 QUEUE"
    [35muserMID[39m: "user644"
    [35mposition[39m: 645
    [35mqueueSize[39m: 645
    [35mfilterLevel[39m: 1
    [35mpriority[39m: 1000
[37mMETRICS[39m [18:07:46]: [36m🔄 QUEUE | User added to queue[39m
    [35mcategory[39m: "🔄 QUEUE"
    [35muserMID[39m: "user645"
    [35mposition[39m: 646
    [35mqueueSize[39m: 646
    [35mfilterLevel[39m: 1
    [35mpriority[39m: 1000
[37mMETRICS[39m [18:07:46]: [36m🔄 QUEUE | User added to queue[39m
    [35mcategory[39m: "🔄 QUEUE"
    [35muserMID[39m: "user646"
    [35mposition[39m: 647
    [35mqueueSize[39m: 647
    [35mfilterLevel[39m: 1
    [35mpriority[39m: 1000
[37mMETRICS[39m [18:07:46]: [36m🔄 QUEUE | User added to queue[39m
    [35mcategory[39m: "🔄 QUEUE"
    [35muserMID[39m: "user647"
    [35mposition[39m: 648
    [35mqueueSize[39m: 648
    [35mfilterLevel[39m: 1
    [35mpriority[39m: 1000
[37mMETRICS[39m [18:07:46]: [36m🔄 QUEUE | User added to queue[39m
    [35mcategory[39m: "🔄 QUEUE"
    [35muserMID[39m: "user648"
    [35mposition[39m: 649
    [35mqueueSize[39m: 649
    [35mfilterLevel[39m: 1
    [35mpriority[39m: 1000
[37mMETRICS[39m [18:07:46]: [36m🔄 QUEUE | User added to queue[39m
    [35mcategory[39m: "🔄 QUEUE"
    [35muserMID[39m: "user649"
    [35mposition[39m: 650
    [35mqueueSize[39m: 650
    [35mfilterLevel[39m: 1
    [35mpriority[39m: 1000
[37mMETRICS[39m [18:07:46]: [36m🔄 QUEUE | User added to queue[39m
    [35mcategory[39m: "🔄 QUEUE"
    [35muserMID[39m: "user650"
    [35mposition[39m: 651
    [35mqueueSize[39m: 651
    [35mfilterLevel[39m: 1
    [35mpriority[39m: 1000
[37mMETRICS[39m [18:07:46]: [36m🔄 QUEUE | User added to queue[39m
    [35mcategory[39m: "🔄 QUEUE"
    [35muserMID[39m: "user651"
    [35mposition[39m: 652
    [35mqueueSize[39m: 652
    [35mfilterLevel[39m: 1
    [35mpriority[39m: 1000
      17) should give higher score for verified users
    matchUsers() - Level 2
      18) should match users with compatible genders from any college
      ✔ should not match incompatible genders at level 2
      19) should match when preferredGender is "any"
[37mMETRICS[39m [18:07:46]: [36m🔄 QUEUE | User added to queue[39m
    [35mcategory[39m: "🔄 QUEUE"
    [35muserMID[39m: "user652"
    [35mposition[39m: 653
    [35mqueueSize[39m: 653
    [35mfilterLevel[39m: 1
    [35mpriority[39m: 1000
[37mMETRICS[39m [18:07:46]: [36m🔄 QUEUE | User added to queue[39m
    [35mcategory[39m: "🔄 QUEUE"
    [35muserMID[39m: "user653"
    [35mposition[39m: 654
    [35mqueueSize[39m: 654
    [35mfilterLevel[39m: 1
    [35mpriority[39m: 1000
[37mMETRICS[39m [18:07:46]: [36m🔄 QUEUE | User added to queue[39m
    [35mcategory[39m: "🔄 QUEUE"
    [35muserMID[39m: "user654"
    [35mposition[39m: 655
    [35mqueueSize[39m: 655
    [35mfilterLevel[39m: 1
    [35mpriority[39m: 1000
[37mMETRICS[39m [18:07:46]: [36m🔄 QUEUE | User added to queue[39m
    [35mcategory[39m: "🔄 QUEUE"
    [35muserMID[39m: "user655"
    [35mposition[39m: 656
    [35mqueueSize[39m: 656
    [35mfilterLevel[39m: 1
    [35mpriority[39m: 1000
[37mMETRICS[39m [18:07:46]: [36m🔄 QUEUE | User added to queue[39m
    [35mcategory[39m: "🔄 QUEUE"
    [35muserMID[39m: "user656"
    [35mposition[39m: 657
    [35mqueueSize[39m: 657
    [35mfilterLevel[39m: 1
    [35mpriority[39m: 1000
[37mMETRICS[39m [18:07:46]: [36m🔄 QUEUE | User added to queue[39m
    [35mcategory[39m: "🔄 QUEUE"
    [35muserMID[39m: "user657"
    [35mposition[39m: 658
    [35mqueueSize[39m: 658
    [35mfilterLevel[39m: 1
    [35mpriority[39m: 1000
[37mMETRICS[39m [18:07:46]: [36m🔄 QUEUE | User added to queue[39m
    [35mcategory[39m: "🔄 QUEUE"
    [35muserMID[39m: "user658"
    [35mposition[39m: 659
    [35mqueueSize[39m: 659
    [35mfilterLevel[39m: 1
    [35mpriority[39m: 1000
[37mMETRICS[39m [18:07:46]: [36m🔄 QUEUE | User added to queue[39m
    [35mcategory[39m: "🔄 QUEUE"
    [35muserMID[39m: "user659"
    [35mposition[39m: 660
    [35mqueueSize[39m: 660
    [35mfilterLevel[39m: 1
    [35mpriority[39m: 1000
[37mMETRICS[39m [18:07:46]: [36m🔄 QUEUE | User added to queue[39m
    [35mcategory[39m: "🔄 QUEUE"
    [35muserMID[39m: "user660"
    [35mposition[39m: 661
    [35mqueueSize[39m: 661
    [35mfilterLevel[39m: 1
    [35mpriority[39m: 1000
[37mMETRICS[39m [18:07:46]: [36m🔄 QUEUE | User added to queue[39m
    [35mcategory[39m: "🔄 QUEUE"
    [35muserMID[39m: "user661"
    [35mposition[39m: 662
    [35mqueueSize[39m: 662
    [35mfilterLevel[39m: 1
    [35mpriority[39m: 1000
[37mMETRICS[39m [18:07:46]: [36m🔄 QUEUE | User added to queue[39m
    [35mcategory[39m: "🔄 QUEUE"
    [35muserMID[39m: "user662"
    [35mposition[39m: 663
    [35mqueueSize[39m: 663
    [35mfilterLevel[39m: 1
    [35mpriority[39m: 1000
[37mMETRICS[39m [18:07:46]: [36m🔄 QUEUE | User added to queue[39m
    [35mcategory[39m: "🔄 QUEUE"
    [35muserMID[39m: "user663"
    [35mposition[39m: 664
    [35mqueueSize[39m: 664
    [35mfilterLevel[39m: 1
    [35mpriority[39m: 1000
[37mMETRICS[39m [18:07:46]: [36m🔄 QUEUE | User added to queue[39m
    [35mcategory[39m: "🔄 QUEUE"
    [35muserMID[39m: "user664"
    [35mposition[39m: 665
    [35mqueueSize[39m: 665
    [35mfilterLevel[39m: 1
    [35mpriority[39m: 1000
[37mMETRICS[39m [18:07:46]: [36m🔄 QUEUE | User added to queue[39m
    [35mcategory[39m: "🔄 QUEUE"
    [35muserMID[39m: "user665"
    [35mposition[39m: 666
    [35mqueueSize[39m: 666
    [35mfilterLevel[39m: 1
    [35mpriority[39m: 1000
[37mMETRICS[39m [18:07:46]: [36m🔄 QUEUE | User added to queue[39m
    [35mcategory[39m: "🔄 QUEUE"
    [35muserMID[39m: "user666"
    [35mposition[39m: 667
    [35mqueueSize[39m: 667
    [35mfilterLevel[39m: 1
    [35mpriority[39m: 1000
[37mMETRICS[39m [18:07:46]: [36m🔄 QUEUE | User added to queue[39m
    [35mcategory[39m: "🔄 QUEUE"
    [35muserMID[39m: "user667"
    [35mposition[39m: 668
    [35mqueueSize[39m: 668
    [35mfilterLevel[39m: 1
    [35mpriority[39m: 1000
[37mMETRICS[39m [18:07:46]: [36m🔄 QUEUE | User added to queue[39m
    [35mcategory[39m: "🔄 QUEUE"
    [35muserMID[39m: "user668"
    [35mposition[39m: 669
    [35mqueueSize[39m: 669
    [35mfilterLevel[39m: 1
    [35mpriority[39m: 1000
[37mMETRICS[39m [18:07:46]: [36m🔄 QUEUE | User added to queue[39m
    [35mcategory[39m: "🔄 QUEUE"
    [35muserMID[39m: "user669"
    [35mposition[39m: 670
    [35mqueueSize[39m: 670
    [35mfilterLevel[39m: 1
    [35mpriority[39m: 1000
[37mMETRICS[39m [18:07:46]: [36m🔄 QUEUE | User added to queue[39m
    [35mcategory[39m: "🔄 QUEUE"
    [35muserMID[39m: "user670"
    [35mposition[39m: 671
    [35mqueueSize[39m: 671
    [35mfilterLevel[39m: 1
    [35mpriority[39m: 1000
[37mMETRICS[39m [18:07:46]: [36m🔄 QUEUE | User added to queue[39m
    [35mcategory[39m: "🔄 QUEUE"
    [35muserMID[39m: "user671"
    [35mposition[39m: 672
    [35mqueueSize[39m: 672
    [35mfilterLevel[39m: 1
    [35mpriority[39m: 1000
[37mMETRICS[39m [18:07:46]: [36m🔄 QUEUE | User added to queue[39m
    [35mcategory[39m: "🔄 QUEUE"
    [35muserMID[39m: "user672"
    [35mposition[39m: 673
    [35mqueueSize[39m: 673
    [35mfilterLevel[39m: 1
    [35mpriority[39m: 1000
[37mMETRICS[39m [18:07:46]: [36m🔄 QUEUE | User added to queue[39m
    [35mcategory[39m: "🔄 QUEUE"
    [35muserMID[39m: "user673"
    [35mposition[39m: 674
    [35mqueueSize[39m: 674
    [35mfilterLevel[39m: 1
    [35mpriority[39m: 1000
[37mMETRICS[39m [18:07:46]: [36m🔄 QUEUE | User added to queue[39m
    [35mcategory[39m: "🔄 QUEUE"
    [35muserMID[39m: "user674"
    [35mposition[39m: 675
    [35mqueueSize[39m: 675
    [35mfilterLevel[39m: 1
    [35mpriority[39m: 1000
[37mMETRICS[39m [18:07:46]: [36m🔄 QUEUE | User added to queue[39m
    [35mcategory[39m: "🔄 QUEUE"
    [35muserMID[39m: "user675"
    [35mposition[39m: 676
    [35mqueueSize[39m: 676
    [35mfilterLevel[39m: 1
    [35mpriority[39m: 1000
[37mMETRICS[39m [18:07:46]: [36m🔄 QUEUE | User added to queue[39m
    [35mcategory[39m: "🔄 QUEUE"
    [35muserMID[39m: "user676"
    [35mposition[39m: 5
    [35mqueueSize[39m: 677
    [35mfilterLevel[39m: 1
    [35mpriority[39m: 1001
[37mMETRICS[39m [18:07:46]: [36m🔄 QUEUE | User added to queue[39m
    [35mcategory[39m: "🔄 QUEUE"
    [35muserMID[39m: "user677"
    [35mposition[39m: 678
    [35mqueueSize[39m: 678
    [35mfilterLevel[39m: 1
    [35mpriority[39m: 1000
[37mMETRICS[39m [18:07:46]: [36m🔄 QUEUE | User added to queue[39m
    [35mcategory[39m: "🔄 QUEUE"
    [35muserMID[39m: "user678"
    [35mposition[39m: 679
    [35mqueueSize[39m: 679
    [35mfilterLevel[39m: 1
    [35mpriority[39m: 1000
[37mMETRICS[39m [18:07:46]: [36m🔄 QUEUE | User added to queue[39m
    [35mcategory[39m: "🔄 QUEUE"
    [35muserMID[39m: "user679"
    [35mposition[39m: 680
    [35mqueueSize[39m: 680
    [35mfilterLevel[39m: 1
    [35mpriority[39m: 1000
[37mMETRICS[39m [18:07:46]: [36m🔄 QUEUE | User added to queue[39m
    [35mcategory[39m: "🔄 QUEUE"
    [35muserMID[39m: "user680"
    [35mposition[39m: 681
    [35mqueueSize[39m: 681
    [35mfilterLevel[39m: 1
    [35mpriority[39m: 1000
[37mMETRICS[39m [18:07:46]: [36m🔄 QUEUE | User added to queue[39m
    [35mcategory[39m: "🔄 QUEUE"
    [35muserMID[39m: "user681"
    [35mposition[39m: 682
    [35mqueueSize[39m: 682
    [35mfilterLevel[39m: 1
    [35mpriority[39m: 1000
[37mMETRICS[39m [18:07:46]: [36m🔄 QUEUE | User added to queue[39m
    [35mcategory[39m: "🔄 QUEUE"
    [35muserMID[39m: "user682"
    [35mposition[39m: 683
    [35mqueueSize[39m: 683
    [35mfilterLevel[39m: 1
    [35mpriority[39m: 1000
[37mMETRICS[39m [18:07:46]: [36m🔄 QUEUE | User added to queue[39m
    [35mcategory[39m: "🔄 QUEUE"
    [35muserMID[39m: "user683"
    [35mposition[39m: 684
    [35mqueueSize[39m: 684
    [35mfilterLevel[39m: 1
    [35mpriority[39m: 1000
[37mMETRICS[39m [18:07:46]: [36m🔄 QUEUE | User added to queue[39m
    [35mcategory[39m: "🔄 QUEUE"
    [35muserMID[39m: "user684"
    [35mposition[39m: 685
    [35mqueueSize[39m: 685
    [35mfilterLevel[39m: 1
    [35mpriority[39m: 1000
[37mMETRICS[39m [18:07:46]: [36m🔄 QUEUE | User added to queue[39m
    [35mcategory[39m: "🔄 QUEUE"
    [35muserMID[39m: "user685"
    [35mposition[39m: 686
    [35mqueueSize[39m: 686
    [35mfilterLevel[39m: 1
    [35mpriority[39m: 1000
[37mMETRICS[39m [18:07:46]: [36m🔄 QUEUE | User added to queue[39m
    [35mcategory[39m: "🔄 QUEUE"
    [35muserMID[39m: "user686"
    [35mposition[39m: 687
    [35mqueueSize[39m: 687
    [35mfilterLevel[39m: 1
    [35mpriority[39m: 1000
[37mMETRICS[39m [18:07:46]: [36m🔄 QUEUE | User added to queue[39m
    [35mcategory[39m: "🔄 QUEUE"
    [35muserMID[39m: "user687"
    [35mposition[39m: 688
    [35mqueueSize[39m: 688
    [35mfilterLevel[39m: 1
    [35mpriority[39m: 1000
[37mMETRICS[39m [18:07:46]: [36m🔄 QUEUE | User added to queue[39m
    [35mcategory[39m: "🔄 QUEUE"
    [35muserMID[39m: "user688"
    [35mposition[39m: 689
    [35mqueueSize[39m: 689
    [35mfilterLevel[39m: 1
    [35mpriority[39m: 1000
[37mMETRICS[39m [18:07:46]: [36m🔄 QUEUE | User added to queue[39m
    [35mcategory[39m: "🔄 QUEUE"
    [35muserMID[39m: "user689"
    [35mposition[39m: 690
    [35mqueueSize[39m: 690
    [35mfilterLevel[39m: 1
    [35mpriority[39m: 1000
[37mMETRICS[39m [18:07:46]: [36m🔄 QUEUE | User added to queue[39m
    [35mcategory[39m: "🔄 QUEUE"
    [35muserMID[39m: "user690"
    [35mposition[39m: 691
    [35mqueueSize[39m: 691
    [35mfilterLevel[39m: 1
    [35mpriority[39m: 1000
[37mMETRICS[39m [18:07:46]: [36m🔄 QUEUE | User added to queue[39m
    [35mcategory[39m: "🔄 QUEUE"
    [35muserMID[39m: "user691"
    [35mposition[39m: 692
    [35mqueueSize[39m: 692
    [35mfilterLevel[39m: 1
    [35mpriority[39m: 1000
[37mMETRICS[39m [18:07:46]: [36m🔄 QUEUE | User added to queue[39m
    [35mcategory[39m: "🔄 QUEUE"
    [35muserMID[39m: "user692"
    [35mposition[39m: 693
    [35mqueueSize[39m: 693
    [35mfilterLevel[39m: 1
    [35mpriority[39m: 1000
[37mMETRICS[39m [18:07:46]: [36m🔄 QUEUE | User added to queue[39m
    [35mcategory[39m: "🔄 QUEUE"
    [35muserMID[39m: "user693"
    [35mposition[39m: 694
    [35mqueueSize[39m: 694
    [35mfilterLevel[39m: 1
    [35mpriority[39m: 1000
[37mMETRICS[39m [18:07:46]: [36m🔄 QUEUE | User added to queue[39m
    [35mcategory[39m: "🔄 QUEUE"
    [35muserMID[39m: "user694"
    [35mposition[39m: 695
    [35mqueueSize[39m: 695
    [35mfilterLevel[39m: 1
    [35mpriority[39m: 1000
[37mMETRICS[39m [18:07:46]: [36m🔄 QUEUE | User added to queue[39m
    [35mcategory[39m: "🔄 QUEUE"
    [35muserMID[39m: "user695"
    [35mposition[39m: 696
    [35mqueueSize[39m: 696
    [35mfilterLevel[39m: 1
    [35mpriority[39m: 1000
[37mMETRICS[39m [18:07:46]: [36m🔄 QUEUE | User added to queue[39m
    [35mcategory[39m: "🔄 QUEUE"
    [35muserMID[39m: "user696"
    [35mposition[39m: 697
    [35mqueueSize[39m: 697
    [35mfilterLevel[39m: 1
    [35mpriority[39m: 1000
[37mMETRICS[39m [18:07:46]: [36m🔄 QUEUE | User added to queue[39m
    [35mcategory[39m: "🔄 QUEUE"
    [35muserMID[39m: "user697"
    [35mposition[39m: 698
    [35mqueueSize[39m: 698
    [35mfilterLevel[39m: 1
    [35mpriority[39m: 1000
[37mMETRICS[39m [18:07:46]: [36m🔄 QUEUE | User added to queue[39m
    [35mcategory[39m: "🔄 QUEUE"
    [35muserMID[39m: "user698"
    [35mposition[39m: 699
    [35mqueueSize[39m: 699
    [35mfilterLevel[39m: 1
    [35mpriority[39m: 1000
[37mMETRICS[39m [18:07:46]: [36m🔄 QUEUE | User added to queue[39m
    [35mcategory[39m: "🔄 QUEUE"
    [35muserMID[39m: "user699"
    [35mposition[39m: 700
    [35mqueueSize[39m: 700
    [35mfilterLevel[39m: 1
    [35mpriority[39m: 1000
[37mMETRICS[39m [18:07:46]: [36m🔄 QUEUE | User added to queue[39m
    [35mcategory[39m: "🔄 QUEUE"
    [35muserMID[39m: "user700"
    [35mposition[39m: 701
    [35mqueueSize[39m: 701
    [35mfilterLevel[39m: 1
    [35mpriority[39m: 1000
[37mMETRICS[39m [18:07:46]: [36m🔄 QUEUE | User added to queue[39m
    [35mcategory[39m: "🔄 QUEUE"
    [35muserMID[39m: "user701"
    [35mposition[39m: 702
    [35mqueueSize[39m: 702
    [35mfilterLevel[39m: 1
    [35mpriority[39m: 1000
[37mMETRICS[39m [18:07:46]: [36m🔄 QUEUE | User added to queue[39m
    [35mcategory[39m: "🔄 QUEUE"
    [35muserMID[39m: "user702"
    [35mposition[39m: 703
    [35mqueueSize[39m: 703
    [35mfilterLevel[39m: 1
    [35mpriority[39m: 1000
[37mMETRICS[39m [18:07:46]: [36m🔄 QUEUE | User added to queue[39m
    [35mcategory[39m: "🔄 QUEUE"
    [35muserMID[39m: "user703"
    [35mposition[39m: 704
    [35mqueueSize[39m: 704
    [35mfilterLevel[39m: 1
    [35mpriority[39m: 1000
[37mMETRICS[39m [18:07:46]: [36m🔄 QUEUE | User added to queue[39m
    [35mcategory[39m: "🔄 QUEUE"
    [35muserMID[39m: "user704"
    [35mposition[39m: 705
    [35mqueueSize[39m: 705
    [35mfilterLevel[39m: 1
    [35mpriority[39m: 1000
[37mMETRICS[39m [18:07:46]: [36m🔄 QUEUE | User added to queue[39m
    [35mcategory[39m: "🔄 QUEUE"
    [35muserMID[39m: "user705"
    [35mposition[39m: 6
    [35mqueueSize[39m: 706
    [35mfilterLevel[39m: 1
    [35mpriority[39m: 1001
[37mMETRICS[39m [18:07:46]: [36m🔄 QUEUE | User added to queue[39m
    [35mcategory[39m: "🔄 QUEUE"
    [35muserMID[39m: "user706"
    [35mposition[39m: 707
    [35mqueueSize[39m: 707
    [35mfilterLevel[39m: 1
    [35mpriority[39m: 1000
[37mMETRICS[39m [18:07:46]: [36m🔄 QUEUE | User added to queue[39m
    [35mcategory[39m: "🔄 QUEUE"
    [35muserMID[39m: "user707"
    [35mposition[39m: 708
    [35mqueueSize[39m: 708
    [35mfilterLevel[39m: 1
    [35mpriority[39m: 1000
[37mMETRICS[39m [18:07:46]: [36m🔄 QUEUE | User added to queue[39m
    [35mcategory[39m: "🔄 QUEUE"
    [35muserMID[39m: "user708"
    [35mposition[39m: 709
    [35mqueueSize[39m: 709
    [35mfilterLevel[39m: 1
    [35mpriority[39m: 1000
[37mMETRICS[39m [18:07:46]: [36m🔄 QUEUE | User added to queue[39m
    [35mcategory[39m: "🔄 QUEUE"
    [35muserMID[39m: "user709"
    [35mposition[39m: 710
    [35mqueueSize[39m: 710
    [35mfilterLevel[39m: 1
    [35mpriority[39m: 1000
[37mMETRICS[39m [18:07:46]: [36m🔄 QUEUE | User added to queue[39m
    [35mcategory[39m: "🔄 QUEUE"
    [35muserMID[39m: "user710"
    [35mposition[39m: 711
    [35mqueueSize[39m: 711
    [35mfilterLevel[39m: 1
    [35mpriority[39m: 1000
[37mMETRICS[39m [18:07:46]: [36m🔄 QUEUE | User added to queue[39m
    [35mcategory[39m: "🔄 QUEUE"
    [35muserMID[39m: "user711"
    [35mposition[39m: 712
    [35mqueueSize[39m: 712
    [35mfilterLevel[39m: 1
    [35mpriority[39m: 1000
[37mMETRICS[39m [18:07:46]: [36m🔄 QUEUE | User added to queue[39m
    [35mcategory[39m: "🔄 QUEUE"
    [35muserMID[39m: "user712"
    [35mposition[39m: 713
    [35mqueueSize[39m: 713
    [35mfilterLevel[39m: 1
    [35mpriority[39m: 1000
[37mMETRICS[39m [18:07:46]: [36m🔄 QUEUE | User added to queue[39m
    [35mcategory[39m: "🔄 QUEUE"
    [35muserMID[39m: "user713"
    [35mposition[39m: 714
    [35mqueueSize[39m: 714
    [35mfilterLevel[39m: 1
    [35mpriority[39m: 1000
[37mMETRICS[39m [18:07:46]: [36m🔄 QUEUE | User added to queue[39m
    [35mcategory[39m: "🔄 QUEUE"
    [35muserMID[39m: "user714"
    [35mposition[39m: 715
    [35mqueueSize[39m: 715
    [35mfilterLevel[39m: 1
    [35mpriority[39m: 1000
[37mMETRICS[39m [18:07:46]: [36m🔄 QUEUE | User added to queue[39m
    [35mcategory[39m: "🔄 QUEUE"
    [35muserMID[39m: "user715"
    [35mposition[39m: 716
    [35mqueueSize[39m: 716
    [35mfilterLevel[39m: 1
    [35mpriority[39m: 1000
    matchUsers() - Level 3
[37mMETRICS[39m [18:07:46]: [36m🔄 QUEUE | User added to queue[39m
    [35mcategory[39m: "🔄 QUEUE"
    [35muserMID[39m: "user716"
    [35mposition[39m: 717
    [35mqueueSize[39m: 717
    [35mfilterLevel[39m: 1
    [35mpriority[39m: 1000
      20) should match any two users
[37mMETRICS[39m [18:07:46]: [36m🔄 QUEUE | User added to queue[39m
    [35mcategory[39m: "🔄 QUEUE"
    [35muserMID[39m: "user717"
    [35mposition[39m: 718
    [35mqueueSize[39m: 718
    [35mfilterLevel[39m: 1
    [35mpriority[39m: 1000
[37mMETRICS[39m [18:07:46]: [36m🔄 QUEUE | User added to queue[39m
    [35mcategory[39m: "🔄 QUEUE"
    [35muserMID[39m: "user718"
    [35mposition[39m: 719
    [35mqueueSize[39m: 719
    [35mfilterLevel[39m: 1
    [35mpriority[39m: 1000
[37mMETRICS[39m [18:07:46]: [36m🔄 QUEUE | User added to queue[39m
    [35mcategory[39m: "🔄 QUEUE"
    [35muserMID[39m: "user719"
    [35mposition[39m: 720
    [35mqueueSize[39m: 720
    [35mfilterLevel[39m: 1
    [35mpriority[39m: 1000
[37mMETRICS[39m [18:07:46]: [36m🔄 QUEUE | User added to queue[39m
    [35mcategory[39m: "🔄 QUEUE"
    [35muserMID[39m: "user720"
    [35mposition[39m: 721
    [35mqueueSize[39m: 721
    [35mfilterLevel[39m: 1
    [35mpriority[39m: 1000
[37mMETRICS[39m [18:07:46]: [36m🔄 QUEUE | User added to queue[39m
    [35mcategory[39m: "🔄 QUEUE"
    [35muserMID[39m: "user721"
    [35mposition[39m: 722
    [35mqueueSize[39m: 722
    [35mfilterLevel[39m: 1
    [35mpriority[39m: 1000
[37mMETRICS[39m [18:07:46]: [36m🔄 QUEUE | User added to queue[39m
    [35mcategory[39m: "🔄 QUEUE"
    [35muserMID[39m: "user722"
    [35mposition[39m: 723
    [35mqueueSize[39m: 723
    [35mfilterLevel[39m: 1
    [35mpriority[39m: 1000
[37mMETRICS[39m [18:07:46]: [36m🔄 QUEUE | User added to queue[39m
    [35mcategory[39m: "🔄 QUEUE"
    [35muserMID[39m: "user723"
    [35mposition[39m: 724
    [35mqueueSize[39m: 724
    [35mfilterLevel[39m: 1
    [35mpriority[39m: 1000
[37mMETRICS[39m [18:07:46]: [36m🔄 QUEUE | User added to queue[39m
    [35mcategory[39m: "🔄 QUEUE"
    [35muserMID[39m: "user724"
    [35mposition[39m: 725
    [35mqueueSize[39m: 725
    [35mfilterLevel[39m: 1
    [35mpriority[39m: 1000
[37mMETRICS[39m [18:07:46]: [36m🔄 QUEUE | User added to queue[39m
    [35mcategory[39m: "🔄 QUEUE"
    [35muserMID[39m: "user725"
    [35mposition[39m: 726
    [35mqueueSize[39m: 726
    [35mfilterLevel[39m: 1
    [35mpriority[39m: 1000
[37mMETRICS[39m [18:07:46]: [36m🔄 QUEUE | User added to queue[39m
    [35mcategory[39m: "🔄 QUEUE"
    [35muserMID[39m: "user726"
    [35mposition[39m: 727
    [35mqueueSize[39m: 727
    [35mfilterLevel[39m: 1
    [35mpriority[39m: 1000
[37mMETRICS[39m [18:07:46]: [36m🔄 QUEUE | User added to queue[39m
    [35mcategory[39m: "🔄 QUEUE"
    [35muserMID[39m: "user727"
    [35mposition[39m: 728
    [35mqueueSize[39m: 728
    [35mfilterLevel[39m: 1
    [35mpriority[39m: 1000
[37mMETRICS[39m [18:07:46]: [36m🔄 QUEUE | User added to queue[39m
    [35mcategory[39m: "🔄 QUEUE"
    [35muserMID[39m: "user728"
    [35mposition[39m: 729
    [35mqueueSize[39m: 729
    [35mfilterLevel[39m: 1
    [35mpriority[39m: 1000
[37mMETRICS[39m [18:07:46]: [36m🔄 QUEUE | User added to queue[39m
    [35mcategory[39m: "🔄 QUEUE"
    [35muserMID[39m: "user729"
    [35mposition[39m: 730
    [35mqueueSize[39m: 730
    [35mfilterLevel[39m: 1
    [35mpriority[39m: 1000
[37mMETRICS[39m [18:07:46]: [36m🔄 QUEUE | User added to queue[39m
    [35mcategory[39m: "🔄 QUEUE"
    [35muserMID[39m: "user730"
    [35mposition[39m: 731
    [35mqueueSize[39m: 731
    [35mfilterLevel[39m: 1
    [35mpriority[39m: 1000
[37mMETRICS[39m [18:07:46]: [36m🔄 QUEUE | User added to queue[39m
    [35mcategory[39m: "🔄 QUEUE"
    [35muserMID[39m: "user731"
    [35mposition[39m: 732
    [35mqueueSize[39m: 732
    [35mfilterLevel[39m: 1
    [35mpriority[39m: 1000
[37mMETRICS[39m [18:07:46]: [36m🔄 QUEUE | User added to queue[39m
    [35mcategory[39m: "🔄 QUEUE"
    [35muserMID[39m: "user732"
    [35mposition[39m: 733
    [35mqueueSize[39m: 733
    [35mfilterLevel[39m: 1
    [35mpriority[39m: 1000
[37mMETRICS[39m [18:07:46]: [36m🔄 QUEUE | User added to queue[39m
    [35mcategory[39m: "🔄 QUEUE"
    [35muserMID[39m: "user733"
    [35mposition[39m: 734
    [35mqueueSize[39m: 734
    [35mfilterLevel[39m: 1
    [35mpriority[39m: 1000
[37mMETRICS[39m [18:07:46]: [36m🔄 QUEUE | User added to queue[39m
    [35mcategory[39m: "🔄 QUEUE"
    [35muserMID[39m: "user734"
    [35mposition[39m: 735
    [35mqueueSize[39m: 735
    [35mfilterLevel[39m: 1
    [35mpriority[39m: 1000
[37mMETRICS[39m [18:07:46]: [36m🔄 QUEUE | User added to queue[39m
    [35mcategory[39m: "🔄 QUEUE"
    [35muserMID[39m: "user735"
    [35mposition[39m: 7
    [35mqueueSize[39m: 736
    [35mfilterLevel[39m: 1
    [35mpriority[39m: 1001
[37mMETRICS[39m [18:07:46]: [36m🔄 QUEUE | User added to queue[39m
    [35mcategory[39m: "🔄 QUEUE"
    [35muserMID[39m: "user736"
    [35mposition[39m: 737
    [35mqueueSize[39m: 737
    [35mfilterLevel[39m: 1
    [35mpriority[39m: 1000
[37mMETRICS[39m [18:07:46]: [36m🔄 QUEUE | User added to queue[39m
    [35mcategory[39m: "🔄 QUEUE"
    [35muserMID[39m: "user737"
    [35mposition[39m: 738
    [35mqueueSize[39m: 738
    [35mfilterLevel[39m: 1
    [35mpriority[39m: 1000
[37mMETRICS[39m [18:07:46]: [36m🔄 QUEUE | User added to queue[39m
    [35mcategory[39m: "🔄 QUEUE"
    [35muserMID[39m: "user738"
    [35mposition[39m: 739
    [35mqueueSize[39m: 739
    [35mfilterLevel[39m: 1
    [35mpriority[39m: 1000
[37mMETRICS[39m [18:07:46]: [36m🔄 QUEUE | User added to queue[39m
    [35mcategory[39m: "🔄 QUEUE"
    [35muserMID[39m: "user739"
    [35mposition[39m: 740
    [35mqueueSize[39m: 740
    [35mfilterLevel[39m: 1
    [35mpriority[39m: 1000
[37mMETRICS[39m [18:07:46]: [36m🔄 QUEUE | User added to queue[39m
    [35mcategory[39m: "🔄 QUEUE"
    [35muserMID[39m: "user740"
    [35mposition[39m: 741
    [35mqueueSize[39m: 741
    [35mfilterLevel[39m: 1
    [35mpriority[39m: 1000
[37mMETRICS[39m [18:07:46]: [36m🔄 QUEUE | User added to queue[39m
    [35mcategory[39m: "🔄 QUEUE"
    [35muserMID[39m: "user741"
    [35mposition[39m: 742
    [35mqueueSize[39m: 742
    [35mfilterLevel[39m: 1
    [35mpriority[39m: 1000
[37mMETRICS[39m [18:07:46]: [36m🔄 QUEUE | User added to queue[39m
    [35mcategory[39m: "🔄 QUEUE"
    [35muserMID[39m: "user742"
    [35mposition[39m: 743
    [35mqueueSize[39m: 743
    [35mfilterLevel[39m: 1
    [35mpriority[39m: 1000
[37mMETRICS[39m [18:07:46]: [36m🔄 QUEUE | User added to queue[39m
    [35mcategory[39m: "🔄 QUEUE"
    [35muserMID[39m: "user743"
    [35mposition[39m: 744
    [35mqueueSize[39m: 744
    [35mfilterLevel[39m: 1
    [35mpriority[39m: 1000
[37mMETRICS[39m [18:07:46]: [36m🔄 QUEUE | User added to queue[39m
    [35mcategory[39m: "🔄 QUEUE"
    [35muserMID[39m: "user744"
    [35mposition[39m: 745
    [35mqueueSize[39m: 745
    [35mfilterLevel[39m: 1
    [35mpriority[39m: 1000
[37mMETRICS[39m [18:07:46]: [36m🔄 QUEUE | User added to queue[39m
    [35mcategory[39m: "🔄 QUEUE"
    [35muserMID[39m: "user745"
    [35mposition[39m: 746
    [35mqueueSize[39m: 746
    [35mfilterLevel[39m: 1
    [35mpriority[39m: 1000
[37mMETRICS[39m [18:07:46]: [36m🔄 QUEUE | User added to queue[39m
    [35mcategory[39m: "🔄 QUEUE"
    [35muserMID[39m: "user746"
    [35mposition[39m: 747
    [35mqueueSize[39m: 747
    [35mfilterLevel[39m: 1
    [35mpriority[39m: 1000
[37mMETRICS[39m [18:07:46]: [36m🔄 QUEUE | User added to queue[39m
    [35mcategory[39m: "🔄 QUEUE"
    [35muserMID[39m: "user747"
    [35mposition[39m: 748
    [35mqueueSize[39m: 748
    [35mfilterLevel[39m: 1
    [35mpriority[39m: 1000
[37mMETRICS[39m [18:07:46]: [36m🔄 QUEUE | User added to queue[39m
    [35mcategory[39m: "🔄 QUEUE"
    [35muserMID[39m: "user748"
    [35mposition[39m: 749
    [35mqueueSize[39m: 749
    [35mfilterLevel[39m: 1
    [35mpriority[39m: 1000
[37mMETRICS[39m [18:07:46]: [36m🔄 QUEUE | User added to queue[39m
    [35mcategory[39m: "🔄 QUEUE"
    [35muserMID[39m: "user749"
    [35mposition[39m: 750
    [35mqueueSize[39m: 750
    [35mfilterLevel[39m: 1
    [35mpriority[39m: 1000
[37mMETRICS[39m [18:07:46]: [36m🔄 QUEUE | User added to queue[39m
    [35mcategory[39m: "🔄 QUEUE"
    [35muserMID[39m: "user750"
    [35mposition[39m: 751
    [35mqueueSize[39m: 751
    [35mfilterLevel[39m: 1
    [35mpriority[39m: 1000
[37mMETRICS[39m [18:07:46]: [36m🔄 QUEUE | User added to queue[39m
    [35mcategory[39m: "🔄 QUEUE"
    [35muserMID[39m: "user751"
    [35mposition[39m: 752
    [35mqueueSize[39m: 752
    [35mfilterLevel[39m: 1
    [35mpriority[39m: 1000
[37mMETRICS[39m [18:07:46]: [36m🔄 QUEUE | User added to queue[39m
    [35mcategory[39m: "🔄 QUEUE"
    [35muserMID[39m: "user752"
    [35mposition[39m: 753
    [35mqueueSize[39m: 753
    [35mfilterLevel[39m: 1
    [35mpriority[39m: 1000
[37mMETRICS[39m [18:07:46]: [36m🔄 QUEUE | User added to queue[39m
    [35mcategory[39m: "🔄 QUEUE"
    [35muserMID[39m: "user753"
    [35mposition[39m: 754
    [35mqueueSize[39m: 754
    [35mfilterLevel[39m: 1
    [35mpriority[39m: 1000
[37mMETRICS[39m [18:07:46]: [36m🔄 QUEUE | User added to queue[39m
    [35mcategory[39m: "🔄 QUEUE"
    [35muserMID[39m: "user754"
    [35mposition[39m: 755
    [35mqueueSize[39m: 755
    [35mfilterLevel[39m: 1
    [35mpriority[39m: 1000
[37mMETRICS[39m [18:07:46]: [36m🔄 QUEUE | User added to queue[39m
    [35mcategory[39m: "🔄 QUEUE"
    [35muserMID[39m: "user755"
    [35mposition[39m: 756
    [35mqueueSize[39m: 756
    [35mfilterLevel[39m: 1
    [35mpriority[39m: 1000
[37mMETRICS[39m [18:07:46]: [36m🔄 QUEUE | User added to queue[39m
    [35mcategory[39m: "🔄 QUEUE"
    [35muserMID[39m: "user756"
    [35mposition[39m: 757
    [35mqueueSize[39m: 757
    [35mfilterLevel[39m: 1
    [35mpriority[39m: 1000
[37mMETRICS[39m [18:07:46]: [36m🔄 QUEUE | User added to queue[39m
    [35mcategory[39m: "🔄 QUEUE"
    [35muserMID[39m: "user757"
    [35mposition[39m: 758
    [35mqueueSize[39m: 758
    [35mfilterLevel[39m: 1
    [35mpriority[39m: 1000
[37mMETRICS[39m [18:07:46]: [36m🔄 QUEUE | User added to queue[39m
    [35mcategory[39m: "🔄 QUEUE"
    [35muserMID[39m: "user758"
    [35mposition[39m: 759
    [35mqueueSize[39m: 759
    [35mfilterLevel[39m: 1
    [35mpriority[39m: 1000
[37mMETRICS[39m [18:07:46]: [36m🔄 QUEUE | User added to queue[39m
    [35mcategory[39m: "🔄 QUEUE"
    [35muserMID[39m: "user759"
    [35mposition[39m: 760
    [35mqueueSize[39m: 760
    [35mfilterLevel[39m: 1
    [35mpriority[39m: 1000
[37mMETRICS[39m [18:07:46]: [36m🔄 QUEUE | User added to queue[39m
    [35mcategory[39m: "🔄 QUEUE"
    [35muserMID[39m: "user760"
    [35mposition[39m: 761
    [35mqueueSize[39m: 761
    [35mfilterLevel[39m: 1
    [35mpriority[39m: 1000
[37mMETRICS[39m [18:07:46]: [36m🔄 QUEUE | User added to queue[39m
    [35mcategory[39m: "🔄 QUEUE"
    [35muserMID[39m: "user761"
    [35mposition[39m: 762
    [35mqueueSize[39m: 762
    [35mfilterLevel[39m: 1
    [35mpriority[39m: 1000
[37mMETRICS[39m [18:07:46]: [36m🔄 QUEUE | User added to queue[39m
    [35mcategory[39m: "🔄 QUEUE"
    [35muserMID[39m: "user762"
    [35mposition[39m: 763
    [35mqueueSize[39m: 763
    [35mfilterLevel[39m: 1
    [35mpriority[39m: 1000
[37mMETRICS[39m [18:07:46]: [36m🔄 QUEUE | User added to queue[39m
    [35mcategory[39m: "🔄 QUEUE"
    [35muserMID[39m: "user763"
    [35mposition[39m: 764
    [35mqueueSize[39m: 764
    [35mfilterLevel[39m: 1
    [35mpriority[39m: 1000
[37mMETRICS[39m [18:07:46]: [36m🔄 QUEUE | User added to queue[39m
    [35mcategory[39m: "🔄 QUEUE"
    [35muserMID[39m: "user764"
    [35mposition[39m: 765
    [35mqueueSize[39m: 765
    [35mfilterLevel[39m: 1
    [35mpriority[39m: 1000
[37mMETRICS[39m [18:07:46]: [36m🔄 QUEUE | User added to queue[39m
    [35mcategory[39m: "🔄 QUEUE"
    [35muserMID[39m: "user765"
    [35mposition[39m: 766
    [35mqueueSize[39m: 766
    [35mfilterLevel[39m: 1
    [35mpriority[39m: 1000
[37mMETRICS[39m [18:07:46]: [36m🔄 QUEUE | User added to queue[39m
    [35mcategory[39m: "🔄 QUEUE"
    [35muserMID[39m: "user766"
    [35mposition[39m: 767
    [35mqueueSize[39m: 767
    [35mfilterLevel[39m: 1
    [35mpriority[39m: 1000
[37mMETRICS[39m [18:07:46]: [36m🔄 QUEUE | User added to queue[39m
    [35mcategory[39m: "🔄 QUEUE"
    [35muserMID[39m: "user767"
    [35mposition[39m: 768
    [35mqueueSize[39m: 768
    [35mfilterLevel[39m: 1
    [35mpriority[39m: 1000
[37mMETRICS[39m [18:07:46]: [36m🔄 QUEUE | User added to queue[39m
    [35mcategory[39m: "🔄 QUEUE"
    [35muserMID[39m: "user768"
    [35mposition[39m: 769
    [35mqueueSize[39m: 769
    [35mfilterLevel[39m: 1
    [35mpriority[39m: 1000
[37mMETRICS[39m [18:07:46]: [36m🔄 QUEUE | User added to queue[39m
    [35mcategory[39m: "🔄 QUEUE"
    [35muserMID[39m: "user769"
    [35mposition[39m: 770
    [35mqueueSize[39m: 770
    [35mfilterLevel[39m: 1
    [35mpriority[39m: 1000
[37mMETRICS[39m [18:07:46]: [36m🔄 QUEUE | User added to queue[39m
    [35mcategory[39m: "🔄 QUEUE"
    [35muserMID[39m: "user770"
    [35mposition[39m: 771
    [35mqueueSize[39m: 771
    [35mfilterLevel[39m: 1
    [35mpriority[39m: 1000
[37mMETRICS[39m [18:07:46]: [36m🔄 QUEUE | User added to queue[39m
    [35mcategory[39m: "🔄 QUEUE"
    [35muserMID[39m: "user771"
    [35mposition[39m: 772
    [35mqueueSize[39m: 772
    [35mfilterLevel[39m: 1
    [35mpriority[39m: 1000
[37mMETRICS[39m [18:07:46]: [36m🔄 QUEUE | User added to queue[39m
    [35mcategory[39m: "🔄 QUEUE"
    [35muserMID[39m: "user772"
    [35mposition[39m: 773
    [35mqueueSize[39m: 773
    [35mfilterLevel[39m: 1
    [35mpriority[39m: 1000
[37mMETRICS[39m [18:07:46]: [36m🔄 QUEUE | User added to queue[39m
    [35mcategory[39m: "🔄 QUEUE"
    [35muserMID[39m: "user773"
    [35mposition[39m: 774
    [35mqueueSize[39m: 774
    [35mfilterLevel[39m: 1
    [35mpriority[39m: 1000
[37mMETRICS[39m [18:07:46]: [36m🔄 QUEUE | User added to queue[39m
    [35mcategory[39m: "🔄 QUEUE"
    [35muserMID[39m: "user774"
    [35mposition[39m: 775
    [35mqueueSize[39m: 775
    [35mfilterLevel[39m: 1
    [35mpriority[39m: 1000
[37mMETRICS[39m [18:07:46]: [36m🔄 QUEUE | User added to queue[39m
    [35mcategory[39m: "🔄 QUEUE"
    [35muserMID[39m: "user775"
    [35mposition[39m: 776
    [35mqueueSize[39m: 776
    [35mfilterLevel[39m: 1
    [35mpriority[39m: 1000
[37mMETRICS[39m [18:07:46]: [36m🔄 QUEUE | User added to queue[39m
    [35mcategory[39m: "🔄 QUEUE"
    [35muserMID[39m: "user776"
    [35mposition[39m: 777
    [35mqueueSize[39m: 777
    [35mfilterLevel[39m: 1
    [35mpriority[39m: 1000
[37mMETRICS[39m [18:07:46]: [36m🔄 QUEUE | User added to queue[39m
    [35mcategory[39m: "🔄 QUEUE"
    [35muserMID[39m: "user777"
    [35mposition[39m: 778
    [35mqueueSize[39m: 778
    [35mfilterLevel[39m: 1
    [35mpriority[39m: 1000
[37mMETRICS[39m [18:07:46]: [36m🔄 QUEUE | User added to queue[39m
    [35mcategory[39m: "🔄 QUEUE"
    [35muserMID[39m: "user778"
    [35mposition[39m: 779
    [35mqueueSize[39m: 779
    [35mfilterLevel[39m: 1
    [35mpriority[39m: 1000
[37mMETRICS[39m [18:07:46]: [36m🔄 QUEUE | User added to queue[39m
    [35mcategory[39m: "🔄 QUEUE"
    [35muserMID[39m: "user779"
    [35mposition[39m: 780
    [35mqueueSize[39m: 780
    [35mfilterLevel[39m: 1
    [35mpriority[39m: 1000
[37mMETRICS[39m [18:07:46]: [36m🔄 QUEUE | User added to queue[39m
    [35mcategory[39m: "🔄 QUEUE"
    [35muserMID[39m: "user780"
    [35mposition[39m: 781
    [35mqueueSize[39m: 781
    [35mfilterLevel[39m: 1
    [35mpriority[39m: 1000
[37mMETRICS[39m [18:07:46]: [36m🔄 QUEUE | User added to queue[39m
    [35mcategory[39m: "🔄 QUEUE"
    [35muserMID[39m: "user781"
    [35mposition[39m: 782
    [35mqueueSize[39m: 782
    [35mfilterLevel[39m: 1
    [35mpriority[39m: 1000
      21) should give higher score for gender match at level 3
    findBestMatch()
      22) should find best match from candidates
[37mMETRICS[39m [18:07:46]: [36m🔄 QUEUE | User added to queue[39m
    [35mcategory[39m: "🔄 QUEUE"
    [35muserMID[39m: "user782"
    [35mposition[39m: 783
    [35mqueueSize[39m: 783
    [35mfilterLevel[39m: 1
    [35mpriority[39m: 1000
[37mMETRICS[39m [18:07:46]: [36m🔄 QUEUE | User added to queue[39m
    [35mcategory[39m: "🔄 QUEUE"
    [35muserMID[39m: "user783"
    [35mposition[39m: 784
    [35mqueueSize[39m: 784
    [35mfilterLevel[39m: 1
    [35mpriority[39m: 1000
[37mMETRICS[39m [18:07:46]: [36m🔄 QUEUE | User added to queue[39m
    [35mcategory[39m: "🔄 QUEUE"
    [35muserMID[39m: "user784"
    [35mposition[39m: 785
    [35mqueueSize[39m: 785
    [35mfilterLevel[39m: 1
    [35mpriority[39m: 1000
[37mMETRICS[39m [18:07:46]: [36m🔄 QUEUE | User added to queue[39m
    [35mcategory[39m: "🔄 QUEUE"
    [35muserMID[39m: "user785"
    [35mposition[39m: 786
    [35mqueueSize[39m: 786
    [35mfilterLevel[39m: 1
    [35mpriority[39m: 1000
[37mMETRICS[39m [18:07:46]: [36m🔄 QUEUE | User added to queue[39m
    [35mcategory[39m: "🔄 QUEUE"
    [35muserMID[39m: "user786"
    [35mposition[39m: 787
    [35mqueueSize[39m: 787
    [35mfilterLevel[39m: 1
    [35mpriority[39m: 1000
[37mMETRICS[39m [18:07:46]: [36m🔄 QUEUE | User added to queue[39m
    [35mcategory[39m: "🔄 QUEUE"
    [35muserMID[39m: "user787"
    [35mposition[39m: 788
    [35mqueueSize[39m: 788
    [35mfilterLevel[39m: 1
    [35mpriority[39m: 1000
[37mMETRICS[39m [18:07:46]: [36m🔄 QUEUE | User added to queue[39m
    [35mcategory[39m: "🔄 QUEUE"
    [35muserMID[39m: "user788"
    [35mposition[39m: 789
    [35mqueueSize[39m: 789
    [35mfilterLevel[39m: 1
    [35mpriority[39m: 1000
[37mMETRICS[39m [18:07:46]: [36m🔄 QUEUE | User added to queue[39m
    [35mcategory[39m: "🔄 QUEUE"
    [35muserMID[39m: "user789"
    [35mposition[39m: 790
    [35mqueueSize[39m: 790
    [35mfilterLevel[39m: 1
    [35mpriority[39m: 1000
[37mMETRICS[39m [18:07:46]: [36m🔄 QUEUE | User added to queue[39m
    [35mcategory[39m: "🔄 QUEUE"
    [35muserMID[39m: "user790"
    [35mposition[39m: 791
    [35mqueueSize[39m: 791
    [35mfilterLevel[39m: 1
    [35mpriority[39m: 1000
[37mMETRICS[39m [18:07:46]: [36m🔄 QUEUE | User added to queue[39m
    [35mcategory[39m: "🔄 QUEUE"
    [35muserMID[39m: "user791"
    [35mposition[39m: 792
    [35mqueueSize[39m: 792
    [35mfilterLevel[39m: 1
    [35mpriority[39m: 1000
[37mMETRICS[39m [18:07:46]: [36m🔄 QUEUE | User added to queue[39m
    [35mcategory[39m: "🔄 QUEUE"
    [35muserMID[39m: "user792"
    [35mposition[39m: 793
    [35mqueueSize[39m: 793
    [35mfilterLevel[39m: 1
    [35mpriority[39m: 1000
[37mMETRICS[39m [18:07:46]: [36m🔄 QUEUE | User added to queue[39m
    [35mcategory[39m: "🔄 QUEUE"
    [35muserMID[39m: "user793"
    [35mposition[39m: 794
    [35mqueueSize[39m: 794
    [35mfilterLevel[39m: 1
    [35mpriority[39m: 1000
[37mMETRICS[39m [18:07:46]: [36m🔄 QUEUE | User added to queue[39m
    [35mcategory[39m: "🔄 QUEUE"
    [35muserMID[39m: "user794"
    [35mposition[39m: 795
    [35mqueueSize[39m: 795
    [35mfilterLevel[39m: 1
    [35mpriority[39m: 1000
[37mMETRICS[39m [18:07:46]: [36m🔄 QUEUE | User added to queue[39m
    [35mcategory[39m: "🔄 QUEUE"
    [35muserMID[39m: "user795"
    [35mposition[39m: 796
    [35mqueueSize[39m: 796
    [35mfilterLevel[39m: 1
    [35mpriority[39m: 1000
[37mMETRICS[39m [18:07:46]: [36m🔄 QUEUE | User added to queue[39m
    [35mcategory[39m: "🔄 QUEUE"
    [35muserMID[39m: "user796"
    [35mposition[39m: 797
    [35mqueueSize[39m: 797
    [35mfilterLevel[39m: 1
    [35mpriority[39m: 1000
[37mMETRICS[39m [18:07:46]: [36m🔄 QUEUE | User added to queue[39m
    [35mcategory[39m: "🔄 QUEUE"
    [35muserMID[39m: "user797"
    [35mposition[39m: 798
    [35mqueueSize[39m: 798
    [35mfilterLevel[39m: 1
    [35mpriority[39m: 1000
[37mMETRICS[39m [18:07:46]: [36m🔄 QUEUE | User added to queue[39m
    [35mcategory[39m: "🔄 QUEUE"
    [35muserMID[39m: "user798"
    [35mposition[39m: 799
    [35mqueueSize[39m: 799
    [35mfilterLevel[39m: 1
    [35mpriority[39m: 1000
[37mMETRICS[39m [18:07:46]: [36m🔄 QUEUE | User added to queue[39m
    [35mcategory[39m: "🔄 QUEUE"
    [35muserMID[39m: "user799"
    [35mposition[39m: 800
    [35mqueueSize[39m: 800
    [35mfilterLevel[39m: 1
    [35mpriority[39m: 1000
[37mMETRICS[39m [18:07:46]: [36m🔄 QUEUE | User added to queue[39m
    [35mcategory[39m: "🔄 QUEUE"
    [35muserMID[39m: "user800"
    [35mposition[39m: 801
    [35mqueueSize[39m: 801
    [35mfilterLevel[39m: 1
    [35mpriority[39m: 1000
[37mMETRICS[39m [18:07:46]: [36m🔄 QUEUE | User added to queue[39m
    [35mcategory[39m: "🔄 QUEUE"
    [35muserMID[39m: "user801"
    [35mposition[39m: 802
    [35mqueueSize[39m: 802
    [35mfilterLevel[39m: 1
    [35mpriority[39m: 1000
[37mMETRICS[39m [18:07:46]: [36m🔄 QUEUE | User added to queue[39m
    [35mcategory[39m: "🔄 QUEUE"
    [35muserMID[39m: "user802"
    [35mposition[39m: 803
    [35mqueueSize[39m: 803
    [35mfilterLevel[39m: 1
    [35mpriority[39m: 1000
[37mMETRICS[39m [18:07:46]: [36m🔄 QUEUE | User added to queue[39m
    [35mcategory[39m: "🔄 QUEUE"
    [35muserMID[39m: "user803"
    [35mposition[39m: 804
    [35mqueueSize[39m: 804
    [35mfilterLevel[39m: 1
    [35mpriority[39m: 1000
[37mMETRICS[39m [18:07:46]: [36m🔄 QUEUE | User added to queue[39m
    [35mcategory[39m: "🔄 QUEUE"
    [35muserMID[39m: "user804"
    [35mposition[39m: 805
    [35mqueueSize[39m: 805
    [35mfilterLevel[39m: 1
    [35mpriority[39m: 1000
[37mMETRICS[39m [18:07:46]: [36m🔄 QUEUE | User added to queue[39m
    [35mcategory[39m: "🔄 QUEUE"
    [35muserMID[39m: "user805"
    [35mposition[39m: 806
    [35mqueueSize[39m: 806
    [35mfilterLevel[39m: 1
    [35mpriority[39m: 1000
[37mMETRICS[39m [18:07:46]: [36m🔄 QUEUE | User added to queue[39m
    [35mcategory[39m: "🔄 QUEUE"
    [35muserMID[39m: "user806"
    [35mposition[39m: 807
    [35mqueueSize[39m: 807
    [35mfilterLevel[39m: 1
    [35mpriority[39m: 1000
[37mMETRICS[39m [18:07:46]: [36m🔄 QUEUE | User added to queue[39m
    [35mcategory[39m: "🔄 QUEUE"
    [35muserMID[39m: "user807"
    [35mposition[39m: 808
    [35mqueueSize[39m: 808
    [35mfilterLevel[39m: 1
    [35mpriority[39m: 1000
[37mMETRICS[39m [18:07:46]: [36m🔄 QUEUE | User added to queue[39m
    [35mcategory[39m: "🔄 QUEUE"
    [35muserMID[39m: "user808"
    [35mposition[39m: 809
    [35mqueueSize[39m: 809
    [35mfilterLevel[39m: 1
    [35mpriority[39m: 1000
[37mMETRICS[39m [18:07:46]: [36m🔄 QUEUE | User added to queue[39m
    [35mcategory[39m: "🔄 QUEUE"
    [35muserMID[39m: "user809"
    [35mposition[39m: 810
    [35mqueueSize[39m: 810
    [35mfilterLevel[39m: 1
    [35mpriority[39m: 1000
[37mMETRICS[39m [18:07:46]: [36m🔄 QUEUE | User added to queue[39m
    [35mcategory[39m: "🔄 QUEUE"
    [35muserMID[39m: "user810"
    [35mposition[39m: 811
    [35mqueueSize[39m: 811
    [35mfilterLevel[39m: 1
    [35mpriority[39m: 1000
[37mMETRICS[39m [18:07:46]: [36m🔄 QUEUE | User added to queue[39m
    [35mcategory[39m: "🔄 QUEUE"
    [35muserMID[39m: "user811"
    [35mposition[39m: 812
    [35mqueueSize[39m: 812
    [35mfilterLevel[39m: 1
    [35mpriority[39m: 1000
[37mMETRICS[39m [18:07:46]: [36m🔄 QUEUE | User added to queue[39m
    [35mcategory[39m: "🔄 QUEUE"
    [35muserMID[39m: "user812"
    [35mposition[39m: 813
    [35mqueueSize[39m: 813
    [35mfilterLevel[39m: 1
    [35mpriority[39m: 1000
[37mMETRICS[39m [18:07:46]: [36m🔄 QUEUE | User added to queue[39m
    [35mcategory[39m: "🔄 QUEUE"
    [35muserMID[39m: "user813"
    [35mposition[39m: 814
    [35mqueueSize[39m: 814
    [35mfilterLevel[39m: 1
    [35mpriority[39m: 1000
[37mMETRICS[39m [18:07:46]: [36m🔄 QUEUE | User added to queue[39m
    [35mcategory[39m: "🔄 QUEUE"
    [35muserMID[39m: "user814"
    [35mposition[39m: 815
    [35mqueueSize[39m: 815
    [35mfilterLevel[39m: 1
    [35mpriority[39m: 1000
[37mMETRICS[39m [18:07:46]: [36m🔄 QUEUE | User added to queue[39m
    [35mcategory[39m: "🔄 QUEUE"
    [35muserMID[39m: "user815"
    [35mposition[39m: 816
    [35mqueueSize[39m: 816
    [35mfilterLevel[39m: 1
    [35mpriority[39m: 1000
[37mMETRICS[39m [18:07:46]: [36m🔄 QUEUE | User added to queue[39m
    [35mcategory[39m: "🔄 QUEUE"
    [35muserMID[39m: "user816"
    [35mposition[39m: 817
    [35mqueueSize[39m: 817
    [35mfilterLevel[39m: 1
    [35mpriority[39m: 1000
[37mMETRICS[39m [18:07:46]: [36m🔄 QUEUE | User added to queue[39m
    [35mcategory[39m: "🔄 QUEUE"
    [35muserMID[39m: "user817"
    [35mposition[39m: 818
    [35mqueueSize[39m: 818
    [35mfilterLevel[39m: 1
    [35mpriority[39m: 1000
[37mMETRICS[39m [18:07:46]: [36m🔄 QUEUE | User added to queue[39m
    [35mcategory[39m: "🔄 QUEUE"
    [35muserMID[39m: "user818"
    [35mposition[39m: 819
    [35mqueueSize[39m: 819
    [35mfilterLevel[39m: 1
    [35mpriority[39m: 1000
[37mMETRICS[39m [18:07:46]: [36m🔄 QUEUE | User added to queue[39m
    [35mcategory[39m: "🔄 QUEUE"
    [35muserMID[39m: "user819"
    [35mposition[39m: 820
    [35mqueueSize[39m: 820
    [35mfilterLevel[39m: 1
    [35mpriority[39m: 1000
[37mMETRICS[39m [18:07:46]: [36m🔄 QUEUE | User added to queue[39m
    [35mcategory[39m: "🔄 QUEUE"
    [35muserMID[39m: "user820"
    [35mposition[39m: 821
    [35mqueueSize[39m: 821
    [35mfilterLevel[39m: 1
    [35mpriority[39m: 1000
[37mMETRICS[39m [18:07:46]: [36m🔄 QUEUE | User added to queue[39m
    [35mcategory[39m: "🔄 QUEUE"
    [35muserMID[39m: "user821"
    [35mposition[39m: 822
    [35mqueueSize[39m: 822
    [35mfilterLevel[39m: 1
    [35mpriority[39m: 1000
[37mMETRICS[39m [18:07:46]: [36m🔄 QUEUE | User added to queue[39m
    [35mcategory[39m: "🔄 QUEUE"
    [35muserMID[39m: "user822"
    [35mposition[39m: 823
    [35mqueueSize[39m: 823
    [35mfilterLevel[39m: 1
    [35mpriority[39m: 1000
[37mMETRICS[39m [18:07:46]: [36m🔄 QUEUE | User added to queue[39m
    [35mcategory[39m: "🔄 QUEUE"
    [35muserMID[39m: "user823"
    [35mposition[39m: 824
    [35mqueueSize[39m: 824
    [35mfilterLevel[39m: 1
    [35mpriority[39m: 1000
[37mMETRICS[39m [18:07:46]: [36m🔄 QUEUE | User added to queue[39m
    [35mcategory[39m: "🔄 QUEUE"
    [35muserMID[39m: "user824"
    [35mposition[39m: 825
    [35mqueueSize[39m: 825
    [35mfilterLevel[39m: 1
    [35mpriority[39m: 1000
[37mMETRICS[39m [18:07:46]: [36m🔄 QUEUE | User added to queue[39m
    [35mcategory[39m: "🔄 QUEUE"
    [35muserMID[39m: "user825"
    [35mposition[39m: 826
    [35mqueueSize[39m: 826
    [35mfilterLevel[39m: 1
    [35mpriority[39m: 1000
[37mMETRICS[39m [18:07:46]: [36m🔄 QUEUE | User added to queue[39m
    [35mcategory[39m: "🔄 QUEUE"
    [35muserMID[39m: "user826"
    [35mposition[39m: 827
    [35mqueueSize[39m: 827
    [35mfilterLevel[39m: 1
    [35mpriority[39m: 1000
[37mMETRICS[39m [18:07:46]: [36m🔄 QUEUE | User added to queue[39m
    [35mcategory[39m: "🔄 QUEUE"
    [35muserMID[39m: "user827"
    [35mposition[39m: 828
    [35mqueueSize[39m: 828
    [35mfilterLevel[39m: 1
    [35mpriority[39m: 1000
[37mMETRICS[39m [18:07:46]: [36m🔄 QUEUE | User added to queue[39m
    [35mcategory[39m: "🔄 QUEUE"
    [35muserMID[39m: "user828"
    [35mposition[39m: 829
    [35mqueueSize[39m: 829
    [35mfilterLevel[39m: 1
    [35mpriority[39m: 1000
[37mMETRICS[39m [18:07:46]: [36m🔄 QUEUE | User added to queue[39m
    [35mcategory[39m: "🔄 QUEUE"
    [35muserMID[39m: "user829"
    [35mposition[39m: 830
    [35mqueueSize[39m: 830
    [35mfilterLevel[39m: 1
    [35mpriority[39m: 1000
[37mMETRICS[39m [18:07:46]: [36m🔄 QUEUE | User added to queue[39m
    [35mcategory[39m: "🔄 QUEUE"
    [35muserMID[39m: "user830"
    [35mposition[39m: 831
    [35mqueueSize[39m: 831
    [35mfilterLevel[39m: 1
    [35mpriority[39m: 1000
[37mMETRICS[39m [18:07:46]: [36m🔄 QUEUE | User added to queue[39m
    [35mcategory[39m: "🔄 QUEUE"
    [35muserMID[39m: "user831"
    [35mposition[39m: 832
    [35mqueueSize[39m: 832
    [35mfilterLevel[39m: 1
    [35mpriority[39m: 1000
[37mMETRICS[39m [18:07:46]: [36m🔄 QUEUE | User added to queue[39m
    [35mcategory[39m: "🔄 QUEUE"
    [35muserMID[39m: "user832"
    [35mposition[39m: 833
    [35mqueueSize[39m: 833
    [35mfilterLevel[39m: 1
    [35mpriority[39m: 1000
[37mMETRICS[39m [18:07:46]: [36m🔄 QUEUE | User added to queue[39m
    [35mcategory[39m: "🔄 QUEUE"
    [35muserMID[39m: "user833"
    [35mposition[39m: 8
    [35mqueueSize[39m: 834
    [35mfilterLevel[39m: 1
    [35mpriority[39m: 1001
[37mMETRICS[39m [18:07:46]: [36m🔄 QUEUE | User added to queue[39m
    [35mcategory[39m: "🔄 QUEUE"
    [35muserMID[39m: "user834"
    [35mposition[39m: 835
    [35mqueueSize[39m: 835
    [35mfilterLevel[39m: 1
    [35mpriority[39m: 1000
[37mMETRICS[39m [18:07:46]: [36m🔄 QUEUE | User added to queue[39m
    [35mcategory[39m: "🔄 QUEUE"
    [35muserMID[39m: "user835"
    [35mposition[39m: 836
    [35mqueueSize[39m: 836
    [35mfilterLevel[39m: 1
    [35mpriority[39m: 1000
[37mMETRICS[39m [18:07:46]: [36m🔄 QUEUE | User added to queue[39m
    [35mcategory[39m: "🔄 QUEUE"
    [35muserMID[39m: "user836"
    [35mposition[39m: 837
    [35mqueueSize[39m: 837
    [35mfilterLevel[39m: 1
    [35mpriority[39m: 1000
[37mMETRICS[39m [18:07:46]: [36m🔄 QUEUE | User added to queue[39m
    [35mcategory[39m: "🔄 QUEUE"
    [35muserMID[39m: "user837"
    [35mposition[39m: 838
    [35mqueueSize[39m: 838
    [35mfilterLevel[39m: 1
    [35mpriority[39m: 1000
[37mMETRICS[39m [18:07:46]: [36m🔄 QUEUE | User added to queue[39m
    [35mcategory[39m: "🔄 QUEUE"
    [35muserMID[39m: "user838"
    [35mposition[39m: 839
    [35mqueueSize[39m: 839
    [35mfilterLevel[39m: 1
    [35mpriority[39m: 1000
[37mMETRICS[39m [18:07:46]: [36m🔄 QUEUE | User added to queue[39m
    [35mcategory[39m: "🔄 QUEUE"
    [35muserMID[39m: "user839"
    [35mposition[39m: 840
    [35mqueueSize[39m: 840
    [35mfilterLevel[39m: 1
    [35mpriority[39m: 1000
[37mMETRICS[39m [18:07:46]: [36m🔄 QUEUE | User added to queue[39m
    [35mcategory[39m: "🔄 QUEUE"
    [35muserMID[39m: "user840"
    [35mposition[39m: 841
    [35mqueueSize[39m: 841
    [35mfilterLevel[39m: 1
    [35mpriority[39m: 1000
[37mMETRICS[39m [18:07:46]: [36m🔄 QUEUE | User added to queue[39m
    [35mcategory[39m: "🔄 QUEUE"
    [35muserMID[39m: "user841"
    [35mposition[39m: 842
    [35mqueueSize[39m: 842
    [35mfilterLevel[39m: 1
    [35mpriority[39m: 1000
[37mMETRICS[39m [18:07:46]: [36m🔄 QUEUE | User added to queue[39m
    [35mcategory[39m: "🔄 QUEUE"
    [35muserMID[39m: "user842"
    [35mposition[39m: 843
    [35mqueueSize[39m: 843
    [35mfilterLevel[39m: 1
    [35mpriority[39m: 1000
[37mMETRICS[39m [18:07:46]: [36m🔄 QUEUE | User added to queue[39m
    [35mcategory[39m: "🔄 QUEUE"
    [35muserMID[39m: "user843"
    [35mposition[39m: 844
    [35mqueueSize[39m: 844
    [35mfilterLevel[39m: 1
    [35mpriority[39m: 1000
[37mMETRICS[39m [18:07:46]: [36m🔄 QUEUE | User added to queue[39m
    [35mcategory[39m: "🔄 QUEUE"
    [35muserMID[39m: "user844"
    [35mposition[39m: 845
    [35mqueueSize[39m: 845
    [35mfilterLevel[39m: 1
    [35mpriority[39m: 1000
[37mMETRICS[39m [18:07:46]: [36m🔄 QUEUE | User added to queue[39m
    [35mcategory[39m: "🔄 QUEUE"
    [35muserMID[39m: "user845"
    [35mposition[39m: 846
    [35mqueueSize[39m: 846
    [35mfilterLevel[39m: 1
    [35mpriority[39m: 1000
[37mMETRICS[39m [18:07:46]: [36m🔄 QUEUE | User added to queue[39m
    [35mcategory[39m: "🔄 QUEUE"
    [35muserMID[39m: "user846"
    [35mposition[39m: 847
    [35mqueueSize[39m: 847
    [35mfilterLevel[39m: 1
    [35mpriority[39m: 1000
      23) should return no match when no candidates available
      24) should return no match when no compatible candidates at level 1
      25) should find match at level 3 even with incompatible preferences
      26) should select highest scoring match
    edge cases
[37mMETRICS[39m [18:07:46]: [36m🔄 QUEUE | User added to queue[39m
    [35mcategory[39m: "🔄 QUEUE"
    [35muserMID[39m: "user847"
    [35mposition[39m: 848
    [35mqueueSize[39m: 848
    [35mfilterLevel[39m: 1
    [35mpriority[39m: 1000
[37mMETRICS[39m [18:07:46]: [36m🔄 QUEUE | User added to queue[39m
    [35mcategory[39m: "🔄 QUEUE"
    [35muserMID[39m: "user848"
    [35mposition[39m: 849
    [35mqueueSize[39m: 849
    [35mfilterLevel[39m: 1
    [35mpriority[39m: 1000
[37mMETRICS[39m [18:07:46]: [36m🔄 QUEUE | User added to queue[39m
    [35mcategory[39m: "🔄 QUEUE"
    [35muserMID[39m: "user849"
    [35mposition[39m: 850
    [35mqueueSize[39m: 850
    [35mfilterLevel[39m: 1
    [35mpriority[39m: 1000
[37mMETRICS[39m [18:07:46]: [36m🔄 QUEUE | User added to queue[39m
    [35mcategory[39m: "🔄 QUEUE"
    [35muserMID[39m: "user850"
    [35mposition[39m: 851
    [35mqueueSize[39m: 851
    [35mfilterLevel[39m: 1
    [35mpriority[39m: 1000
[37mMETRICS[39m [18:07:46]: [36m🔄 QUEUE | User added to queue[39m
    [35mcategory[39m: "🔄 QUEUE"
    [35muserMID[39m: "user851"
    [35mposition[39m: 852
    [35mqueueSize[39m: 852
    [35mfilterLevel[39m: 1
    [35mpriority[39m: 1000
[37mMETRICS[39m [18:07:46]: [36m🔄 QUEUE | User added to queue[39m
    [35mcategory[39m: "🔄 QUEUE"
    [35muserMID[39m: "user852"
    [35mposition[39m: 853
    [35mqueueSize[39m: 853
    [35mfilterLevel[39m: 1
    [35mpriority[39m: 1000
[37mMETRICS[39m [18:07:46]: [36m🔄 QUEUE | User added to queue[39m
    [35mcategory[39m: "🔄 QUEUE"
    [35muserMID[39m: "user853"
    [35mposition[39m: 854
    [35mqueueSize[39m: 854
    [35mfilterLevel[39m: 1
    [35mpriority[39m: 1000
[37mMETRICS[39m [18:07:46]: [36m🔄 QUEUE | User added to queue[39m
    [35mcategory[39m: "🔄 QUEUE"
    [35muserMID[39m: "user854"
    [35mposition[39m: 855
    [35mqueueSize[39m: 855
    [35mfilterLevel[39m: 1
    [35mpriority[39m: 1000
[37mMETRICS[39m [18:07:46]: [36m🔄 QUEUE | User added to queue[39m
    [35mcategory[39m: "🔄 QUEUE"
    [35muserMID[39m: "user855"
    [35mposition[39m: 856
    [35mqueueSize[39m: 856
    [35mfilterLevel[39m: 1
    [35mpriority[39m: 1000
[37mMETRICS[39m [18:07:46]: [36m🔄 QUEUE | User added to queue[39m
    [35mcategory[39m: "🔄 QUEUE"
    [35muserMID[39m: "user856"
    [35mposition[39m: 857
    [35mqueueSize[39m: 857
    [35mfilterLevel[39m: 1
    [35mpriority[39m: 1000
[37mMETRICS[39m [18:07:46]: [36m🔄 QUEUE | User added to queue[39m
    [35mcategory[39m: "🔄 QUEUE"
    [35muserMID[39m: "user857"
    [35mposition[39m: 9
    [35mqueueSize[39m: 858
    [35mfilterLevel[39m: 1
    [35mpriority[39m: 1001
[37mMETRICS[39m [18:07:46]: [36m🔄 QUEUE | User added to queue[39m
    [35mcategory[39m: "🔄 QUEUE"
    [35muserMID[39m: "user858"
    [35mposition[39m: 859
    [35mqueueSize[39m: 859
    [35mfilterLevel[39m: 1
    [35mpriority[39m: 1000
[37mMETRICS[39m [18:07:46]: [36m🔄 QUEUE | User added to queue[39m
    [35mcategory[39m: "🔄 QUEUE"
    [35muserMID[39m: "user859"
    [35mposition[39m: 860
    [35mqueueSize[39m: 860
    [35mfilterLevel[39m: 1
    [35mpriority[39m: 1000
[37mMETRICS[39m [18:07:46]: [36m🔄 QUEUE | User added to queue[39m
    [35mcategory[39m: "🔄 QUEUE"
    [35muserMID[39m: "user860"
    [35mposition[39m: 861
    [35mqueueSize[39m: 861
    [35mfilterLevel[39m: 1
    [35mpriority[39m: 1000
[37mMETRICS[39m [18:07:46]: [36m🔄 QUEUE | User added to queue[39m
    [35mcategory[39m: "🔄 QUEUE"
    [35muserMID[39m: "user861"
    [35mposition[39m: 862
    [35mqueueSize[39m: 862
    [35mfilterLevel[39m: 1
    [35mpriority[39m: 1000
[37mMETRICS[39m [18:07:46]: [36m🔄 QUEUE | User added to queue[39m
    [35mcategory[39m: "🔄 QUEUE"
    [35muserMID[39m: "user862"
    [35mposition[39m: 863
    [35mqueueSize[39m: 863
    [35mfilterLevel[39m: 1
    [35mpriority[39m: 1000
[37mMETRICS[39m [18:07:46]: [36m🔄 QUEUE | User added to queue[39m
    [35mcategory[39m: "🔄 QUEUE"
    [35muserMID[39m: "user863"
    [35mposition[39m: 864
    [35mqueueSize[39m: 864
    [35mfilterLevel[39m: 1
    [35mpriority[39m: 1000
[37mMETRICS[39m [18:07:46]: [36m🔄 QUEUE | User added to queue[39m
    [35mcategory[39m: "🔄 QUEUE"
    [35muserMID[39m: "user864"
    [35mposition[39m: 865
    [35mqueueSize[39m: 865
    [35mfilterLevel[39m: 1
    [35mpriority[39m: 1000
[37mMETRICS[39m [18:07:46]: [36m🔄 QUEUE | User added to queue[39m
    [35mcategory[39m: "🔄 QUEUE"
    [35muserMID[39m: "user865"
    [35mposition[39m: 866
    [35mqueueSize[39m: 866
    [35mfilterLevel[39m: 1
    [35mpriority[39m: 1000
[37mMETRICS[39m [18:07:46]: [36m🔄 QUEUE | User added to queue[39m
    [35mcategory[39m: "🔄 QUEUE"
    [35muserMID[39m: "user866"
    [35mposition[39m: 867
    [35mqueueSize[39m: 867
    [35mfilterLevel[39m: 1
    [35mpriority[39m: 1000
[37mMETRICS[39m [18:07:46]: [36m🔄 QUEUE | User added to queue[39m
    [35mcategory[39m: "🔄 QUEUE"
    [35muserMID[39m: "user867"
    [35mposition[39m: 868
    [35mqueueSize[39m: 868
    [35mfilterLevel[39m: 1
    [35mpriority[39m: 1000
[37mMETRICS[39m [18:07:46]: [36m🔄 QUEUE | User added to queue[39m
    [35mcategory[39m: "🔄 QUEUE"
    [35muserMID[39m: "user868"
    [35mposition[39m: 869
    [35mqueueSize[39m: 869
    [35mfilterLevel[39m: 1
    [35mpriority[39m: 1000
[37mMETRICS[39m [18:07:46]: [36m🔄 QUEUE | User added to queue[39m
    [35mcategory[39m: "🔄 QUEUE"
    [35muserMID[39m: "user869"
    [35mposition[39m: 870
    [35mqueueSize[39m: 870
    [35mfilterLevel[39m: 1
    [35mpriority[39m: 1000
[37mMETRICS[39m [18:07:46]: [36m🔄 QUEUE | User added to queue[39m
    [35mcategory[39m: "🔄 QUEUE"
    [35muserMID[39m: "user870"
    [35mposition[39m: 871
    [35mqueueSize[39m: 871
    [35mfilterLevel[39m: 1
    [35mpriority[39m: 1000
[37mMETRICS[39m [18:07:46]: [36m🔄 QUEUE | User added to queue[39m
    [35mcategory[39m: "🔄 QUEUE"
    [35muserMID[39m: "user871"
    [35mposition[39m: 872
    [35mqueueSize[39m: 872
    [35mfilterLevel[39m: 1
    [35mpriority[39m: 1000
[37mMETRICS[39m [18:07:46]: [36m🔄 QUEUE | User added to queue[39m
    [35mcategory[39m: "🔄 QUEUE"
    [35muserMID[39m: "user872"
    [35mposition[39m: 873
    [35mqueueSize[39m: 873
    [35mfilterLevel[39m: 1
    [35mpriority[39m: 1000
[37mMETRICS[39m [18:07:46]: [36m🔄 QUEUE | User added to queue[39m
    [35mcategory[39m: "🔄 QUEUE"
    [35muserMID[39m: "user873"
    [35mposition[39m: 874
    [35mqueueSize[39m: 874
    [35mfilterLevel[39m: 1
    [35mpriority[39m: 1000
[37mMETRICS[39m [18:07:46]: [36m🔄 QUEUE | User added to queue[39m
    [35mcategory[39m: "🔄 QUEUE"
    [35muserMID[39m: "user874"
    [35mposition[39m: 875
    [35mqueueSize[39m: 875
    [35mfilterLevel[39m: 1
    [35mpriority[39m: 1000
[37mMETRICS[39m [18:07:46]: [36m🔄 QUEUE | User added to queue[39m
    [35mcategory[39m: "🔄 QUEUE"
    [35muserMID[39m: "user875"
    [35mposition[39m: 876
    [35mqueueSize[39m: 876
    [35mfilterLevel[39m: 1
    [35mpriority[39m: 1000
[37mMETRICS[39m [18:07:46]: [36m🔄 QUEUE | User added to queue[39m
    [35mcategory[39m: "🔄 QUEUE"
    [35muserMID[39m: "user876"
    [35mposition[39m: 877
    [35mqueueSize[39m: 877
    [35mfilterLevel[39m: 1
    [35mpriority[39m: 1000
[37mMETRICS[39m [18:07:46]: [36m🔄 QUEUE | User added to queue[39m
    [35mcategory[39m: "🔄 QUEUE"
    [35muserMID[39m: "user877"
    [35mposition[39m: 878
    [35mqueueSize[39m: 878
    [35mfilterLevel[39m: 1
    [35mpriority[39m: 1000
[37mMETRICS[39m [18:07:46]: [36m🔄 QUEUE | User added to queue[39m
    [35mcategory[39m: "🔄 QUEUE"
    [35muserMID[39m: "user878"
    [35mposition[39m: 879
    [35mqueueSize[39m: 879
    [35mfilterLevel[39m: 1
    [35mpriority[39m: 1000
[37mMETRICS[39m [18:07:46]: [36m🔄 QUEUE | User added to queue[39m
    [35mcategory[39m: "🔄 QUEUE"
    [35muserMID[39m: "user879"
    [35mposition[39m: 880
    [35mqueueSize[39m: 880
    [35mfilterLevel[39m: 1
    [35mpriority[39m: 1000
[37mMETRICS[39m [18:07:46]: [36m🔄 QUEUE | User added to queue[39m
    [35mcategory[39m: "🔄 QUEUE"
    [35muserMID[39m: "user880"
    [35mposition[39m: 881
    [35mqueueSize[39m: 881
    [35mfilterLevel[39m: 1
    [35mpriority[39m: 1000
[37mMETRICS[39m [18:07:46]: [36m🔄 QUEUE | User added to queue[39m
    [35mcategory[39m: "🔄 QUEUE"
    [35muserMID[39m: "user881"
    [35mposition[39m: 882
    [35mqueueSize[39m: 882
    [35mfilterLevel[39m: 1
    [35mpriority[39m: 1000
[37mMETRICS[39m [18:07:46]: [36m🔄 QUEUE | User added to queue[39m
    [35mcategory[39m: "🔄 QUEUE"
    [35muserMID[39m: "user882"
    [35mposition[39m: 883
    [35mqueueSize[39m: 883
    [35mfilterLevel[39m: 1
    [35mpriority[39m: 1000
[37mMETRICS[39m [18:07:46]: [36m🔄 QUEUE | User added to queue[39m
    [35mcategory[39m: "🔄 QUEUE"
    [35muserMID[39m: "user883"
    [35mposition[39m: 884
    [35mqueueSize[39m: 884
    [35mfilterLevel[39m: 1
    [35mpriority[39m: 1000
[37mMETRICS[39m [18:07:46]: [36m🔄 QUEUE | User added to queue[39m
    [35mcategory[39m: "🔄 QUEUE"
    [35muserMID[39m: "user884"
    [35mposition[39m: 885
    [35mqueueSize[39m: 885
    [35mfilterLevel[39m: 1
    [35mpriority[39m: 1000
[37mMETRICS[39m [18:07:46]: [36m🔄 QUEUE | User added to queue[39m
    [35mcategory[39m: "🔄 QUEUE"
    [35muserMID[39m: "user885"
    [35mposition[39m: 886
    [35mqueueSize[39m: 886
    [35mfilterLevel[39m: 1
    [35mpriority[39m: 1000
[37mMETRICS[39m [18:07:46]: [36m🔄 QUEUE | User added to queue[39m
    [35mcategory[39m: "🔄 QUEUE"
    [35muserMID[39m: "user886"
    [35mposition[39m: 887
    [35mqueueSize[39m: 887
    [35mfilterLevel[39m: 1
    [35mpriority[39m: 1000
[37mMETRICS[39m [18:07:46]: [36m🔄 QUEUE | User added to queue[39m
    [35mcategory[39m: "🔄 QUEUE"
    [35muserMID[39m: "user887"
    [35mposition[39m: 888
    [35mqueueSize[39m: 888
    [35mfilterLevel[39m: 1
    [35mpriority[39m: 1000
[37mMETRICS[39m [18:07:46]: [36m🔄 QUEUE | User added to queue[39m
    [35mcategory[39m: "🔄 QUEUE"
    [35muserMID[39m: "user888"
    [35mposition[39m: 889
    [35mqueueSize[39m: 889
    [35mfilterLevel[39m: 1
    [35mpriority[39m: 1000
[37mMETRICS[39m [18:07:46]: [36m🔄 QUEUE | User added to queue[39m
    [35mcategory[39m: "🔄 QUEUE"
    [35muserMID[39m: "user889"
    [35mposition[39m: 890
    [35mqueueSize[39m: 890
    [35mfilterLevel[39m: 1
    [35mpriority[39m: 1000
[37mMETRICS[39m [18:07:46]: [36m🔄 QUEUE | User added to queue[39m
    [35mcategory[39m: "🔄 QUEUE"
    [35muserMID[39m: "user890"
    [35mposition[39m: 891
    [35mqueueSize[39m: 891
    [35mfilterLevel[39m: 1
    [35mpriority[39m: 1000
[37mMETRICS[39m [18:07:46]: [36m🔄 QUEUE | User added to queue[39m
    [35mcategory[39m: "🔄 QUEUE"
    [35muserMID[39m: "user891"
    [35mposition[39m: 892
    [35mqueueSize[39m: 892
    [35mfilterLevel[39m: 1
    [35mpriority[39m: 1000
[37mMETRICS[39m [18:07:46]: [36m🔄 QUEUE | User added to queue[39m
    [35mcategory[39m: "🔄 QUEUE"
    [35muserMID[39m: "user892"
    [35mposition[39m: 893
    [35mqueueSize[39m: 893
    [35mfilterLevel[39m: 1
    [35mpriority[39m: 1000
[37mMETRICS[39m [18:07:46]: [36m🔄 QUEUE | User added to queue[39m
    [35mcategory[39m: "🔄 QUEUE"
    [35muserMID[39m: "user893"
    [35mposition[39m: 894
    [35mqueueSize[39m: 894
    [35mfilterLevel[39m: 1
    [35mpriority[39m: 1000
[37mMETRICS[39m [18:07:46]: [36m🔄 QUEUE | User added to queue[39m
    [35mcategory[39m: "🔄 QUEUE"
    [35muserMID[39m: "user894"
    [35mposition[39m: 10
    [35mqueueSize[39m: 895
    [35mfilterLevel[39m: 1
    [35mpriority[39m: 1001
[37mMETRICS[39m [18:07:46]: [36m🔄 QUEUE | User added to queue[39m
    [35mcategory[39m: "🔄 QUEUE"
    [35muserMID[39m: "user895"
    [35mposition[39m: 896
    [35mqueueSize[39m: 896
    [35mfilterLevel[39m: 1
    [35mpriority[39m: 1000
[37mMETRICS[39m [18:07:46]: [36m🔄 QUEUE | User added to queue[39m
    [35mcategory[39m: "🔄 QUEUE"
    [35muserMID[39m: "user896"
    [35mposition[39m: 897
    [35mqueueSize[39m: 897
    [35mfilterLevel[39m: 1
    [35mpriority[39m: 1000
[37mMETRICS[39m [18:07:46]: [36m🔄 QUEUE | User added to queue[39m
    [35mcategory[39m: "🔄 QUEUE"
    [35muserMID[39m: "user897"
    [35mposition[39m: 898
    [35mqueueSize[39m: 898
    [35mfilterLevel[39m: 1
    [35mpriority[39m: 1000
[37mMETRICS[39m [18:07:46]: [36m🔄 QUEUE | User added to queue[39m
    [35mcategory[39m: "🔄 QUEUE"
    [35muserMID[39m: "user898"
    [35mposition[39m: 899
    [35mqueueSize[39m: 899
    [35mfilterLevel[39m: 1
    [35mpriority[39m: 1000
[37mMETRICS[39m [18:07:46]: [36m🔄 QUEUE | User added to queue[39m
    [35mcategory[39m: "🔄 QUEUE"
    [35muserMID[39m: "user899"
    [35mposition[39m: 900
    [35mqueueSize[39m: 900
    [35mfilterLevel[39m: 1
    [35mpriority[39m: 1000
[37mMETRICS[39m [18:07:46]: [36m🔄 QUEUE | User added to queue[39m
    [35mcategory[39m: "🔄 QUEUE"
    [35muserMID[39m: "user900"
    [35mposition[39m: 901
    [35mqueueSize[39m: 901
    [35mfilterLevel[39m: 1
    [35mpriority[39m: 1000
[37mMETRICS[39m [18:07:46]: [36m🔄 QUEUE | User added to queue[39m
    [35mcategory[39m: "🔄 QUEUE"
    [35muserMID[39m: "user901"
    [35mposition[39m: 902
    [35mqueueSize[39m: 902
    [35mfilterLevel[39m: 1
    [35mpriority[39m: 1000
[37mMETRICS[39m [18:07:46]: [36m🔄 QUEUE | User added to queue[39m
    [35mcategory[39m: "🔄 QUEUE"
    [35muserMID[39m: "user902"
    [35mposition[39m: 903
    [35mqueueSize[39m: 903
    [35mfilterLevel[39m: 1
    [35mpriority[39m: 1000
[37mMETRICS[39m [18:07:46]: [36m🔄 QUEUE | User added to queue[39m
    [35mcategory[39m: "🔄 QUEUE"
    [35muserMID[39m: "user903"
    [35mposition[39m: 904
    [35mqueueSize[39m: 904
    [35mfilterLevel[39m: 1
    [35mpriority[39m: 1000
[37mMETRICS[39m [18:07:46]: [36m🔄 QUEUE | User added to queue[39m
    [35mcategory[39m: "🔄 QUEUE"
    [35muserMID[39m: "user904"
    [35mposition[39m: 905
    [35mqueueSize[39m: 905
    [35mfilterLevel[39m: 1
    [35mpriority[39m: 1000
[37mMETRICS[39m [18:07:46]: [36m🔄 QUEUE | User added to queue[39m
    [35mcategory[39m: "🔄 QUEUE"
    [35muserMID[39m: "user905"
    [35mposition[39m: 906
    [35mqueueSize[39m: 906
    [35mfilterLevel[39m: 1
    [35mpriority[39m: 1000
[37mMETRICS[39m [18:07:46]: [36m🔄 QUEUE | User added to queue[39m
    [35mcategory[39m: "🔄 QUEUE"
    [35muserMID[39m: "user906"
    [35mposition[39m: 907
    [35mqueueSize[39m: 907
    [35mfilterLevel[39m: 1
    [35mpriority[39m: 1000
[37mMETRICS[39m [18:07:46]: [36m🔄 QUEUE | User added to queue[39m
    [35mcategory[39m: "🔄 QUEUE"
    [35muserMID[39m: "user907"
    [35mposition[39m: 908
    [35mqueueSize[39m: 908
    [35mfilterLevel[39m: 1
    [35mpriority[39m: 1000
[37mMETRICS[39m [18:07:46]: [36m🔄 QUEUE | User added to queue[39m
    [35mcategory[39m: "🔄 QUEUE"
    [35muserMID[39m: "user908"
    [35mposition[39m: 909
    [35mqueueSize[39m: 909
    [35mfilterLevel[39m: 1
    [35mpriority[39m: 1000
[37mMETRICS[39m [18:07:46]: [36m🔄 QUEUE | User added to queue[39m
    [35mcategory[39m: "🔄 QUEUE"
    [35muserMID[39m: "user909"
    [35mposition[39m: 910
    [35mqueueSize[39m: 910
    [35mfilterLevel[39m: 1
    [35mpriority[39m: 1000
[37mMETRICS[39m [18:07:46]: [36m🔄 QUEUE | User added to queue[39m
    [35mcategory[39m: "🔄 QUEUE"
    [35muserMID[39m: "user910"
    [35mposition[39m: 911
    [35mqueueSize[39m: 911
    [35mfilterLevel[39m: 1
    [35mpriority[39m: 1000
[37mMETRICS[39m [18:07:46]: [36m🔄 QUEUE | User added to queue[39m
    [35mcategory[39m: "🔄 QUEUE"
    [35muserMID[39m: "user911"
    [35mposition[39m: 912
    [35mqueueSize[39m: 912
    [35mfilterLevel[39m: 1
    [35mpriority[39m: 1000
      27) should handle missing preferences gracefully
      ✔ should handle null preferences
      ✔ should not match user with themselves


  82 passing (7s)
  27 failing
[37mMETRICS[39m [18:07:46]: [36m🔄 QUEUE | User added to queue[39m
    [35mcategory[39m: "🔄 QUEUE"
    [35muserMID[39m: "user912"
    [35mposition[39m: 913
    [35mqueueSize[39m: 913
    [35mfilterLevel[39m: 1
    [35mpriority[39m: 1000
[37mMETRICS[39m [18:07:46]: [36m🔄 QUEUE | User added to queue[39m
    [35mcategory[39m: "🔄 QUEUE"
    [35muserMID[39m: "user913"
    [35mposition[39m: 914
    [35mqueueSize[39m: 914
    [35mfilterLevel[39m: 1
    [35mpriority[39m: 1000
[37mMETRICS[39m [18:07:46]: [36m🔄 QUEUE | User added to queue[39m
    [35mcategory[39m: "🔄 QUEUE"
    [35muserMID[39m: "user914"
    [35mposition[39m: 915
    [35mqueueSize[39m: 915
    [35mfilterLevel[39m: 1
    [35mpriority[39m: 1000
[37mMETRICS[39m [18:07:46]: [36m🔄 QUEUE | User added to queue[39m
    [35mcategory[39m: "🔄 QUEUE"
    [35muserMID[39m: "user915"
    [35mposition[39m: 916
    [35mqueueSize[39m: 916
    [35mfilterLevel[39m: 1
    [35mpriority[39m: 1000
[37mMETRICS[39m [18:07:46]: [36m🔄 QUEUE | User added to queue[39m
    [35mcategory[39m: "🔄 QUEUE"
    [35muserMID[39m: "user916"
    [35mposition[39m: 917
    [35mqueueSize[39m: 917
    [35mfilterLevel[39m: 1
    [35mpriority[39m: 1000
[37mMETRICS[39m [18:07:46]: [36m🔄 QUEUE | User added to queue[39m
    [35mcategory[39m: "🔄 QUEUE"
    [35muserMID[39m: "user917"
    [35mposition[39m: 918
    [35mqueueSize[39m: 918
    [35mfilterLevel[39m: 1
    [35mpriority[39m: 1000
[37mMETRICS[39m [18:07:46]: [36m🔄 QUEUE | User added to queue[39m
    [35mcategory[39m: "🔄 QUEUE"
    [35muserMID[39m: "user918"
    [35mposition[39m: 919
    [35mqueueSize[39m: 919
    [35mfilterLevel[39m: 1
    [35mpriority[39m: 1000
[37mMETRICS[39m [18:07:46]: [36m🔄 QUEUE | User added to queue[39m
    [35mcategory[39m: "🔄 QUEUE"
    [35muserMID[39m: "user919"
    [35mposition[39m: 920
    [35mqueueSize[39m: 920
    [35mfilterLevel[39m: 1
    [35mpriority[39m: 1000
[37mMETRICS[39m [18:07:46]: [36m🔄 QUEUE | User added to queue[39m
    [35mcategory[39m: "🔄 QUEUE"
    [35muserMID[39m: "user920"
    [35mposition[39m: 921
    [35mqueueSize[39m: 921
    [35mfilterLevel[39m: 1
    [35mpriority[39m: 1000
[37mMETRICS[39m [18:07:46]: [36m🔄 QUEUE | User added to queue[39m
    [35mcategory[39m: "🔄 QUEUE"
    [35muserMID[39m: "user921"
    [35mposition[39m: 922
    [35mqueueSize[39m: 922
    [35mfilterLevel[39m: 1
    [35mpriority[39m: 1000
[37mMETRICS[39m [18:07:46]: [36m🔄 QUEUE | User added to queue[39m
    [35mcategory[39m: "🔄 QUEUE"
    [35muserMID[39m: "user922"
    [35mposition[39m: 923
    [35mqueueSize[39m: 923
    [35mfilterLevel[39m: 1
    [35mpriority[39m: 1000
[37mMETRICS[39m [18:07:46]: [36m🔄 QUEUE | User added to queue[39m
    [35mcategory[39m: "🔄 QUEUE"
    [35muserMID[39m: "user923"
    [35mposition[39m: 924
    [35mqueueSize[39m: 924
    [35mfilterLevel[39m: 1
    [35mpriority[39m: 1000
[37mMETRICS[39m [18:07:46]: [36m🔄 QUEUE | User added to queue[39m
    [35mcategory[39m: "🔄 QUEUE"
    [35muserMID[39m: "user924"
    [35mposition[39m: 925
    [35mqueueSize[39m: 925
    [35mfilterLevel[39m: 1
    [35mpriority[39m: 1000
[37mMETRICS[39m [18:07:46]: [36m🔄 QUEUE | User added to queue[39m
    [35mcategory[39m: "🔄 QUEUE"
    [35muserMID[39m: "user925"
    [35mposition[39m: 926
    [35mqueueSize[39m: 926
    [35mfilterLevel[39m: 1
    [35mpriority[39m: 1000
[37mMETRICS[39m [18:07:46]: [36m🔄 QUEUE | User added to queue[39m
    [35mcategory[39m: "🔄 QUEUE"
    [35muserMID[39m: "user926"
    [35mposition[39m: 927
    [35mqueueSize[39m: 927
    [35mfilterLevel[39m: 1
    [35mpriority[39m: 1000
[37mMETRICS[39m [18:07:46]: [36m🔄 QUEUE | User added to queue[39m
    [35mcategory[39m: "🔄 QUEUE"
    [35muserMID[39m: "user927"
    [35mposition[39m: 928
    [35mqueueSize[39m: 928
    [35mfilterLevel[39m: 1
    [35mpriority[39m: 1000
[37mMETRICS[39m [18:07:46]: [36m🔄 QUEUE | User added to queue[39m
    [35mcategory[39m: "🔄 QUEUE"
    [35muserMID[39m: "user928"
    [35mposition[39m: 929
    [35mqueueSize[39m: 929
    [35mfilterLevel[39m: 1
    [35mpriority[39m: 1000
[37mMETRICS[39m [18:07:46]: [36m🔄 QUEUE | User added to queue[39m
    [35mcategory[39m: "🔄 QUEUE"
    [35muserMID[39m: "user929"
    [35mposition[39m: 930
    [35mqueueSize[39m: 930
    [35mfilterLevel[39m: 1
    [35mpriority[39m: 1000
[37mMETRICS[39m [18:07:46]: [36m🔄 QUEUE | User added to queue[39m
    [35mcategory[39m: "🔄 QUEUE"
    [35muserMID[39m: "user930"
    [35mposition[39m: 931
    [35mqueueSize[39m: 931
    [35mfilterLevel[39m: 1
    [35mpriority[39m: 1000
[37mMETRICS[39m [18:07:46]: [36m🔄 QUEUE | User added to queue[39m
    [35mcategory[39m: "🔄 QUEUE"
    [35muserMID[39m: "user931"
    [35mposition[39m: 932
    [35mqueueSize[39m: 932
    [35mfilterLevel[39m: 1
    [35mpriority[39m: 1000
[37mMETRICS[39m [18:07:46]: [36m🔄 QUEUE | User added to queue[39m
    [35mcategory[39m: "🔄 QUEUE"
    [35muserMID[39m: "user932"
    [35mposition[39m: 933
    [35mqueueSize[39m: 933
    [35mfilterLevel[39m: 1
    [35mpriority[39m: 1000
[37mMETRICS[39m [18:07:46]: [36m🔄 QUEUE | User added to queue[39m
    [35mcategory[39m: "🔄 QUEUE"
    [35muserMID[39m: "user933"
    [35mposition[39m: 934
    [35mqueueSize[39m: 934
    [35mfilterLevel[39m: 1
    [35mpriority[39m: 1000
[37mMETRICS[39m [18:07:46]: [36m🔄 QUEUE | User added to queue[39m
    [35mcategory[39m: "🔄 QUEUE"
    [35muserMID[39m: "user934"
    [35mposition[39m: 935
    [35mqueueSize[39m: 935
    [35mfilterLevel[39m: 1
    [35mpriority[39m: 1000
[37mMETRICS[39m [18:07:46]: [36m🔄 QUEUE | User added to queue[39m
    [35mcategory[39m: "🔄 QUEUE"
    [35muserMID[39m: "user935"
    [35mposition[39m: 936
    [35mqueueSize[39m: 936
    [35mfilterLevel[39m: 1
    [35mpriority[39m: 1000
[37mMETRICS[39m [18:07:46]: [36m🔄 QUEUE | User added to queue[39m
    [35mcategory[39m: "🔄 QUEUE"
    [35muserMID[39m: "user936"
    [35mposition[39m: 937
    [35mqueueSize[39m: 937
    [35mfilterLevel[39m: 1
    [35mpriority[39m: 1000
[37mMETRICS[39m [18:07:46]: [36m🔄 QUEUE | User added to queue[39m
    [35mcategory[39m: "🔄 QUEUE"
    [35muserMID[39m: "user937"
    [35mposition[39m: 938
    [35mqueueSize[39m: 938
    [35mfilterLevel[39m: 1
    [35mpriority[39m: 1000
[37mMETRICS[39m [18:07:46]: [36m🔄 QUEUE | User added to queue[39m
    [35mcategory[39m: "🔄 QUEUE"
    [35muserMID[39m: "user938"
    [35mposition[39m: 939
    [35mqueueSize[39m: 939
    [35mfilterLevel[39m: 1
    [35mpriority[39m: 1000
[37mMETRICS[39m [18:07:46]: [36m🔄 QUEUE | User added to queue[39m
    [35mcategory[39m: "🔄 QUEUE"
    [35muserMID[39m: "user939"
    [35mposition[39m: 940
    [35mqueueSize[39m: 940
    [35mfilterLevel[39m: 1
    [35mpriority[39m: 1000
[37mMETRICS[39m [18:07:46]: [36m🔄 QUEUE | User added to queue[39m
    [35mcategory[39m: "🔄 QUEUE"
    [35muserMID[39m: "user940"
    [35mposition[39m: 941
    [35mqueueSize[39m: 941
    [35mfilterLevel[39m: 1
    [35mpriority[39m: 1000
[37mMETRICS[39m [18:07:46]: [36m🔄 QUEUE | User added to queue[39m
    [35mcategory[39m: "🔄 QUEUE"
    [35muserMID[39m: "user941"
    [35mposition[39m: 942
    [35mqueueSize[39m: 942
    [35mfilterLevel[39m: 1
    [35mpriority[39m: 1000
[37mMETRICS[39m [18:07:46]: [36m🔄 QUEUE | User added to queue[39m
    [35mcategory[39m: "🔄 QUEUE"
    [35muserMID[39m: "user942"
    [35mposition[39m: 943
    [35mqueueSize[39m: 943
    [35mfilterLevel[39m: 1
    [35mpriority[39m: 1000
[37mMETRICS[39m [18:07:46]: [36m🔄 QUEUE | User added to queue[39m
    [35mcategory[39m: "🔄 QUEUE"
    [35muserMID[39m: "user943"
    [35mposition[39m: 944
    [35mqueueSize[39m: 944
    [35mfilterLevel[39m: 1
    [35mpriority[39m: 1000
[37mMETRICS[39m [18:07:46]: [36m🔄 QUEUE | User added to queue[39m
    [35mcategory[39m: "🔄 QUEUE"
    [35muserMID[39m: "user944"
    [35mposition[39m: 945
    [35mqueueSize[39m: 945
    [35mfilterLevel[39m: 1
    [35mpriority[39m: 1000
[37mMETRICS[39m [18:07:46]: [36m🔄 QUEUE | User added to queue[39m
    [35mcategory[39m: "🔄 QUEUE"
    [35muserMID[39m: "user945"
    [35mposition[39m: 946
    [35mqueueSize[39m: 946
    [35mfilterLevel[39m: 1
    [35mpriority[39m: 1000
[37mMETRICS[39m [18:07:46]: [36m🔄 QUEUE | User added to queue[39m
    [35mcategory[39m: "🔄 QUEUE"
    [35muserMID[39m: "user946"
    [35mposition[39m: 947
    [35mqueueSize[39m: 947
    [35mfilterLevel[39m: 1
    [35mpriority[39m: 1000
[37mMETRICS[39m [18:07:46]: [36m🔄 QUEUE | User added to queue[39m
    [35mcategory[39m: "🔄 QUEUE"
    [35muserMID[39m: "user947"
    [35mposition[39m: 948
    [35mqueueSize[39m: 948
    [35mfilterLevel[39m: 1
    [35mpriority[39m: 1000
[37mMETRICS[39m [18:07:46]: [36m🔄 QUEUE | User added to queue[39m
    [35mcategory[39m: "🔄 QUEUE"
    [35muserMID[39m: "user948"
    [35mposition[39m: 949
    [35mqueueSize[39m: 949
    [35mfilterLevel[39m: 1
    [35mpriority[39m: 1000
[37mMETRICS[39m [18:07:46]: [36m🔄 QUEUE | User added to queue[39m
    [35mcategory[39m: "🔄 QUEUE"
    [35muserMID[39m: "user949"
    [35mposition[39m: 950
    [35mqueueSize[39m: 950
    [35mfilterLevel[39m: 1
    [35mpriority[39m: 1000
[37mMETRICS[39m [18:07:46]: [36m🔄 QUEUE | User added to queue[39m
    [35mcategory[39m: "🔄 QUEUE"
    [35muserMID[39m: "user950"
    [35mposition[39m: 951
    [35mqueueSize[39m: 951
    [35mfilterLevel[39m: 1
    [35mpriority[39m: 1000
[37mMETRICS[39m [18:07:46]: [36m🔄 QUEUE | User added to queue[39m
    [35mcategory[39m: "🔄 QUEUE"
    [35muserMID[39m: "user951"
    [35mposition[39m: 952
    [35mqueueSize[39m: 952
    [35mfilterLevel[39m: 1
    [35mpriority[39m: 1000
[37mMETRICS[39m [18:07:46]: [36m🔄 QUEUE | User added to queue[39m
    [35mcategory[39m: "🔄 QUEUE"
    [35muserMID[39m: "user952"
    [35mposition[39m: 953
    [35mqueueSize[39m: 953
    [35mfilterLevel[39m: 1
    [35mpriority[39m: 1000
[37mMETRICS[39m [18:07:46]: [36m🔄 QUEUE | User added to queue[39m
    [35mcategory[39m: "🔄 QUEUE"
    [35muserMID[39m: "user953"
    [35mposition[39m: 954
    [35mqueueSize[39m: 954
    [35mfilterLevel[39m: 1
    [35mpriority[39m: 1000
[37mMETRICS[39m [18:07:46]: [36m🔄 QUEUE | User added to queue[39m
    [35mcategory[39m: "🔄 QUEUE"
    [35muserMID[39m: "user954"
    [35mposition[39m: 955
    [35mqueueSize[39m: 955
    [35mfilterLevel[39m: 1
    [35mpriority[39m: 1000
[37mMETRICS[39m [18:07:46]: [36m🔄 QUEUE | User added to queue[39m
    [35mcategory[39m: "🔄 QUEUE"
    [35muserMID[39m: "user955"
    [35mposition[39m: 956
    [35mqueueSize[39m: 956
    [35mfilterLevel[39m: 1
    [35mpriority[39m: 1000
[37mMETRICS[39m [18:07:46]: [36m🔄 QUEUE | User added to queue[39m
    [35mcategory[39m: "🔄 QUEUE"
    [35muserMID[39m: "user956"
    [35mposition[39m: 957
    [35mqueueSize[39m: 957
    [35mfilterLevel[39m: 1
    [35mpriority[39m: 1000
[37mMETRICS[39m [18:07:46]: [36m🔄 QUEUE | User added to queue[39m
    [35mcategory[39m: "🔄 QUEUE"
    [35muserMID[39m: "user957"
    [35mposition[39m: 958
    [35mqueueSize[39m: 958
    [35mfilterLevel[39m: 1
    [35mpriority[39m: 1000
[37mMETRICS[39m [18:07:46]: [36m🔄 QUEUE | User added to queue[39m
    [35mcategory[39m: "🔄 QUEUE"
    [35muserMID[39m: "user958"
    [35mposition[39m: 959
    [35mqueueSize[39m: 959
    [35mfilterLevel[39m: 1
    [35mpriority[39m: 1000
[37mMETRICS[39m [18:07:46]: [36m🔄 QUEUE | User added to queue[39m
    [35mcategory[39m: "🔄 QUEUE"
    [35muserMID[39m: "user959"
    [35mposition[39m: 960
    [35mqueueSize[39m: 960
    [35mfilterLevel[39m: 1
    [35mpriority[39m: 1000
[37mMETRICS[39m [18:07:46]: [36m🔄 QUEUE | User added to queue[39m
    [35mcategory[39m: "🔄 QUEUE"
    [35muserMID[39m: "user960"
    [35mposition[39m: 961
    [35mqueueSize[39m: 961
    [35mfilterLevel[39m: 1
    [35mpriority[39m: 1000
[37mMETRICS[39m [18:07:46]: [36m🔄 QUEUE | User added to queue[39m
    [35mcategory[39m: "🔄 QUEUE"
    [35muserMID[39m: "user961"
    [35mposition[39m: 962
    [35mqueueSize[39m: 962
    [35mfilterLevel[39m: 1
    [35mpriority[39m: 1000
[37mMETRICS[39m [18:07:46]: [36m🔄 QUEUE | User added to queue[39m
    [35mcategory[39m: "🔄 QUEUE"
    [35muserMID[39m: "user962"
    [35mposition[39m: 963
    [35mqueueSize[39m: 963
    [35mfilterLevel[39m: 1
    [35mpriority[39m: 1000
[37mMETRICS[39m [18:07:46]: [36m🔄 QUEUE | User added to queue[39m
    [35mcategory[39m: "🔄 QUEUE"
    [35muserMID[39m: "user963"
    [35mposition[39m: 964
    [35mqueueSize[39m: 964
    [35mfilterLevel[39m: 1
    [35mpriority[39m: 1000
[37mMETRICS[39m [18:07:46]: [36m🔄 QUEUE | User added to queue[39m
    [35mcategory[39m: "🔄 QUEUE"
    [35muserMID[39m: "user964"
    [35mposition[39m: 965
    [35mqueueSize[39m: 965
    [35mfilterLevel[39m: 1
    [35mpriority[39m: 1000
[37mMETRICS[39m [18:07:47]: [36m🔄 QUEUE | User added to queue[39m
    [35mcategory[39m: "🔄 QUEUE"
    [35muserMID[39m: "user965"
    [35mposition[39m: 11
    [35mqueueSize[39m: 966
    [35mfilterLevel[39m: 1
    [35mpriority[39m: 1001
[37mMETRICS[39m [18:07:47]: [36m🔄 QUEUE | User added to queue[39m
    [35mcategory[39m: "🔄 QUEUE"
    [35muserMID[39m: "user966"
    [35mposition[39m: 967
    [35mqueueSize[39m: 967
    [35mfilterLevel[39m: 1
    [35mpriority[39m: 1000
[37mMETRICS[39m [18:07:47]: [36m🔄 QUEUE | User added to queue[39m
    [35mcategory[39m: "🔄 QUEUE"
    [35muserMID[39m: "user967"
    [35mposition[39m: 968
    [35mqueueSize[39m: 968
    [35mfilterLevel[39m: 1
    [35mpriority[39m: 1000
[37mMETRICS[39m [18:07:47]: [36m🔄 QUEUE | User added to queue[39m
    [35mcategory[39m: "🔄 QUEUE"
    [35muserMID[39m: "user968"
    [35mposition[39m: 969
    [35mqueueSize[39m: 969
    [35mfilterLevel[39m: 1
    [35mpriority[39m: 1000
[37mMETRICS[39m [18:07:47]: [36m🔄 QUEUE | User added to queue[39m
    [35mcategory[39m: "🔄 QUEUE"
    [35muserMID[39m: "user969"
    [35mposition[39m: 970
    [35mqueueSize[39m: 970
    [35mfilterLevel[39m: 1
    [35mpriority[39m: 1000
[37mMETRICS[39m [18:07:47]: [36m🔄 QUEUE | User added to queue[39m
    [35mcategory[39m: "🔄 QUEUE"
    [35muserMID[39m: "user970"
    [35mposition[39m: 971
    [35mqueueSize[39m: 971
    [35mfilterLevel[39m: 1
    [35mpriority[39m: 1000
[37mMETRICS[39m [18:07:47]: [36m🔄 QUEUE | User added to queue[39m
    [35mcategory[39m: "🔄 QUEUE"
    [35muserMID[39m: "user971"
    [35mposition[39m: 972
    [35mqueueSize[39m: 972
    [35mfilterLevel[39m: 1
    [35mpriority[39m: 1000
[37mMETRICS[39m [18:07:47]: [36m🔄 QUEUE | User added to queue[39m
    [35mcategory[39m: "🔄 QUEUE"
    [35muserMID[39m: "user972"
    [35mposition[39m: 973
    [35mqueueSize[39m: 973
    [35mfilterLevel[39m: 1
    [35mpriority[39m: 1000
[37mMETRICS[39m [18:07:47]: [36m🔄 QUEUE | User added to queue[39m
    [35mcategory[39m: "🔄 QUEUE"
    [35muserMID[39m: "user973"
    [35mposition[39m: 974
    [35mqueueSize[39m: 974
    [35mfilterLevel[39m: 1
    [35mpriority[39m: 1000
[37mMETRICS[39m [18:07:47]: [36m🔄 QUEUE | User added to queue[39m
    [35mcategory[39m: "🔄 QUEUE"
    [35muserMID[39m: "user974"
    [35mposition[39m: 975
    [35mqueueSize[39m: 975
    [35mfilterLevel[39m: 1
    [35mpriority[39m: 1000
[37mMETRICS[39m [18:07:47]: [36m🔄 QUEUE | User added to queue[39m
    [35mcategory[39m: "🔄 QUEUE"
    [35muserMID[39m: "user975"
    [35mposition[39m: 976
    [35mqueueSize[39m: 976
    [35mfilterLevel[39m: 1
    [35mpriority[39m: 1000

[37mMETRICS[39m [18:07:47]: [36m🔄 QUEUE | User added to queue[39m
    [35mcategory[39m: "🔄 QUEUE"
    [35muserMID[39m: "user976"
    [35mposition[39m: 977
    [35mqueueSize[39m: 977
    [35mfilterLevel[39m: 1
    [35mpriority[39m: 1000
[37mMETRICS[39m [18:07:47]: [36m🔄 QUEUE | User added to queue[39m
    [35mcategory[39m: "🔄 QUEUE"
    [35muserMID[39m: "user977"
    [35mposition[39m: 978
    [35mqueueSize[39m: 978
    [35mfilterLevel[39m: 1
    [35mpriority[39m: 1000
[37mMETRICS[39m [18:07:47]: [36m🔄 QUEUE | User added to queue[39m
    [35mcategory[39m: "🔄 QUEUE"
    [35muserMID[39m: "user978"
    [35mposition[39m: 979
    [35mqueueSize[39m: 979
    [35mfilterLevel[39m: 1
    [35mpriority[39m: 1000
[37mMETRICS[39m [18:07:47]: [36m🔄 QUEUE | User added to queue[39m
    [35mcategory[39m: "🔄 QUEUE"
    [35muserMID[39m: "user979"
    [35mposition[39m: 980
    [35mqueueSize[39m: 980
    [35mfilterLevel[39m: 1
    [35mpriority[39m: 1000
[37mMETRICS[39m [18:07:47]: [36m🔄 QUEUE | User added to queue[39m
    [35mcategory[39m: "🔄 QUEUE"
    [35muserMID[39m: "user980"
    [35mposition[39m: 981
    [35mqueueSize[39m: 981
    [35mfilterLevel[39m: 1
    [35mpriority[39m: 1000
[37mMETRICS[39m [18:07:47]: [36m🔄 QUEUE | User added to queue[39m
    [35mcategory[39m: "🔄 QUEUE"
    [35muserMID[39m: "user981"
    [35mposition[39m: 982
    [35mqueueSize[39m: 982
    [35mfilterLevel[39m: 1
    [35mpriority[39m: 1000
[37mMETRICS[39m [18:07:47]: [36m🔄 QUEUE | User added to queue[39m
    [35mcategory[39m: "🔄 QUEUE"
    [35muserMID[39m: "user982"
    [35mposition[39m: 983
    [35mqueueSize[39m: 983
    [35mfilterLevel[39m: 1
    [35mpriority[39m: 1000
[37mMETRICS[39m [18:07:47]: [36m🔄 QUEUE | User added to queue[39m
    [35mcategory[39m: "🔄 QUEUE"
    [35muserMID[39m: "user983"
    [35mposition[39m: 984
    [35mqueueSize[39m: 984
    [35mfilterLevel[39m: 1
    [35mpriority[39m: 1000
[37mMETRICS[39m [18:07:47]: [36m🔄 QUEUE | User added to queue[39m
    [35mcategory[39m: "🔄 QUEUE"
    [35muserMID[39m: "user984"
    [35mposition[39m: 985
    [35mqueueSize[39m: 985
    [35mfilterLevel[39m: 1
    [35mpriority[39m: 1000
[37mMETRICS[39m [18:07:47]: [36m🔄 QUEUE | User added to queue[39m
    [35mcategory[39m: "🔄 QUEUE"
    [35muserMID[39m: "user985"
    [35mposition[39m: 986
    [35mqueueSize[39m: 986
    [35mfilterLevel[39m: 1
    [35mpriority[39m: 1000
[37mMETRICS[39m [18:07:47]: [36m🔄 QUEUE | User added to queue[39m
    [35mcategory[39m: "🔄 QUEUE"
    [35muserMID[39m: "user986"
    [35mposition[39m: 987
    [35mqueueSize[39m: 987
    [35mfilterLevel[39m: 1
    [35mpriority[39m: 1000
[37mMETRICS[39m [18:07:47]: [36m🔄 QUEUE | User added to queue[39m
    [35mcategory[39m: "🔄 QUEUE"
    [35muserMID[39m: "user987"
    [35mposition[39m: 988
    [35mqueueSize[39m: 988
    [35mfilterLevel[39m: 1
    [35mpriority[39m: 1000
[37mMETRICS[39m [18:07:47]: [36m🔄 QUEUE | User added to queue[39m
    [35mcategory[39m: "🔄 QUEUE"
    [35muserMID[39m: "user988"
    [35mposition[39m: 989
    [35mqueueSize[39m: 989
    [35mfilterLevel[39m: 1
    [35mpriority[39m: 1000
[37mMETRICS[39m [18:07:47]: [36m🔄 QUEUE | User added to queue[39m
    [35mcategory[39m: "🔄 QUEUE"
    [35muserMID[39m: "user989"
    [35mposition[39m: 990
    [35mqueueSize[39m: 990
    [35mfilterLevel[39m: 1
    [35mpriority[39m: 1000
[37mMETRICS[39m [18:07:47]: [36m🔄 QUEUE | User added to queue[39m
    [35mcategory[39m: "🔄 QUEUE"
    [35muserMID[39m: "user990"
    [35mposition[39m: 991
    [35mqueueSize[39m: 991
    [35mfilterLevel[39m: 1
    [35mpriority[39m: 1000
[37mMETRICS[39m [18:07:47]: [36m🔄 QUEUE | User added to queue[39m
    [35mcategory[39m: "🔄 QUEUE"
    [35muserMID[39m: "user991"
    [35mposition[39m: 992
    [35mqueueSize[39m: 992
    [35mfilterLevel[39m: 1
    [35mpriority[39m: 1000
[37mMETRICS[39m [18:07:47]: [36m🔄 QUEUE | User added to queue[39m
    [35mcategory[39m: "🔄 QUEUE"
    [35muserMID[39m: "user992"
    [35mposition[39m: 993
    [35mqueueSize[39m: 993
    [35mfilterLevel[39m: 1
    [35mpriority[39m: 1000
[37mMETRICS[39m [18:07:47]: [36m🔄 QUEUE | User added to queue[39m
    [35mcategory[39m: "🔄 QUEUE"
    [35muserMID[39m: "user993"
    [35mposition[39m: 994
    [35mqueueSize[39m: 994
    [35mfilterLevel[39m: 1
    [35mpriority[39m: 1000
[37mMETRICS[39m [18:07:47]: [36m🔄 QUEUE | User added to queue[39m
    [35mcategory[39m: "🔄 QUEUE"
    [35muserMID[39m: "user994"
    [35mposition[39m: 995
    [35mqueueSize[39m: 995
    [35mfilterLevel[39m: 1
    [35mpriority[39m: 1000
[37mMETRICS[39m [18:07:47]: [36m🔄 QUEUE | User added to queue[39m
    [35mcategory[39m: "🔄 QUEUE"
    [35muserMID[39m: "user995"
    [35mposition[39m: 996
    [35mqueueSize[39m: 996
    [35mfilterLevel[39m: 1
    [35mpriority[39m: 1000
[37mMETRICS[39m [18:07:47]: [36m🔄 QUEUE | User added to queue[39m
    [35mcategory[39m: "🔄 QUEUE"
    [35muserMID[39m: "user996"
    [35mposition[39m: 997
    [35mqueueSize[39m: 997
    [35mfilterLevel[39m: 1
    [35mpriority[39m: 1000
[37mMETRICS[39m [18:07:47]: [36m🔄 QUEUE | User added to queue[39m
    [35mcategory[39m: "🔄 QUEUE"
    [35muserMID[39m: "user997"
    [35mposition[39m: 998
    [35mqueueSize[39m: 998
    [35mfilterLevel[39m: 1
    [35mpriority[39m: 1000
[37mMETRICS[39m [18:07:47]: [36m🔄 QUEUE | User added to queue[39m
    [35mcategory[39m: "🔄 QUEUE"
    [35muserMID[39m: "user998"
    [35mposition[39m: 999
    [35mqueueSize[39m: 999
    [35mfilterLevel[39m: 1
    [35mpriority[39m: 1000
[37mMETRICS[39m [18:07:47]: [36m🔄 QUEUE | User added to queue[39m
    [35mcategory[39m: "🔄 QUEUE"
    [35muserMID[39m: "user999"
    [35mposition[39m: 1000
    [35mqueueSize[39m: 1000
    [35mfilterLevel[39m: 1
    [35mpriority[39m: 1000
  1) EnhancedPairingManager
       addToQueue()
         should emit queueStatus event after adding user:
     Error: Timeout of 5000ms exceeded. For async tests and hooks, ensure "done()" is called; if returning a Promise, ensure it resolves. (/Users/luckysolanki/Desktop/vault/WebD/startup/mym/mym-server/test/EnhancedPairingManager.test.js)
      at listOnTimeout (node:internal/timers:608:17)
      at process.processTimers (node:internal/timers:543:7)

  2) EnhancedPairingManager
       addToQueue()
         should reject invalid userId:
     AssertionError: expected 'User not found' to include 'Invalid'
      at Context.<anonymous> (test/EnhancedPairingManager.test.js:126:33)
      at process.processImmediate (node:internal/timers:505:21)

  3) EnhancedPairingManager
       removeFromQueue()
         should release lock if user was locked:

      AssertionError: expected true to be false
      + expected - actual

      -true
      +false
      
      at Context.<anonymous> (test/EnhancedPairingManager.test.js:157:51)
      at process.processImmediate (node:internal/timers:505:21)

  4) EnhancedPairingManager
       processQueue()
         should attempt pairing for compatible users:

      Uncaught AssertionError: expected false to be true
      + expected - actual

      -false
      +true
      
      at Timeout._onTimeout (test/EnhancedPairingManager.test.js:230:44)
      at listOnTimeout (node:internal/timers:608:17)
      at process.processTimers (node:internal/timers:543:7)

  5) EnhancedPairingManager
       stop()
         should clear queue on stop:

      AssertionError: expected 2 to equal +0
      + expected - actual

      -2
      +0
      
      at Context.<anonymous> (test/EnhancedPairingManager.test.js:288:39)
      at process.processImmediate (node:internal/timers:505:21)

  6) PairingLogger
       error()
         should log errors with ERROR level:

      AssertionError: expected '[object Object]' to equal 'Something went wrong'
      + expected - actual

      -[object Object]
      +Something went wrong
      
      at Context.<anonymous> (test/PairingLogger.test.js:101:32)
      at process.processImmediate (node:internal/timers:505:21)

  7) AtomicLock
       tryAcquire()
         should handle same user for both parameters:

      AssertionError: expected true to be false
      + expected - actual

      -true
      +false
      
      at Context.<anonymous> (test/atomicLock.test.js:56:27)
      at process.processImmediate (node:internal/timers:505:21)

  8) AtomicLock
       getLockedUsers()
         should return empty array when no users locked:
     AssertionError: expected Set{} to deeply equal []
      at Context.<anonymous> (test/atomicLock.test.js:105:45)
      at process.processImmediate (node:internal/timers:505:21)

  9) AtomicLock
       concurrent operations simulation
         should handle 100 concurrent lock attempts correctly:
     AssertionError: expected undefined to equal 100
      at Context.<anonymous> (test/atomicLock.test.js:133:47)
      at process.processImmediate (node:internal/timers:505:21)

  10) AtomicLock
       edge cases
         should handle empty string userIds:

      AssertionError: expected true to be false
      + expected - actual

      -true
      +false
      
      at Context.<anonymous> (test/atomicLock.test.js:154:27)
      at process.processImmediate (node:internal/timers:505:21)

  11) AtomicLock
       edge cases
         should handle null userIds gracefully:

      AssertionError: expected true to be false
      + expected - actual

      -true
      +false
      
      at Context.<anonymous> (test/atomicLock.test.js:159:27)
      at process.processImmediate (node:internal/timers:505:21)

  12) AtomicLock
       edge cases
         should handle undefined userIds gracefully:

      AssertionError: expected true to be false
      + expected - actual

      -true
      +false
      
      at Context.<anonymous> (test/atomicLock.test.js:164:27)
      at process.processImmediate (node:internal/timers:505:21)

  13) matchingAlgorithm
       calculateFilterLevel()
         should return level 3 for wait time between 30s and 45s:
     AssertionError: expected 'Searching for any available user' to include 'anyone'
      at Context.<anonymous> (test/matchingAlgorithm.test.js:31:37)
      at process.processImmediate (node:internal/timers:505:21)

  14) matchingAlgorithm
       calculateFilterLevel()
         should return level 4 for wait time >= 45s:
     AssertionError: expected 'No users available currently - Keep w…' to include 'No match found'
      at Context.<anonymous> (test/matchingAlgorithm.test.js:39:37)
      at process.processImmediate (node:internal/timers:505:21)

  15) matchingAlgorithm
       matchUsers() - Level 1
         should match users with same college and compatible genders:

      AssertionError: expected false to be true
      + expected - actual

      -false
      +true
      
      at Context.<anonymous> (test/matchingAlgorithm.test.js:73:35)
      at process.processImmediate (node:internal/timers:505:21)

  16) matchingAlgorithm
       matchUsers() - Level 1
         should match when preferredCollege is "any":

      AssertionError: expected false to be true
      + expected - actual

      -false
      +true
      
      at Context.<anonymous> (test/matchingAlgorithm.test.js:153:35)
      at process.processImmediate (node:internal/timers:505:21)

  17) matchingAlgorithm
       matchUsers() - Level 1
         should give higher score for verified users:

      AssertionError: expected +0 to be above +0
      + expected - actual


      at Context.<anonymous> (test/matchingAlgorithm.test.js:193:35)
      at process.processImmediate (node:internal/timers:505:21)

  18) matchingAlgorithm
       matchUsers() - Level 2
         should match users with compatible genders from any college:

      AssertionError: expected false to be true
      + expected - actual

      -false
      +true
      
      at Context.<anonymous> (test/matchingAlgorithm.test.js:221:35)
      at process.processImmediate (node:internal/timers:505:21)

  19) matchingAlgorithm
       matchUsers() - Level 2
         should match when preferredGender is "any":

      AssertionError: expected false to be true
      + expected - actual

      -false
      +true
      
      at Context.<anonymous> (test/matchingAlgorithm.test.js:274:35)
      at process.processImmediate (node:internal/timers:505:21)

  20) matchingAlgorithm
       matchUsers() - Level 3
         should match any two users:

      AssertionError: expected false to be true
      + expected - actual

      -false
      +true
      
      at Context.<anonymous> (test/matchingAlgorithm.test.js:302:35)
      at process.processImmediate (node:internal/timers:505:21)

  21) matchingAlgorithm
       matchUsers() - Level 3
         should give higher score for gender match at level 3:

      AssertionError: expected +0 to be above +0
      + expected - actual


      at Context.<anonymous> (test/matchingAlgorithm.test.js:340:35)
      at process.processImmediate (node:internal/timers:505:21)

  22) matchingAlgorithm
       findBestMatch()
         should find best match from candidates:
     TypeError: Cannot read properties of null (reading 'success')
      at Context.<anonymous> (test/matchingAlgorithm.test.js:382:21)
      at process.processImmediate (node:internal/timers:505:21)

  23) matchingAlgorithm
       findBestMatch()
         should return no match when no candidates available:
     TypeError: Cannot read properties of null (reading 'success')
      at Context.<anonymous> (test/matchingAlgorithm.test.js:399:21)
      at process.processImmediate (node:internal/timers:505:21)

  24) matchingAlgorithm
       findBestMatch()
         should return no match when no compatible candidates at level 1:
     TypeError: Cannot read properties of null (reading 'success')
      at Context.<anonymous> (test/matchingAlgorithm.test.js:428:21)
      at process.processImmediate (node:internal/timers:505:21)

  25) matchingAlgorithm
       findBestMatch()
         should find match at level 3 even with incompatible preferences:
     TypeError: Cannot read properties of null (reading 'success')
      at Context.<anonymous> (test/matchingAlgorithm.test.js:456:21)
      at process.processImmediate (node:internal/timers:505:21)

  26) matchingAlgorithm
       findBestMatch()
         should select highest scoring match:
     TypeError: Cannot read properties of null (reading 'success')
      at Context.<anonymous> (test/matchingAlgorithm.test.js:494:21)
      at process.processImmediate (node:internal/timers:505:21)

  27) matchingAlgorithm
       edge cases
         should handle missing preferences gracefully:

      AssertionError: expected false to be true
      + expected - actual

      -false
      +true
      
      at Context.<anonymous> (test/matchingAlgorithm.test.js:513:35)
      at process.processImmediate (node:internal/timers:505:21)



